Component: ARM Compiler 5.06 update 7 (build 960) Tool: armlink [4d3601]

==============================================================================

Section Cross References

    startup_stm32f407xx.o(STACK) refers (Special) to heapauxi.o(.text) for __use_two_region_memory
    startup_stm32f407xx.o(HEAP) refers (Special) to heapauxi.o(.text) for __use_two_region_memory
    startup_stm32f407xx.o(RESET) refers (Special) to heapauxi.o(.text) for __use_two_region_memory
    startup_stm32f407xx.o(RESET) refers to startup_stm32f407xx.o(STACK) for __initial_sp
    startup_stm32f407xx.o(RESET) refers to startup_stm32f407xx.o(.text) for Reset_Handler
    startup_stm32f407xx.o(RESET) refers to stm32f4xx_it.o(i.NMI_Handler) for NMI_Handler
    startup_stm32f407xx.o(RESET) refers to stm32f4xx_it.o(i.HardFault_Handler) for HardFault_Handler
    startup_stm32f407xx.o(RESET) refers to stm32f4xx_it.o(i.MemManage_Handler) for MemManage_Handler
    startup_stm32f407xx.o(RESET) refers to stm32f4xx_it.o(i.BusFault_Handler) for BusFault_Handler
    startup_stm32f407xx.o(RESET) refers to stm32f4xx_it.o(i.UsageFault_Handler) for UsageFault_Handler
    startup_stm32f407xx.o(RESET) refers to port.o(.emb_text) for SVC_Handler
    startup_stm32f407xx.o(RESET) refers to stm32f4xx_it.o(i.DebugMon_Handler) for DebugMon_Handler
    startup_stm32f407xx.o(RESET) refers to stm32f4xx_it.o(i.SysTick_Handler) for SysTick_Handler
    startup_stm32f407xx.o(RESET) refers to stm32f4xx_it.o(i.EXTI0_IRQHandler) for EXTI0_IRQHandler
    startup_stm32f407xx.o(RESET) refers to stm32f4xx_it.o(i.EXTI3_IRQHandler) for EXTI3_IRQHandler
    startup_stm32f407xx.o(RESET) refers to stm32f4xx_it.o(i.EXTI4_IRQHandler) for EXTI4_IRQHandler
    startup_stm32f407xx.o(RESET) refers to stm32f4xx_it.o(i.CAN1_RX0_IRQHandler) for CAN1_RX0_IRQHandler
    startup_stm32f407xx.o(RESET) refers to stm32f4xx_it.o(i.EXTI9_5_IRQHandler) for EXTI9_5_IRQHandler
    startup_stm32f407xx.o(RESET) refers to remote_control.o(i.USART3_IRQHandler) for USART3_IRQHandler
    startup_stm32f407xx.o(RESET) refers to ins_task.o(i.DMA2_Stream2_IRQHandler) for DMA2_Stream2_IRQHandler
    startup_stm32f407xx.o(RESET) refers to stm32f4xx_it.o(i.CAN2_RX0_IRQHandler) for CAN2_RX0_IRQHandler
    startup_stm32f407xx.o(.text) refers (Special) to heapauxi.o(.text) for __use_two_region_memory
    startup_stm32f407xx.o(.text) refers to system_stm32f4xx.o(i.SystemInit) for SystemInit
    startup_stm32f407xx.o(.text) refers to __main.o(!!!main) for __main
    startup_stm32f407xx.o(.text) refers to startup_stm32f407xx.o(HEAP) for Heap_Mem
    startup_stm32f407xx.o(.text) refers to startup_stm32f407xx.o(STACK) for Stack_Mem
    main.o(i.SystemClock_Config) refers to rt_memclr_w.o(.text) for __aeabi_memclr4
    main.o(i.SystemClock_Config) refers to stm32f4xx_hal_rcc.o(i.HAL_RCC_OscConfig) for HAL_RCC_OscConfig
    main.o(i.SystemClock_Config) refers to main.o(i.Error_Handler) for Error_Handler
    main.o(i.SystemClock_Config) refers to stm32f4xx_hal_rcc.o(i.HAL_RCC_ClockConfig) for HAL_RCC_ClockConfig
    main.o(i.SystemClock_Config) refers to stm32f4xx_hal_rcc_ex.o(i.HAL_RCCEx_PeriphCLKConfig) for HAL_RCCEx_PeriphCLKConfig
    main.o(i.main) refers to stm32f4xx_hal.o(i.HAL_Init) for HAL_Init
    main.o(i.main) refers to main.o(i.SystemClock_Config) for SystemClock_Config
    main.o(i.main) refers to gpio.o(i.MX_GPIO_Init) for MX_GPIO_Init
    main.o(i.main) refers to dma.o(i.MX_DMA_Init) for MX_DMA_Init
    main.o(i.main) refers to can.o(i.MX_CAN1_Init) for MX_CAN1_Init
    main.o(i.main) refers to can.o(i.MX_CAN2_Init) for MX_CAN2_Init
    main.o(i.main) refers to spi.o(i.MX_SPI1_Init) for MX_SPI1_Init
    main.o(i.main) refers to tim.o(i.MX_TIM4_Init) for MX_TIM4_Init
    main.o(i.main) refers to tim.o(i.MX_TIM5_Init) for MX_TIM5_Init
    main.o(i.main) refers to usart.o(i.MX_USART3_UART_Init) for MX_USART3_UART_Init
    main.o(i.main) refers to tim.o(i.MX_TIM8_Init) for MX_TIM8_Init
    main.o(i.main) refers to i2c.o(i.MX_I2C3_Init) for MX_I2C3_Init
    main.o(i.main) refers to rtc.o(i.MX_RTC_Init) for MX_RTC_Init
    main.o(i.main) refers to tim.o(i.MX_TIM3_Init) for MX_TIM3_Init
    main.o(i.main) refers to tim.o(i.MX_TIM10_Init) for MX_TIM10_Init
    main.o(i.main) refers to bsp_can.o(i.can_filter_init) for can_filter_init
    main.o(i.main) refers to bsp_delay.o(i.delay_init) for delay_init
    main.o(i.main) refers to calibrate_task.o(i.cali_param_init) for cali_param_init
    main.o(i.main) refers to remote_control.o(i.remote_control_init) for remote_control_init
    main.o(i.main) refers to freertos.o(i.MX_FREERTOS_Init) for MX_FREERTOS_Init
    main.o(i.main) refers to cmsis_os.o(i.osKernelStart) for osKernelStart
    gpio.o(i.MX_GPIO_Init) refers to rt_memclr_w.o(.text) for __aeabi_memclr4
    gpio.o(i.MX_GPIO_Init) refers to stm32f4xx_hal_gpio.o(i.HAL_GPIO_WritePin) for HAL_GPIO_WritePin
    gpio.o(i.MX_GPIO_Init) refers to stm32f4xx_hal_gpio.o(i.HAL_GPIO_Init) for HAL_GPIO_Init
[...]
    __rt_exit_prels_1                        0x0800025d   Thumb Code     0  rtexit2.o(.ARM.Collect$$rtexit$$00000002)
    __rt_exit_exit                           0x08000261   Thumb Code     0  rtexit2.o(.ARM.Collect$$rtexit$$00000004)
    SVC_Handler                              0x08000269   Thumb Code    28  port.o(.emb_text)
    __asm___6_port_c_39a90d8d__prvStartFirstTask 0x08000289   Thumb Code    36  port.o(.emb_text)
    __asm___6_port_c_39a90d8d__prvEnableVFP  0x080002b1   Thumb Code    16  port.o(.emb_text)
    PendSV_Handler                           0x080002c5   Thumb Code    88  port.o(.emb_text)
    vPortGetIPSR                             0x08000321   Thumb Code     6  port.o(.emb_text)
    Reset_Handler                            0x08000329   Thumb Code     8  startup_stm32f407xx.o(.text)
    ADC_IRQHandler                           0x08000343   Thumb Code     0  startup_stm32f407xx.o(.text)
    CAN1_RX1_IRQHandler                      0x08000343   Thumb Code     0  startup_stm32f407xx.o(.text)
    CAN1_SCE_IRQHandler                      0x08000343   Thumb Code     0  startup_stm32f407xx.o(.text)
    CAN1_TX_IRQHandler                       0x08000343   Thumb Code     0  startup_stm32f407xx.o(.text)
    CAN2_RX1_IRQHandler                      0x08000343   Thumb Code     0  startup_stm32f407xx.o(.text)
    CAN2_SCE_IRQHandler                      0x08000343   Thumb Code     0  startup_stm32f407xx.o(.text)
    CAN2_TX_IRQHandler                       0x08000343   Thumb Code     0  startup_stm32f407xx.o(.text)
    DCMI_IRQHandler                          0x08000343   Thumb Code     0  startup_stm32f407xx.o(.text)
    DMA1_Stream0_IRQHandler                  0x08000343   Thumb Code     0  startup_stm32f407xx.o(.text)
    DMA1_Stream1_IRQHandler                  0x08000343   Thumb Code     0  startup_stm32f407xx.o(.text)
    DMA1_Stream2_IRQHandler                  0x08000343   Thumb Code     0  startup_stm32f407xx.o(.text)
    DMA1_Stream3_IRQHandler                  0x08000343   Thumb Code     0  startup_stm32f407xx.o(.text)
    DMA1_Stream4_IRQHandler                  0x08000343   Thumb Code     0  startup_stm32f407xx.o(.text)
    DMA1_Stream5_IRQHandler                  0x08000343   Thumb Code     0  startup_stm32f407xx.o(.text)
    DMA1_Stream6_IRQHandler                  0x08000343   Thumb Code     0  startup_stm32f407xx.o(.text)
    DMA1_Stream7_IRQHandler                  0x08000343   Thumb Code     0  startup_stm32f407xx.o(.text)
    DMA2_Stream0_IRQHandler                  0x08000343   Thumb Code     0  startup_stm32f407xx.o(.text)
    DMA2_Stream1_IRQHandler                  0x08000343   Thumb Code     0  startup_stm32f407xx.o(.text)
    DMA2_Stream3_IRQHandler                  0x08000343   Thumb Code     0  startup_stm32f407xx.o(.text)
    DMA2_Stream4_IRQHandler                  0x08000343   Thumb Code     0  startup_stm32f407xx.o(.text)
    DMA2_Stream5_IRQHandler                  0x08000343   Thumb Code     0  startup_stm32f407xx.o(.text)
    DMA2_Stream6_IRQHandler                  0x08000343   Thumb Code     0  startup_stm32f407xx.o(.text)
    DMA2_Stream7_IRQHandler                  0x08000343   Thumb Code     0  startup_stm32f407xx.o(.text)
    ETH_IRQHandler                           0x08000343   Thumb Code     0  startup_stm32f407xx.o(.text)
    ETH_WKUP_IRQHandler                      0x08000343   Thumb Code     0  startup_stm32f407xx.o(.text)
    EXTI15_10_IRQHandler                     0x08000343   Thumb Code     0  startup_stm32f407xx.o(.text)
    EXTI1_IRQHandler                         0x08000343   Thumb Code     0  startup_stm32f407xx.o(.text)
    EXTI2_IRQHandler                         0x08000343   Thumb Code     0  startup_stm32f407xx.o(.text)
    FLASH_IRQHandler                         0x08000343   Thumb Code     0  startup_stm32f407xx.o(.text)
    FMC_IRQHandler                           0x08000343   Thumb Code     0  startup_stm32f407xx.o(.text)
    FPU_IRQHandler                           0x08000343   Thumb Code     0  startup_stm32f407xx.o(.text)
    HASH_RNG_IRQHandler                      0x08000343   Thumb Code     0  startup_stm32f407xx.o(.text)
    I2C1_ER_IRQHandler                       0x08000343   Thumb Code     0  startup_stm32f407xx.o(.text)
    I2C1_EV_IRQHandler                       0x08000343   Thumb Code     0  startup_stm32f407xx.o(.text)
    I2C2_ER_IRQHandler                       0x08000343   Thumb Code     0  startup_stm32f407xx.o(.text)
    I2C2_EV_IRQHandler                       0x08000343   Thumb Code     0  startup_stm32f407xx.o(.text)
    I2C3_ER_IRQHandler                       0x08000343   Thumb Code     0  startup_stm32f407xx.o(.text)
    I2C3_EV_IRQHandler                       0x08000343   Thumb Code     0  startup_stm32f407xx.o(.text)
    OTG_FS_IRQHandler                        0x08000343   Thumb Code     0  startup_stm32f407xx.o(.text)
    OTG_FS_WKUP_IRQHandler                   0x08000343   Thumb Code     0  startup_stm32f407xx.o(.text)
    OTG_HS_EP1_IN_IRQHandler                 0x08000343   Thumb Code     0  startup_stm32f407xx.o(.text)
    OTG_HS_EP1_OUT_IRQHandler                0x08000343   Thumb Code     0  startup_stm32f407xx.o(.text)
    OTG_HS_IRQHandler                        0x08000343   Thumb Code     0  startup_stm32f407xx.o(.text)
    OTG_HS_WKUP_IRQHandler                   0x08000343   Thumb Code     0  startup_stm32f407xx.o(.text)
    PVD_IRQHandler                           0x08000343   Thumb Code     0  startup_stm32f407xx.o(.text)
    RCC_IRQHandler                           0x08000343   Thumb Code     0  startup_stm32f407xx.o(.text)
    RTC_Alarm_IRQHandler                     0x08000343   Thumb Code     0  startup_stm32f407xx.o(.text)
    RTC_WKUP_IRQHandler                      0x08000343   Thumb Code     0  startup_stm32f407xx.o(.text)
    SDIO_IRQHandler                          0x08000343   Thumb Code     0  startup_stm32f407xx.o(.text)
    SPI1_IRQHandler                          0x08000343   Thumb Code     0  startup_stm32f407xx.o(.text)
    SPI2_IRQHandler                          0x08000343   Thumb Code     0  startup_stm32f407xx.o(.text)
    SPI3_IRQHandler                          0x08000343   Thumb Code     0  startup_stm32f407xx.o(.text)
    TAMP_STAMP_IRQHandler                    0x08000343   Thumb Code     0  startup_stm32f407xx.o(.text)
    TIM1_BRK_TIM9_IRQHandler                 0x08000343   Thumb Code     0  startup_stm32f407xx.o(.text)
    TIM1_CC_IRQHandler                       0x08000343   Thumb Code     0  startup_stm32f407xx.o(.text)
    TIM1_TRG_COM_TIM11_IRQHandler            0x08000343   Thumb Code     0  startup_stm32f407xx.o(.text)
    TIM1_UP_TIM10_IRQHandler                 0x08000343   Thumb Code     0  startup_stm32f407xx.o(.text)
    TIM2_IRQHandler                          0x08000343   Thumb Code     0  startup_stm32f407xx.o(.text)
    TIM3_IRQHandler                          0x08000343   Thumb Code     0  startup_stm32f407xx.o(.text)
    TIM4_IRQHandler                          0x08000343   Thumb Code     0  startup_stm32f407xx.o(.text)
    TIM5_IRQHandler                          0x08000343   Thumb Code     0  startup_stm32f407xx.o(.text)
    TIM6_DAC_IRQHandler                      0x08000343   Thumb Code     0  startup_stm32f407xx.o(.text)
    TIM7_IRQHandler                          0x08000343   Thumb Code     0  startup_stm32f407xx.o(.text)
    TIM8_BRK_TIM12_IRQHandler                0x08000343   Thumb Code     0  startup_stm32f407xx.o(.text)
    TIM8_CC_IRQHandler                       0x08000343   Thumb Code     0  startup_stm32f407xx.o(.text)
    TIM8_TRG_COM_TIM14_IRQHandler            0x08000343   Thumb Code     0  startup_stm32f407xx.o(.text)
    TIM8_UP_TIM13_IRQHandler                 0x08000343   Thumb Code     0  startup_stm32f407xx.o(.text)
    UART4_IRQHandler                         0x08000343   Thumb Code     0  startup_stm32f407xx.o(.text)
    UART5_IRQHandler                         0x08000343   Thumb Code     0  startup_stm32f407xx.o(.text)
    USART1_IRQHandler                        0x08000343   Thumb Code     0  startup_stm32f407xx.o(.text)
    USART2_IRQHandler                        0x08000343   Thumb Code     0  startup_stm32f407xx.o(.text)
    USART6_IRQHandler                        0x08000343   Thumb Code     0  startup_stm32f407xx.o(.text)
    WWDG_IRQHandler                          0x08000343   Thumb Code     0  startup_stm32f407xx.o(.text)
    __user_initial_stackheap                 0x08000345   Thumb Code     0  startup_stm32f407xx.o(.text)
    arm_sin_f32                              0x08000369   Thumb Code   104  arm_sin_f32.o(.text)
    __aeabi_uldivmod                         0x080003dd   Thumb Code     0  lludivv7m.o(.text)
    _ll_udiv                                 0x080003dd   Thumb Code   238  lludivv7m.o(.text)
    __aeabi_memcpy                           0x080004cb   Thumb Code     0  rt_memcpy_v6.o(.text)
    __rt_memcpy                              0x080004cb   Thumb Code   138  rt_memcpy_v6.o(.text)
    _memcpy_lastbytes                        0x08000531   Thumb Code     0  rt_memcpy_v6.o(.text)
    __aeabi_memcpy4                          0x08000555   Thumb Code     0  rt_memcpy_w.o(.text)
    __aeabi_memcpy8                          0x08000555   Thumb Code     0  rt_memcpy_w.o(.text)
    __rt_memcpy_w                            0x08000555   Thumb Code   100  rt_memcpy_w.o(.text)
    _memcpy_lastbytes_aligned                0x0800059d   Thumb Code     0  rt_memcpy_w.o(.text)
    __aeabi_memset                           0x080005b9   Thumb Code    16  aeabi_memset.o(.text)
    __aeabi_memclr4                          0x080005c9   Thumb Code     0  rt_memclr_w.o(.text)
    __aeabi_memclr8                          0x080005c9   Thumb Code     0  rt_memclr_w.o(.text)
    __rt_memclr_w                            0x080005c9   Thumb Code    78  rt_memclr_w.o(.text)
    _memset_w                                0x080005cd   Thumb Code     0  rt_memclr_w.o(.text)
    __use_two_region_memory                  0x08000617   Thumb Code     2  heapauxi.o(.text)
    __rt_heap_escrow$2region                 0x08000619   Thumb Code     2  heapauxi.o(.text)
    __rt_heap_expand$2region                 0x0800061b   Thumb Code     2  heapauxi.o(.text)
    __aeabi_memclr                           0x0800061d   Thumb Code     0  rt_memclr.o(.text)
    __rt_memclr                              0x0800061d   Thumb Code    68  rt_memclr.o(.text)
    _memset                                  0x08000621   Thumb Code     0  rt_memclr.o(.text)
    _fp_trap                                 0x08000661   Thumb Code    44  _fptrap.o(.text)
    __user_libspace                          0x08000691   Thumb Code     8  libspace.o(.text)
    __user_perproc_libspace                  0x08000691   Thumb Code     0  libspace.o(.text)
    __user_perthread_libspace                0x08000691   Thumb Code     0  libspace.o(.text)
    __user_setup_stackheap                   0x08000699   Thumb Code    74  sys_stackheap_outer.o(.text)
    exit                                     0x080006e3   Thumb Code    18  exit.o(.text)
    __rt_SIGFPE                              0x080006f5   Thumb Code    14  defsig_fpe_outer.o(.text)
    __sig_exit                               0x08000703   Thumb Code    10  defsig_exit.o(.text)
    __rt_SIGFPE_inner                        0x0800070d   Thumb Code    62  defsig_fpe_inner.o(.text)
    _sys_exit                                0x080007b9   Thumb Code     8  sys_exit.o(.text)
    __default_signal_display                 0x080007c5   Thumb Code    50  defsig_general.o(.text)
    _ttywrch                                 0x080007f7   Thumb Code    14  sys_wrch.o(.text)
    __I$use$semihosting                      0x08000805   Thumb Code     0  use_no_semi.o(.text)
    __use_no_semihosting_swi                 0x08000805   Thumb Code     2  use_no_semi.o(.text)
    BusFault_Handler                         0x08000807   Thumb Code     4  stm32f4xx_it.o(i.BusFault_Handler)
    __semihosting_library_function           0x08000807   Thumb Code     0  indicate_semi.o(.text)
    CAN1_RX0_IRQHandler                      0x0800080d   Thumb Code    10  stm32f4xx_it.o(i.CAN1_RX0_IRQHandler)
    CAN2_RX0_IRQHandler                      0x0800081d   Thumb Code    10  stm32f4xx_it.o(i.CAN2_RX0_IRQHandler)
    CAN_cmd_chassis                          0x0800082d   Thumb Code    68  can_receive.o(i.CAN_cmd_chassis)
    DMA2_Stream2_IRQHandler                  0x0800087d   Thumb Code  2182  ins_task.o(i.DMA2_Stream2_IRQHandler)
    DebugMon_Handler                         0x080011f3   Thumb Code     2  stm32f4xx_it.o(i.DebugMon_Handler)
    EXTI0_IRQHandler                         0x080011f5   Thumb Code    10  stm32f4xx_it.o(i.EXTI0_IRQHandler)
    EXTI3_IRQHandler                         0x080011ff   Thumb Code    10  stm32f4xx_it.o(i.EXTI3_IRQHandler)
    EXTI4_IRQHandler                         0x08001209   Thumb Code    10  stm32f4xx_it.o(i.EXTI4_IRQHandler)
    EXTI9_5_IRQHandler                       0x08001213   Thumb Code    10  stm32f4xx_it.o(i.EXTI9_5_IRQHandler)
    Error_Handler                            0x0800121d   Thumb Code     2  main.o(i.Error_Handler)
    HAL_CAN_ActivateNotification             0x0800121f   Thumb Code    42  stm32f4xx_hal_can.o(i.HAL_CAN_ActivateNotification)
    HAL_CAN_AddTxMessage                     0x08001249   Thumb Code   342  stm32f4xx_hal_can.o(i.HAL_CAN_AddTxMessage)
    HAL_CAN_ConfigFilter                     0x080013a1   Thumb Code   286  stm32f4xx_hal_can.o(i.HAL_CAN_ConfigFilter)
    HAL_CAN_ErrorCallback                    0x080014c5   Thumb Code     2  stm32f4xx_hal_can.o(i.HAL_CAN_ErrorCallback)
    HAL_CAN_GetRxMessage                     0x080014c7   Thumb Code   380  stm32f4xx_hal_can.o(i.HAL_CAN_GetRxMessage)
    HAL_CAN_IRQHandler                       0x08001643   Thumb Code   590  stm32f4xx_hal_can.o(i.HAL_CAN_IRQHandler)
    HAL_CAN_Init                             0x08001891   Thumb Code   372  stm32f4xx_hal_can.o(i.HAL_CAN_Init)
    HAL_CAN_MspInit                          0x08001a05   Thumb Code   328  can.o(i.HAL_CAN_MspInit)
    HAL_CAN_RxFifo0FullCallback              0x08001b65   Thumb Code     2  stm32f4xx_hal_can.o(i.HAL_CAN_RxFifo0FullCallback)
    HAL_CAN_RxFifo0MsgPendingCallback        0x08001b69   Thumb Code   212  can_receive.o(i.HAL_CAN_RxFifo0MsgPendingCallback)
    HAL_CAN_RxFifo1FullCallback              0x08001c45   Thumb Code     2  stm32f4xx_hal_can.o(i.HAL_CAN_RxFifo1FullCallback)
    HAL_CAN_RxFifo1MsgPendingCallback        0x08001c47   Thumb Code     2  stm32f4xx_hal_can.o(i.HAL_CAN_RxFifo1MsgPendingCallback)
    HAL_CAN_SleepCallback                    0x08001c49   Thumb Code     2  stm32f4xx_hal_can.o(i.HAL_CAN_SleepCallback)
    HAL_CAN_Start                            0x08001c4b   Thumb Code    94  stm32f4xx_hal_can.o(i.HAL_CAN_Start)
    HAL_CAN_TxMailbox0AbortCallback          0x08001ca9   Thumb Code     2  stm32f4xx_hal_can.o(i.HAL_CAN_TxMailbox0AbortCallback)
    HAL_CAN_TxMailbox0CompleteCallback       0x08001cab   Thumb Code     2  stm32f4xx_hal_can.o(i.HAL_CAN_TxMailbox0CompleteCallback)
    HAL_CAN_TxMailbox1AbortCallback          0x08001cad   Thumb Code     2  stm32f4xx_hal_can.o(i.HAL_CAN_TxMailbox1AbortCallback)
    HAL_CAN_TxMailbox1CompleteCallback       0x08001caf   Thumb Code     2  stm32f4xx_hal_can.o(i.HAL_CAN_TxMailbox1CompleteCallback)
    HAL_CAN_TxMailbox2AbortCallback          0x08001cb1   Thumb Code     2  stm32f4xx_hal_can.o(i.HAL_CAN_TxMailbox2AbortCallback)
    HAL_CAN_TxMailbox2CompleteCallback       0x08001cb3   Thumb Code     2  stm32f4xx_hal_can.o(i.HAL_CAN_TxMailbox2CompleteCallback)
    HAL_CAN_WakeUpFromRxMsgCallback          0x08001cb5   Thumb Code     2  stm32f4xx_hal_can.o(i.HAL_CAN_WakeUpFromRxMsgCallback)
    HAL_DMA_Init                             0x08001cb9   Thumb Code   232  stm32f4xx_hal_dma.o(i.HAL_DMA_Init)
    HAL_GPIO_EXTI_Callback                   0x08001da5   Thumb Code   152  ins_task.o(i.HAL_GPIO_EXTI_Callback)
    HAL_GPIO_EXTI_IRQHandler                 0x08001e5d   Thumb Code    24  stm32f4xx_hal_gpio.o(i.HAL_GPIO_EXTI_IRQHandler)
    HAL_GPIO_Init                            0x08001e79   Thumb Code   466  stm32f4xx_hal_gpio.o(i.HAL_GPIO_Init)
    HAL_GPIO_WritePin                        0x08002079   Thumb Code    12  stm32f4xx_hal_gpio.o(i.HAL_GPIO_WritePin)
    HAL_GetTick                              0x08002085   Thumb Code     6  stm32f4xx_hal.o(i.HAL_GetTick)
    HAL_I2C_Init                             0x08002091   Thumb Code   422  stm32f4xx_hal_i2c.o(i.HAL_I2C_Init)
    HAL_I2C_MspInit                          0x08002249   Thumb Code   182  i2c.o(i.HAL_I2C_MspInit)
    HAL_IncTick                              0x08002311   Thumb Code    16  stm32f4xx_hal.o(i.HAL_IncTick)
    HAL_Init                                 0x08002329   Thumb Code    54  stm32f4xx_hal.o(i.HAL_Init)
    HAL_InitTick                             0x08002365   Thumb Code    64  stm32f4xx_hal.o(i.HAL_InitTick)
    HAL_MspInit                              0x080023b1   Thumb Code    78  stm32f4xx_hal_msp.o(i.HAL_MspInit)
    HAL_NVIC_EnableIRQ                       0x08002405   Thumb Code    32  stm32f4xx_hal_cortex.o(i.HAL_NVIC_EnableIRQ)
    HAL_NVIC_SetPriority                     0x08002425   Thumb Code   124  stm32f4xx_hal_cortex.o(i.HAL_NVIC_SetPriority)
    HAL_NVIC_SetPriorityGrouping             0x080024a1   Thumb Code    32  stm32f4xx_hal_cortex.o(i.HAL_NVIC_SetPriorityGrouping)
    HAL_RCCEx_PeriphCLKConfig                0x080024c9   Thumb Code   396  stm32f4xx_hal_rcc_ex.o(i.HAL_RCCEx_PeriphCLKConfig)
    HAL_RCC_ClockConfig                      0x08002669   Thumb Code   366  stm32f4xx_hal_rcc.o(i.HAL_RCC_ClockConfig)
    HAL_RCC_GetHCLKFreq                      0x080027e9   Thumb Code     6  stm32f4xx_hal_rcc.o(i.HAL_RCC_GetHCLKFreq)
    HAL_RCC_GetPCLK1Freq                     0x080027f5   Thumb Code    22  stm32f4xx_hal_rcc.o(i.HAL_RCC_GetPCLK1Freq)
    HAL_RCC_GetPCLK2Freq                     0x08002815   Thumb Code    22  stm32f4xx_hal_rcc.o(i.HAL_RCC_GetPCLK2Freq)
    HAL_RCC_GetSysClockFreq                  0x08002835   Thumb Code   162  stm32f4xx_hal_rcc.o(i.HAL_RCC_GetSysClockFreq)
    HAL_RCC_OscConfig                        0x080028e5   Thumb Code  1086  stm32f4xx_hal_rcc.o(i.HAL_RCC_OscConfig)
    HAL_RTC_Init                             0x08002d2d   Thumb Code   212  stm32f4xx_hal_rtc.o(i.HAL_RTC_Init)
    HAL_RTC_MspInit                          0x08002e05   Thumb Code    16  rtc.o(i.HAL_RTC_MspInit)
    HAL_RTC_WaitForSynchro                   0x08002e1d   Thumb Code    58  stm32f4xx_hal_rtc.o(i.HAL_RTC_WaitForSynchro)
    HAL_SPI_Init                             0x08002e57   Thumb Code   140  stm32f4xx_hal_spi.o(i.HAL_SPI_Init)
    HAL_SPI_MspInit                          0x08002ee5   Thumb Code   316  spi.o(i.HAL_SPI_MspInit)
    HAL_SYSTICK_Config                       0x0800303d   Thumb Code    52  stm32f4xx_hal_cortex.o(i.HAL_SYSTICK_Config)
    HAL_TIMEx_MasterConfigSynchronization    0x08003071   Thumb Code    84  stm32f4xx_hal_tim_ex.o(i.HAL_TIMEx_MasterConfigSynchronization)
    HAL_TIM_Base_Init                        0x080030c5   Thumb Code    52  stm32f4xx_hal_tim.o(i.HAL_TIM_Base_Init)
    HAL_TIM_Base_MspInit                     0x080030f9   Thumb Code   212  tim.o(i.HAL_TIM_Base_MspInit)
    HAL_TIM_Base_Start                       0x080031e5   Thumb Code    42  stm32f4xx_hal_tim.o(i.HAL_TIM_Base_Start)
    HAL_TIM_ConfigClockSource                0x0800320f   Thumb Code   264  stm32f4xx_hal_tim.o(i.HAL_TIM_ConfigClockSource)
    HAL_TIM_MspPostInit                      0x08003319   Thumb Code   366  tim.o(i.HAL_TIM_MspPostInit)
    HAL_TIM_PWM_ConfigChannel                0x080034bd   Thumb Code   264  stm32f4xx_hal_tim.o(i.HAL_TIM_PWM_ConfigChannel)
    HAL_TIM_PWM_Init                         0x080035c5   Thumb Code    52  stm32f4xx_hal_tim.o(i.HAL_TIM_PWM_Init)
    HAL_TIM_PWM_MspInit                      0x080035f9   Thumb Code     2  stm32f4xx_hal_tim.o(i.HAL_TIM_PWM_MspInit)
    HAL_TIM_PWM_Start                        0x080035fd   Thumb Code    80  stm32f4xx_hal_tim.o(i.HAL_TIM_PWM_Start)
    HAL_UART_Init                            0x08003655   Thumb Code   114  stm32f4xx_hal_uart.o(i.HAL_UART_Init)
    HAL_UART_MspInit                         0x080036c9   Thumb Code   204  usart.o(i.HAL_UART_MspInit)
    HardFault_Handler                        0x080037a9   Thumb Code     4  stm32f4xx_it.o(i.HardFault_Handler)
    INS_cali_gyro                            0x080037ad   Thumb Code   110  ins_task.o(i.INS_cali_gyro)
    INS_set_cali_gyro                        0x08003829   Thumb Code    62  ins_task.o(i.INS_set_cali_gyro)
    MX_CAN1_Init                             0x08003871   Thumb Code    58  can.o(i.MX_CAN1_Init)
    MX_CAN2_Init                             0x080038b5   Thumb Code    58  can.o(i.MX_CAN2_Init)
    MX_DMA_Init                              0x080038f9   Thumb Code   114  dma.o(i.MX_DMA_Init)
    MX_FREERTOS_Init                         0x08003971   Thumb Code   102  freertos.o(i.MX_FREERTOS_Init)
    MX_GPIO_Init                             0x080039ed   Thumb Code   424  gpio.o(i.MX_GPIO_Init)
    MX_I2C3_Init                             0x08003bad   Thumb Code    48  i2c.o(i.MX_I2C3_Init)
    MX_RTC_Init                              0x08003be9   Thumb Code    44  rtc.o(i.MX_RTC_Init)
    MX_SPI1_Init                             0x08003c1d   Thumb Code    62  spi.o(i.MX_SPI1_Init)
    MX_TIM10_Init                            0x08003c65   Thumb Code   100  tim.o(i.MX_TIM10_Init)
    MX_TIM3_Init                             0x08003cd1   Thumb Code   154  tim.o(i.MX_TIM3_Init)
    MX_TIM4_Init                             0x08003d75   Thumb Code   154  tim.o(i.MX_TIM4_Init)
    MX_TIM5_Init                             0x08003e19   Thumb Code   186  tim.o(i.MX_TIM5_Init)
    MX_TIM8_Init                             0x08003edd   Thumb Code   102  tim.o(i.MX_TIM8_Init)
    MX_USART3_UART_Init                      0x08003f4d   Thumb Code    48  usart.o(i.MX_USART3_UART_Init)
    MemManage_Handler                        0x08003f89   Thumb Code     4  stm32f4xx_it.o(i.MemManage_Handler)
    NMI_Handler                              0x08003f8d   Thumb Code     2  stm32f4xx_it.o(i.NMI_Handler)
    PID_calc                                 0x08003f91   Thumb Code   492  pid.o(i.PID_calc)
    PID_init                                 0x08004181   Thumb Code    92  pid.o(i.PID_init)
    RC_Init                                  0x080041e1   Thumb Code   142  bsp_rc.o(i.RC_Init)
    RC_restart                               0x0800427d   Thumb Code    72  bsp_rc.o(i.RC_restart)
    RC_unable                                0x080042cd   Thumb Code    18  bsp_rc.o(i.RC_unable)
    RTC_EnterInitMode                        0x080042e5   Thumb Code    62  stm32f4xx_hal_rtc.o(i.RTC_EnterInitMode)
    SPI1_DMA_enable                          0x08004325   Thumb Code 10024  bsp_spi.o(i.SPI1_DMA_enable)
    SysTick_Handler                          0x08006a61   Thumb Code    12  stm32f4xx_it.o(i.SysTick_Handler)
    SystemClock_Config                       0x08006a6d   Thumb Code   198  main.o(i.SystemClock_Config)
    SystemInit                               0x08006b41   Thumb Code    82  system_stm32f4xx.o(i.SystemInit)
    TIM_Base_SetConfig                       0x08006ba5   Thumb Code   170  stm32f4xx_hal_tim.o(i.TIM_Base_SetConfig)
    TIM_CCxChannelCmd                        0x08006c7d   Thumb Code    34  stm32f4xx_hal_tim.o(i.TIM_CCxChannelCmd)
    TIM_ETR_SetConfig                        0x08006c9f   Thumb Code    22  stm32f4xx_hal_tim.o(i.TIM_ETR_SetConfig)
    TIM_OC2_SetConfig                        0x08006d39   Thumb Code   114  stm32f4xx_hal_tim.o(i.TIM_OC2_SetConfig)
    USART3_IRQHandler                        0x08007239   Thumb Code   276  remote_control.o(i.USART3_IRQHandler)
    UsageFault_Handler                       0x08007369   Thumb Code     4  stm32f4xx_it.o(i.UsageFault_Handler)
    __hardfp_fabs                            0x080073a5   Thumb Code    20  fabs.o(i.__hardfp_fabs)
    aRGB_led_show                            0x080073b9   Thumb Code    82  bsp_led.o(i.aRGB_led_show)
    buzzer_off                               0x08007421   Thumb Code    10  bsp_buzzer.o(i.buzzer_off)
    buzzer_on                                0x08007431   Thumb Code    14  bsp_buzzer.o(i.buzzer_on)
    cali_param_init                          0x08007651   Thumb Code   168  calibrate_task.o(i.cali_param_init)
    can_filter_init                          0x08007709   Thumb Code    84  bsp_can.o(i.can_filter_init)
    chassis_behaviour_control_set            0x08007765   Thumb Code   178  chassis_behaviour.o(i.chassis_behaviour_control_set)
    chassis_behaviour_mode_set               0x0800781d   Thumb Code   148  chassis_behaviour.o(i.chassis_behaviour_mode_set)
    chassis_rc_to_control_vector             0x08007f11   Thumb Code   320  chassis_task.o(i.chassis_rc_to_control_vector)
    chassis_task                             0x0800823d   Thumb Code   196  chassis_task.o(i.chassis_task)
    delay_init                               0x08008389   Thumb Code    32  bsp_delay.o(i.delay_init)
    detect_hook                              0x080083b9   Thumb Code   288  detect_task.o(i.detect_hook)
    detect_task                              0x08008645   Thumb Code   628  detect_task.o(i.detect_task)
    first_order_filter_cali                  0x080088cd   Thumb Code    84  user_lib.o(i.first_order_filter_cali)
    first_order_filter_init                  0x08008921   Thumb Code    32  user_lib.o(i.first_order_filter_init)
    flash_read                               0x08008945   Thumb Code    20  bsp_flash.o(i.flash_read)
    fp32_constrain                           0x08008959   Thumb Code    42  user_lib.o(i.fp32_constrain)
    get_INS_angle_point                      0x08008985   Thumb Code     4  ins_task.o(i.get_INS_angle_point)
    get_chassis_motor_measure_point          0x0800898d   Thumb Code    18  can_receive.o(i.get_chassis_motor_measure_point)
    get_error_list_point                     0x080089a5   Thumb Code     4  detect_task.o(i.get_error_list_point)
    get_remote_control_point                 0x080089ad   Thumb Code     4  remote_control.o(i.get_remote_control_point)
    gyro_offset_calc                         0x080089b5   Thumb Code    78  ins_task.o(i.gyro_offset_calc)
    led_RGB_flow_task                        0x08008bb1   Thumb Code   422  led_flow_task.o(i.led_RGB_flow_task)
    loop_fp32_constrain                      0x08008d61   Thumb Code    96  user_lib.o(i.loop_fp32_constrain)
    main                                     0x08008dc1   Thumb Code    88  main.o(i.main)
    osDelay                                  0x08008e27   Thumb Code    24  cmsis_os.o(i.osDelay)
    osKernelStart                            0x08008e3f   Thumb Code    10  cmsis_os.o(i.osKernelStart)
    osSystickHandler                         0x08008e49   Thumb Code    16  cmsis_os.o(i.osSystickHandler)
    osThreadCreate                           0x08008e59   Thumb Code    94  cmsis_os.o(i.osThreadCreate)
    pvPortMalloc                             0x080098c1   Thumb Code   296  heap_4.o(i.pvPortMalloc)
    pxPortInitialiseStack                    0x080099fd   Thumb Code    38  port.o(i.pxPortInitialiseStack)
    remote_control_init                      0x08009a29   Thumb Code    16  remote_control.o(i.remote_control_init)
    test_task                                0x08009b19   Thumb Code   124  test_task.o(i.test_task)
    toe_is_error                             0x08009ba5   Thumb Code    20  detect_task.o(i.toe_is_error)
    uxListRemove                             0x08009bbd   Thumb Code    40  list.o(i.uxListRemove)
    uxTaskGetStackHighWaterMark              0x08009be5   Thumb Code    34  tasks.o(i.uxTaskGetStackHighWaterMark)
    vApplicationGetIdleTaskMemory            0x08009c0d   Thumb Code    14  freertos.o(i.vApplicationGetIdleTaskMemory)
    vApplicationGetTimerTaskMemory           0x08009c25   Thumb Code    16  freertos.o(i.vApplicationGetTimerTaskMemory)
    vListInitialise                          0x08009c3d   Thumb Code    26  list.o(i.vListInitialise)
    vListInitialiseItem                      0x08009c57   Thumb Code     6  list.o(i.vListInitialiseItem)
    vListInsert                              0x08009c5d   Thumb Code    52  list.o(i.vListInsert)
    vListInsertEnd                           0x08009c91   Thumb Code    24  list.o(i.vListInsertEnd)
    vPortEnterCritical                       0x08009ca9   Thumb Code    76  port.o(i.vPortEnterCritical)
    vPortExitCritical                        0x08009cfd   Thumb Code    56  port.o(i.vPortExitCritical)
    vPortFree                                0x08009d39   Thumb Code   140  heap_4.o(i.vPortFree)
    vPortSetupTimerInterrupt                 0x08009dcd   Thumb Code    36  port.o(i.vPortSetupTimerInterrupt)
    vPortValidateInterruptPriority           0x08009df5   Thumb Code   106  port.o(i.vPortValidateInterruptPriority)
    vQueueAddToRegistry                      0x08009e6d   Thumb Code    38  queue.o(i.vQueueAddToRegistry)
    vQueueWaitForMessageRestricted           0x08009e99   Thumb Code    74  queue.o(i.vQueueWaitForMessageRestricted)
    vTaskDelay                               0x08009ee5   Thumb Code    82  tasks.o(i.vTaskDelay)
    vTaskInternalSetTimeOutState             0x08009f41   Thumb Code    14  tasks.o(i.vTaskInternalSetTimeOutState)
    vTaskMissedYield                         0x08009f59   Thumb Code     8  tasks.o(i.vTaskMissedYield)
    vTaskNotifyGiveFromISR                   0x08009f65   Thumb Code   216  tasks.o(i.vTaskNotifyGiveFromISR)
    vTaskPlaceOnEventList                    0x0800a055   Thumb Code    52  tasks.o(i.vTaskPlaceOnEventList)
    vTaskPlaceOnEventListRestricted          0x0800a08d   Thumb Code    60  tasks.o(i.vTaskPlaceOnEventListRestricted)
    vTaskStartScheduler                      0x0800a0cd   Thumb Code   156  tasks.o(i.vTaskStartScheduler)
    vTaskSuspendAll                          0x0800a185   Thumb Code    12  tasks.o(i.vTaskSuspendAll)
    vTaskSwitchContext                       0x0800a195   Thumb Code   118  tasks.o(i.vTaskSwitchContext)
    xPortStartScheduler                      0x0800a221   Thumb Code   330  port.o(i.xPortStartScheduler)
    xPortSysTickHandler                      0x0800a389   Thumb Code    46  port.o(i.xPortSysTickHandler)
    xQueueGenericCreateStatic                0x0800a3bd   Thumb Code   222  queue.o(i.xQueueGenericCreateStatic)
    xQueueGenericReset                       0x0800a49d   Thumb Code   146  queue.o(i.xQueueGenericReset)
    xQueueGenericSend                        0x0800a535   Thumb Code   420  queue.o(i.xQueueGenericSend)
    xQueueGenericSendFromISR                 0x0800a6dd   Thumb Code   248  queue.o(i.xQueueGenericSendFromISR)
    xQueueReceive                            0x0800a7d5   Thumb Code   356  queue.o(i.xQueueReceive)
    xTaskCheckForTimeOut                     0x0800a93d   Thumb Code   156  tasks.o(i.xTaskCheckForTimeOut)
    xTaskCreate                              0x0800a9e5   Thumb Code   100  tasks.o(i.xTaskCreate)
    xTaskCreateStatic                        0x0800aa49   Thumb Code   184  tasks.o(i.xTaskCreateStatic)
    xTaskGetSchedulerState                   0x0800ab01   Thumb Code    24  tasks.o(i.xTaskGetSchedulerState)
    xTaskGetTickCount                        0x0800ab21   Thumb Code     6  tasks.o(i.xTaskGetTickCount)
    xTaskIncrementTick                       0x0800ab2d   Thumb Code   282  tasks.o(i.xTaskIncrementTick)
    xTaskPriorityDisinherit                  0x0800ac75   Thumb Code   188  tasks.o(i.xTaskPriorityDisinherit)
    xTaskRemoveFromEventList                 0x0800ad3d   Thumb Code   128  tasks.o(i.xTaskRemoveFromEventList)
    xTaskResumeAll                           0x0800add5   Thumb Code   224  tasks.o(i.xTaskResumeAll)
    xTimerCreateTimerTask                    0x0800aed9   Thumb Code   100  timers.o(i.xTimerCreateTimerTask)
    xTimerGenericCommand                     0x0800af51   Thumb Code   128  timers.o(i.xTimerGenericCommand)
    __aeabi_d2f                              0x0800afd5   Thumb Code     0  d2f_clz.o(x$fpl$d2f)
    _d2f                                     0x0800afd5   Thumb Code   700  d2f_clz.o(x$fpl$d2f)
    __dflt_normalise                         0x0800b299   Thumb Code    26  dflt_clz.o(x$fpl$dfltn)
    __fpl_dnaninf                            0x0800b2b3   Thumb Code   258  dnaninf.o(x$fpl$dnaninf)
    __fpl_drenorm2                           0x0800b3b5   Thumb Code   106  drenorm_clz.o(x$fpl$drenorm)
    __fpl_drenorm1                           0x0800b41f   Thumb Code     6  drenorm_clz.o(x$fpl$drenorm)
    __fpl_dretinf                            0x0800b425   Thumb Code    12  dretinf.o(x$fpl$dretinf)
    __dunder                                 0x0800b431   Thumb Code   314  dunder_clz.o(x$fpl$dunder)
    __dunder_d                               0x0800b56b   Thumb Code    64  dunder_clz.o(x$fpl$dunder)
    __fpl_exception                          0x0800b5ad   Thumb Code   454  except.o(x$fpl$exception)
    __aeabi_f2d                              0x0800b799   Thumb Code     0  f2d.o(x$fpl$f2d)
    _f2d                                     0x0800b799   Thumb Code   122  f2d.o(x$fpl$f2d)
    __fpl_fnaninf                            0x0800b813   Thumb Code   242  fnaninf.o(x$fpl$fnaninf)
    _fp_init                                 0x0800b905   Thumb Code    10  fpinit.o(x$fpl$fpinit)
    __fplib_config_fpu_vfp                   0x0800b90d   Thumb Code     0  fpinit.o(x$fpl$fpinit)
    __fplib_config_pureend_doubles           0x0800b90d   Thumb Code     0  fpinit.o(x$fpl$fpinit)
    __fpl_fretinf                            0x0800b90f   Thumb Code    10  fretinf.o(x$fpl$fretinf)
    __funder                                 0x0800b919   Thumb Code   254  funder_clz.o(x$fpl$funder)
    __funder_d                               0x0800ba17   Thumb Code    62  funder_clz.o(x$fpl$funder)
    __fpl_return_NaN                         0x0800ba55   Thumb Code   178  retnan.o(x$fpl$retnan)
    _fp_trapveneer                           0x0800bb07   Thumb Code    36  trapv.o(x$fpl$trapveneer)
    __fpl_cmpreturn                          0x0800bb2b   Thumb Code    90  trapv.o(x$fpl$trapveneer)
    __I$use$fp                               0x0800bb84   Number         0  usenofp.o(x$fpl$usenofp)
    AHBPrescTable                            0x0800bbfc   Data          16  system_stm32f4xx.o(.constdata)
    APBPrescTable                            0x0800bc0c   Data           8  system_stm32f4xx.o(.constdata)
    sinTable_f32                             0x0800bc48   Data        2052  arm_common_tables.o(.constdata)
    Region$$Table$$Base                      0x0800c46c   Number         0  anon$$obj.o(Region$$Table)
    Region$$Table$$Limit                     0x0800c48c   Number         0  anon$$obj.o(Region$$Table)
    calibrate_tast_handle                    0x20000004   Data           4  freertos.o(.data)
    chassisTaskHandle                        0x20000008   Data           4  freertos.o(.data)
    detect_handle                            0x2000000c   Data           4  freertos.o(.data)
    imuTaskHandle                            0x20000010   Data           4  freertos.o(.data)
    led_RGB_flow_handle                      0x20000014   Data           4  freertos.o(.data)
    testHandle                               0x20000018   Data           4  freertos.o(.data)
    uwTick                                   0x2000001c   Data           4  stm32f4xx_hal.o(.data)
    uwTickPrio                               0x20000020   Data           4  stm32f4xx_hal.o(.data)
    uwTickFreq                               0x20000024   Data           1  stm32f4xx_hal.o(.data)
    SystemCoreClock                          0x20000028   Data           4  system_stm32f4xx.o(.data)
    pxCurrentTCB                             0x2000002c   Data           4  tasks.o(.data)
    calibrate_task_stack                     0x200000b0   Data           4  calibrate_task.o(.data)
    cali_hook_fun                            0x200000dc   Data          20  calibrate_task.o(.data)
    chassis_behaviour_mode                   0x20000118   Data           1  chassis_behaviour.o(.data)
    chassis_high_water                       0x2000012c   Data           4  chassis_task.o(.data)
    detect_task_stack                        0x20000130   Data           4  detect_task.o(.data)
    gyro_dma_rx_buf                          0x20000140   Data           8  ins_task.o(.data)
    gyro_dma_tx_buf                          0x20000148   Data           8  ins_task.o(.data)
    accel_dma_tx_buf                         0x20000150   Data           9  ins_task.o(.data)
    accel_temp_dma_rx_buf                    0x20000159   Data           4  ins_task.o(.data)
    accel_temp_dma_tx_buf                    0x2000015d   Data           4  ins_task.o(.data)
    gyro_update_flag                         0x20000161   Data           1  ins_task.o(.data)
    accel_update_flag                        0x20000162   Data           1  ins_task.o(.data)
    accel_temp_update_flag                   0x20000163   Data           1  ins_task.o(.data)
    mag_update_flag                          0x20000164   Data           1  ins_task.o(.data)
    imu_start_dma_flag                       0x20000165   Data           1  ins_task.o(.data)
    gyro_scale_factor                        0x20000168   Data          36  ins_task.o(.data)
    accel_scale_factor                       0x2000018c   Data          36  ins_task.o(.data)
    mag_scale_factor                         0x200001b0   Data          36  ins_task.o(.data)
    RGB_flow_color                           0x200001dc   Data          28  led_flow_task.o(.data)
    error_list_test_local                    0x200001fc   Data           4  test_task.o(.data)
    hcan1                                    0x20000208   Data          40  can.o(.bss)
    hcan2                                    0x20000230   Data          40  can.o(.bss)
    hi2c3                                    0x20000900   Data          84  i2c.o(.bss)
    hrtc                                     0x20000954   Data          32  rtc.o(.bss)
    hspi1                                    0x20000974   Data          88  spi.o(.bss)
    hdma_spi1_rx                             0x200009cc   Data          96  spi.o(.bss)
    hdma_spi1_tx                             0x20000a2c   Data          96  spi.o(.bss)
    htim3                                    0x20000a8c   Data          64  tim.o(.bss)
    htim4                                    0x20000acc   Data          64  tim.o(.bss)
    htim5                                    0x20000b0c   Data          64  tim.o(.bss)
    htim8                                    0x20000b4c   Data          64  tim.o(.bss)
    htim10                                   0x20000b8c   Data          64  tim.o(.bss)
    huart3                                   0x20000bcc   Data          64  usart.o(.bss)
    hdma_usart3_rx                           0x20000c0c   Data          96  usart.o(.bss)
    xQueueRegistry                           0x20000c6c   Data          64  queue.o(.bss)
    cali_sensor                              0x20006f80   Data          65  calibrate_task.o(.bss)
    chassis_move                             0x2000703c   Data         548  chassis_task.o(.bss)
    error_list                               0x20007260   Data         216  detect_task.o(.bss)
    accel_dma_rx_buf                         0x20007338   Data           9  ins_task.o(.bss)
    bmi088_real_data                         0x20007344   Data          36  ins_task.o(.bss)
    gyro_offset                              0x20007368   Data          12  ins_task.o(.bss)
    gyro_cali_offset                         0x20007374   Data          12  ins_task.o(.bss)
    accel_offset                             0x20007380   Data          12  ins_task.o(.bss)
    accel_cali_offset                        0x2000738c   Data          12  ins_task.o(.bss)
    ist8310_real_data                        0x20007398   Data          16  ins_task.o(.bss)
    mag_offset                               0x200073a8   Data          12  ins_task.o(.bss)
    mag_cali_offset                          0x200073b4   Data          12  ins_task.o(.bss)
    INS_angle                                0x20007460   Data          12  ins_task.o(.bss)
    rc_ctrl                                  0x2000746c   Data          22  remote_control.o(.bss)
    __libspace_start                         0x200074cc   Data          96  libspace.o(.bss)
    __temporary_stack_top$libspace           0x2000752c   Data           0  libspace.o(.bss)



==============================================================================

Memory Map of the image

  Image Entry point : 0x08000189

  Load Region LR_IROM1 (Base: 0x08000000, Size: 0x0000c694, Max: 0x00100000, ABSOLUTE, COMPRESSED[0x0000c4f4])

    Execution Region ER_IROM1 (Exec base: 0x08000000, Load base: 0x08000000, Size: 0x0000c48c, Max: 0x00100000, ABSOLUTE)

    Exec Addr    Load Addr    Size         Type   Attr      Idx    E Section Name        Object

    0x08000000   0x08000000   0x00000188   Data   RO            3    RESET               startup_stm32f407xx.o
    0x08000188   0x08000188   0x00000008   Code   RO         8052  * !!!main             c_w.l(__main.o)
    0x08000190   0x08000190   0x00000034   Code   RO         8350    !!!scatter          c_w.l(__scatter.o)
    0x080001c4   0x080001c4   0x0000005a   Code   RO         8348    !!dczerorl2         c_w.l(__dczerorl2.o)
    0x0800021e   0x0800021e   0x00000002   PAD
    0x08000220   0x08000220   0x0000001c   Code   RO         8352    !!handler_zi        c_w.l(__scatter_zi.o)
    0x0800023c   0x0800023c   0x00000002   Code   RO         8217    .ARM.Collect$$libinit$$00000000  c_w.l(libinit.o)
    0x0800023e   0x0800023e   0x00000004   Code   RO         8228    .ARM.Collect$$libinit$$00000001  c_w.l(libinit2.o)
    0x08000242   0x08000242   0x00000000   Code   RO         8231    .ARM.Collect$$libinit$$00000004  c_w.l(libinit2.o)
    0x08000242   0x08000242   0x00000000   Code   RO         8234    .ARM.Collect$$libinit$$0000000A  c_w.l(libinit2.o)
    0x08000242   0x08000242   0x00000000   Code   RO         8236    .ARM.Collect$$libinit$$0000000C  c_w.l(libinit2.o)
    0x08000242   0x08000242   0x00000000   Code   RO         8238    .ARM.Collect$$libinit$$0000000E  c_w.l(libinit2.o)
    0x08000242   0x08000242   0x00000000   Code   RO         8241    .ARM.Collect$$libinit$$00000011  c_w.l(libinit2.o)
    0x08000242   0x08000242   0x00000000   Code   RO         8243    .ARM.Collect$$libinit$$00000013  c_w.l(libinit2.o)
    0x08000242   0x08000242   0x00000000   Code   RO         8245    .ARM.Collect$$libinit$$00000015  c_w.l(libinit2.o)
    0x08000242   0x08000242   0x00000000   Code   RO         8247    .ARM.Collect$$libinit$$00000017  c_w.l(libinit2.o)
    0x08000242   0x08000242   0x00000000   Code   RO         8249    .ARM.Collect$$libinit$$00000019  c_w.l(libinit2.o)
    0x08000242   0x08000242   0x00000000   Code   RO         8251    .ARM.Collect$$libinit$$0000001B  c_w.l(libinit2.o)
    0x08000242   0x08000242   0x00000000   Code   RO         8253    .ARM.Collect$$libinit$$0000001D  c_w.l(libinit2.o)
    0x08000242   0x08000242   0x00000000   Code   RO         8255    .ARM.Collect$$libinit$$0000001F  c_w.l(libinit2.o)
    0x08000242   0x08000242   0x00000000   Code   RO         8257    .ARM.Collect$$libinit$$00000021  c_w.l(libinit2.o)
    0x08000242   0x08000242   0x00000000   Code   RO         8259    .ARM.Collect$$libinit$$00000023  c_w.l(libinit2.o)
    0x08000242   0x08000242   0x00000000   Code   RO         8261    .ARM.Collect$$libinit$$00000025  c_w.l(libinit2.o)
    0x08000242   0x08000242   0x00000000   Code   RO         8265    .ARM.Collect$$libinit$$0000002C  c_w.l(libinit2.o)
    0x08000242   0x08000242   0x00000000   Code   RO         8267    .ARM.Collect$$libinit$$0000002E  c_w.l(libinit2.o)
    0x08000242   0x08000242   0x00000000   Code   RO         8269    .ARM.Collect$$libinit$$00000030  c_w.l(libinit2.o)
    0x08000242   0x08000242   0x00000000   Code   RO         8271    .ARM.Collect$$libinit$$00000032  c_w.l(libinit2.o)
    0x08000242   0x08000242   0x00000002   Code   RO         8272    .ARM.Collect$$libinit$$00000033  c_w.l(libinit2.o)
    0x08000244   0x08000244   0x00000002   Code   RO         8303    .ARM.Collect$$libshutdown$$00000000  c_w.l(libshutdown.o)
    0x08000246   0x08000246   0x00000000   Code   RO         8329    .ARM.Collect$$libshutdown$$00000002  c_w.l(libshutdown2.o)
    0x08000246   0x08000246   0x00000000   Code   RO         8331    .ARM.Collect$$libshutdown$$00000004  c_w.l(libshutdown2.o)
    0x08000246   0x08000246   0x00000000   Code   RO         8333    .ARM.Collect$$libshutdown$$00000006  c_w.l(libshutdown2.o)
    0x08000246   0x08000246   0x00000000   Code   RO         8336    .ARM.Collect$$libshutdown$$00000009  c_w.l(libshutdown2.o)
    0x08000246   0x08000246   0x00000000   Code   RO         8339    .ARM.Collect$$libshutdown$$0000000C  c_w.l(libshutdown2.o)
    0x08000246   0x08000246   0x00000000   Code   RO         8341    .ARM.Collect$$libshutdown$$0000000E  c_w.l(libshutdown2.o)
    0x08000246   0x08000246   0x00000000   Code   RO         8344    .ARM.Collect$$libshutdown$$00000011  c_w.l(libshutdown2.o)
    0x08000246   0x08000246   0x00000002   Code   RO         8345    .ARM.Collect$$libshutdown$$00000012  c_w.l(libshutdown2.o)
    0x08000248   0x08000248   0x00000000   Code   RO         8124    .ARM.Collect$$rtentry$$00000000  c_w.l(__rtentry.o)
    0x08000248   0x08000248   0x00000000   Code   RO         8174    .ARM.Collect$$rtentry$$00000002  c_w.l(__rtentry2.o)
    0x08000248   0x08000248   0x00000006   Code   RO         8186    .ARM.Collect$$rtentry$$00000004  c_w.l(__rtentry4.o)
    0x0800024e   0x0800024e   0x00000000   Code   RO         8176    .ARM.Collect$$rtentry$$00000009  c_w.l(__rtentry2.o)
    0x0800024e   0x0800024e   0x00000004   Code   RO         8177    .ARM.Collect$$rtentry$$0000000A  c_w.l(__rtentry2.o)
    0x08000252   0x08000252   0x00000000   Code   RO         8179    .ARM.Collect$$rtentry$$0000000C  c_w.l(__rtentry2.o)
    0x08000252   0x08000252   0x00000008   Code   RO         8180    .ARM.Collect$$rtentry$$0000000D  c_w.l(__rtentry2.o)
    0x0800025a   0x0800025a   0x00000002   Code   RO         8220    .ARM.Collect$$rtexit$$00000000  c_w.l(rtexit.o)
    0x0800025c   0x0800025c   0x00000000   Code   RO         8276    .ARM.Collect$$rtexit$$00000002  c_w.l(rtexit2.o)
    0x0800025c   0x0800025c   0x00000004   Code   RO         8277    .ARM.Collect$$rtexit$$00000003  c_w.l(rtexit2.o)
    0x08000260   0x08000260   0x00000006   Code   RO         8278    .ARM.Collect$$rtexit$$00000004  c_w.l(rtexit2.o)
    0x08000266   0x08000266   0x00000002   PAD
    0x08000268   0x08000268   0x000000be   Code   RO         6094    .emb_text           port.o
    0x08000326   0x08000326   0x00000002   PAD
    0x08000328   0x08000328   0x00000040   Code   RO            4    .text               startup_stm32f407xx.o
    0x08000368   0x08000368   0x00000074   Code   RO         7931    .text               arm_cortexM4lf_math.lib(arm_sin_f32.o)
    0x080003dc   0x080003dc   0x000000ee   Code   RO         8036    .text               c_w.l(lludivv7m.o)
    0x080004ca   0x080004ca   0x0000008a   Code   RO         8040    .text               c_w.l(rt_memcpy_v6.o)
    0x08000554   0x08000554   0x00000064   Code   RO         8042    .text               c_w.l(rt_memcpy_w.o)
    0x080005b8   0x080005b8   0x00000010   Code   RO         8046    .text               c_w.l(aeabi_memset.o)
    0x080005c8   0x080005c8   0x0000004e   Code   RO         8048    .text               c_w.l(rt_memclr_w.o)
    0x08000616   0x08000616   0x00000006   Code   RO         8050    .text               c_w.l(heapauxi.o)
    0x0800061c   0x0800061c   0x00000044   Code   RO         8131    .text               c_w.l(rt_memclr.o)
    0x08000660   0x08000660   0x00000030   Code   RO         8195    .text               c_w.l(_fptrap.o)
    0x08000690   0x08000690   0x00000008   Code   RO         8201    .text               c_w.l(libspace.o)
    0x08000698   0x08000698   0x0000004a   Code   RO         8204    .text               c_w.l(sys_stackheap_outer.o)
    0x080006e2   0x080006e2   0x00000012   Code   RO         8206    .text               c_w.l(exit.o)
    0x080006f4   0x080006f4   0x0000000e   Code   RO         8208    .text               c_w.l(defsig_fpe_outer.o)
    0x08000702   0x08000702   0x0000000a   Code   RO         8224    .text               c_w.l(defsig_exit.o)
    0x0800070c   0x0800070c   0x000000ac   Code   RO         8226    .text               c_w.l(defsig_fpe_inner.o)
    0x080007b8   0x080007b8   0x0000000c   Code   RO         8273    .text               c_w.l(sys_exit.o)
    0x080007c4   0x080007c4   0x00000032   Code   RO         8284    .text               c_w.l(defsig_general.o)
    0x080007f6   0x080007f6   0x0000000e   Code   RO         8290    .text               c_w.l(sys_wrch.o)
    0x08000804   0x08000804   0x00000002   Code   RO         8292    .text               c_w.l(use_no_semi.o)
    0x08000806   0x08000806   0x00000000   Code   RO         8294    .text               c_w.l(indicate_semi.o)
    0x08000806   0x08000806   0x00000004   Code   RO          667    i.BusFault_Handler  stm32f4xx_it.o
    0x0800080a   0x0800080a   0x00000002   PAD
    0x0800080c   0x0800080c   0x00000010   Code   RO          668    i.CAN1_RX0_IRQHandler  stm32f4xx_it.o
    0x0800081c   0x0800081c   0x00000010   Code   RO          669    i.CAN2_RX0_IRQHandler  stm32f4xx_it.o
    0x0800082c   0x0800082c   0x00000050   Code   RO         6635    i.CAN_cmd_chassis   can_receive.o
    0x0800087c   0x0800087c   0x00000898   Code   RO         6924    i.DMA2_Stream2_IRQHandler  ins_task.o
    0x08001114   0x08001114   0x00000034   Code   RO         3967    i.DMA_CalcBaseAndBitshift  stm32f4xx_hal_dma.o
    0x08001148   0x08001148   0x000000aa   Code   RO         3968    i.DMA_CheckFifoParam  stm32f4xx_hal_dma.o
    0x080011f2   0x080011f2   0x00000002   Code   RO          670    i.DebugMon_Handler  stm32f4xx_it.o
    0x080011f4   0x080011f4   0x0000000a   Code   RO          671    i.EXTI0_IRQHandler  stm32f4xx_it.o
    0x080011fe   0x080011fe   0x0000000a   Code   RO          672    i.EXTI3_IRQHandler  stm32f4xx_it.o
    0x08001208   0x08001208   0x0000000a   Code   RO          673    i.EXTI4_IRQHandler  stm32f4xx_it.o
    0x08001212   0x08001212   0x0000000a   Code   RO          674    i.EXTI9_5_IRQHandler  stm32f4xx_it.o
    0x0800121c   0x0800121c   0x00000002   Code   RO           13    i.Error_Handler     main.o
    0x0800121e   0x0800121e   0x0000002a   Code   RO          792    i.HAL_CAN_ActivateNotification  stm32f4xx_hal_can.o
    0x08001248   0x08001248   0x00000156   Code   RO          793    i.HAL_CAN_AddTxMessage  stm32f4xx_hal_can.o
    0x0800139e   0x0800139e   0x00000002   PAD
    0x080013a0   0x080013a0   0x00000124   Code   RO          794    i.HAL_CAN_ConfigFilter  stm32f4xx_hal_can.o
    0x080014c4   0x080014c4   0x00000002   Code   RO          797    i.HAL_CAN_ErrorCallback  stm32f4xx_hal_can.o
    0x080014c6   0x080014c6   0x0000017c   Code   RO          800    i.HAL_CAN_GetRxMessage  stm32f4xx_hal_can.o
    0x08001642   0x08001642   0x0000024e   Code   RO          804    i.HAL_CAN_IRQHandler  stm32f4xx_hal_can.o
    0x08001890   0x08001890   0x00000174   Code   RO          805    i.HAL_CAN_Init      stm32f4xx_hal_can.o
    0x08001a04   0x08001a04   0x00000160   Code   RO          299    i.HAL_CAN_MspInit   can.o
    0x08001b64   0x08001b64   0x00000002   Code   RO          812    i.HAL_CAN_RxFifo0FullCallback  stm32f4xx_hal_can.o
    0x08001b66   0x08001b66   0x00000002   PAD
    0x08001b68   0x08001b68   0x000000dc   Code   RO         6638    i.HAL_CAN_RxFifo0MsgPendingCallback  can_receive.o
    0x08001c44   0x08001c44   0x00000002   Code   RO          814    i.HAL_CAN_RxFifo1FullCallback  stm32f4xx_hal_can.o
    0x08001c46   0x08001c46   0x00000002   Code   RO          815    i.HAL_CAN_RxFifo1MsgPendingCallback  stm32f4xx_hal_can.o
    0x08001c48   0x08001c48   0x00000002   Code   RO          816    i.HAL_CAN_SleepCallback  stm32f4xx_hal_can.o
    0x08001c4a   0x08001c4a   0x0000005e   Code   RO          817    i.HAL_CAN_Start     stm32f4xx_hal_can.o
    0x08001ca8   0x08001ca8   0x00000002   Code   RO          819    i.HAL_CAN_TxMailbox0AbortCallback  stm32f4xx_hal_can.o
    0x08001caa   0x08001caa   0x00000002   Code   RO          820    i.HAL_CAN_TxMailbox0CompleteCallback  stm32f4xx_hal_can.o
    0x08001cac   0x08001cac   0x00000002   Code   RO          821    i.HAL_CAN_TxMailbox1AbortCallback  stm32f4xx_hal_can.o
    0x08001cae   0x08001cae   0x00000002   Code   RO          822    i.HAL_CAN_TxMailbox1CompleteCallback  stm32f4xx_hal_can.o
    0x08001cb0   0x08001cb0   0x00000002   Code   RO          823    i.HAL_CAN_TxMailbox2AbortCallback  stm32f4xx_hal_can.o
    0x08001cb2   0x08001cb2   0x00000002   Code   RO          824    i.HAL_CAN_TxMailbox2CompleteCallback  stm32f4xx_hal_can.o
    0x08001cb4   0x08001cb4   0x00000002   Code   RO          826    i.HAL_CAN_WakeUpFromRxMsgCallback  stm32f4xx_hal_can.o
    0x08001cb6   0x08001cb6   0x00000002   PAD
    0x08001cb8   0x08001cb8   0x000000ec   Code   RO         3976    i.HAL_DMA_Init      stm32f4xx_hal_dma.o
    0x08001da4   0x08001da4   0x000000b8   Code   RO         6925    i.HAL_GPIO_EXTI_Callback  ins_task.o
    0x08001e5c   0x08001e5c   0x0000001c   Code   RO         3862    i.HAL_GPIO_EXTI_IRQHandler  stm32f4xx_hal_gpio.o
    0x08001e78   0x08001e78   0x00000200   Code   RO         3863    i.HAL_GPIO_Init     stm32f4xx_hal_gpio.o
    0x08002078   0x08002078   0x0000000c   Code   RO         3867    i.HAL_GPIO_WritePin  stm32f4xx_hal_gpio.o
    0x08002084   0x08002084   0x0000000c   Code   RO         4400    i.HAL_GetTick       stm32f4xx_hal.o
    0x08002090   0x08002090   0x000001b8   Code   RO         1036    i.HAL_I2C_Init      stm32f4xx_hal_i2c.o
    0x08002248   0x08002248   0x000000c8   Code   RO          428    i.HAL_I2C_MspInit   i2c.o
    0x08002310   0x08002310   0x00000018   Code   RO         4406    i.HAL_IncTick       stm32f4xx_hal.o
    0x08002328   0x08002328   0x0000003c   Code   RO         4407    i.HAL_Init          stm32f4xx_hal.o
    0x08002364   0x08002364   0x0000004c   Code   RO         4408    i.HAL_InitTick      stm32f4xx_hal.o
    0x080023b0   0x080023b0   0x00000054   Code   RO          767    i.HAL_MspInit       stm32f4xx_hal_msp.o
    0x08002404   0x08002404   0x00000020   Code   RO         4252    i.HAL_NVIC_EnableIRQ  stm32f4xx_hal_cortex.o
    0x08002424   0x08002424   0x0000007c   Code   RO         4258    i.HAL_NVIC_SetPriority  stm32f4xx_hal_cortex.o
    0x080024a0   0x080024a0   0x00000028   Code   RO         4259    i.HAL_NVIC_SetPriorityGrouping  stm32f4xx_hal_cortex.o
    0x080024c8   0x080024c8   0x000001a0   Code   RO         3569    i.HAL_RCCEx_PeriphCLKConfig  stm32f4xx_hal_rcc_ex.o
    0x08002668   0x08002668   0x00000180   Code   RO         3464    i.HAL_RCC_ClockConfig  stm32f4xx_hal_rcc.o
    0x080027e8   0x080027e8   0x0000000c   Code   RO         3469    i.HAL_RCC_GetHCLKFreq  stm32f4xx_hal_rcc.o
    0x080027f4   0x080027f4   0x00000020   Code   RO         3471    i.HAL_RCC_GetPCLK1Freq  stm32f4xx_hal_rcc.o
    0x08002814   0x08002814   0x00000020   Code   RO         3472    i.HAL_RCC_GetPCLK2Freq  stm32f4xx_hal_rcc.o
    0x08002834   0x08002834   0x000000b0   Code   RO         3473    i.HAL_RCC_GetSysClockFreq  stm32f4xx_hal_rcc.o
    0x080028e4   0x080028e4   0x00000448   Code   RO         3476    i.HAL_RCC_OscConfig  stm32f4xx_hal_rcc.o
    0x08002d2c   0x08002d2c   0x000000d8   Code   RO         1513    i.HAL_RTC_Init      stm32f4xx_hal_rtc.o
    0x08002e04   0x08002e04   0x00000018   Code   RO          470    i.HAL_RTC_MspInit   rtc.o
    0x08002e1c   0x08002e1c   0x0000003a   Code   RO         1521    i.HAL_RTC_WaitForSynchro  stm32f4xx_hal_rtc.o
    0x08002e56   0x08002e56   0x0000008c   Code   RO         1882    i.HAL_SPI_Init      stm32f4xx_hal_spi.o
    0x08002ee2   0x08002ee2   0x00000002   PAD
    0x08002ee4   0x08002ee4   0x00000158   Code   RO          512    i.HAL_SPI_MspInit   spi.o
    0x0800303c   0x0800303c   0x00000034   Code   RO         4263    i.HAL_SYSTICK_Config  stm32f4xx_hal_cortex.o
    0x08003070   0x08003070   0x00000054   Code   RO         2899    i.HAL_TIMEx_MasterConfigSynchronization  stm32f4xx_hal_tim_ex.o
    0x080030c4   0x080030c4   0x00000034   Code   RO         2195    i.HAL_TIM_Base_Init  stm32f4xx_hal_tim.o
    0x080030f8   0x080030f8   0x000000ec   Code   RO          554    i.HAL_TIM_Base_MspInit  tim.o
    0x080031e4   0x080031e4   0x0000002a   Code   RO         2198    i.HAL_TIM_Base_Start  stm32f4xx_hal_tim.o
    0x0800320e   0x0800320e   0x00000108   Code   RO         2204    i.HAL_TIM_ConfigClockSource  stm32f4xx_hal_tim.o
    0x08003316   0x08003316   0x00000002   PAD
    0x08003318   0x08003318   0x000001a4   Code   RO          555    i.HAL_TIM_MspPostInit  tim.o
    0x080034bc   0x080034bc   0x00000108   Code   RO         2262    i.HAL_TIM_PWM_ConfigChannel  stm32f4xx_hal_tim.o
    0x080035c4   0x080035c4   0x00000034   Code   RO         2265    i.HAL_TIM_PWM_Init  stm32f4xx_hal_tim.o
    0x080035f8   0x080035f8   0x00000002   Code   RO         2267    i.HAL_TIM_PWM_MspInit  stm32f4xx_hal_tim.o
    0x080035fa   0x080035fa   0x00000002   PAD
    0x080035fc   0x080035fc   0x00000058   Code   RO         2270    i.HAL_TIM_PWM_Start  stm32f4xx_hal_tim.o
    0x08003654   0x08003654   0x00000072   Code   RO         3157    i.HAL_UART_Init     stm32f4xx_hal_uart.o
    0x080036c6   0x080036c6   0x00000002   PAD
    0x080036c8   0x080036c8   0x000000e0   Code   RO          626    i.HAL_UART_MspInit  usart.o
    0x080037a8   0x080037a8   0x00000004   Code   RO          675    i.HardFault_Handler  stm32f4xx_it.o
    0x080037ac   0x080037ac   0x0000007c   Code   RO         6926    i.INS_cali_gyro     ins_task.o
    0x08003828   0x08003828   0x00000048   Code   RO         6927    i.INS_set_cali_gyro  ins_task.o
    0x08003870   0x08003870   0x00000044   Code   RO          300    i.MX_CAN1_Init      can.o
    0x080038b4   0x080038b4   0x00000044   Code   RO          301    i.MX_CAN2_Init      can.o
    0x080038f8   0x080038f8   0x00000078   Code   RO          347    i.MX_DMA_Init       dma.o
    0x08003970   0x08003970   0x0000007c   Code   RO          371    i.MX_FREERTOS_Init  freertos.o
    0x080039ec   0x080039ec   0x000001c0   Code   RO          274    i.MX_GPIO_Init      gpio.o
    0x08003bac   0x08003bac   0x0000003c   Code   RO          429    i.MX_I2C3_Init      i2c.o
    0x08003be8   0x08003be8   0x00000034   Code   RO          471    i.MX_RTC_Init       rtc.o
    0x08003c1c   0x08003c1c   0x00000048   Code   RO          513    i.MX_SPI1_Init      spi.o
    0x08003c64   0x08003c64   0x0000006c   Code   RO          556    i.MX_TIM10_Init     tim.o
    0x08003cd0   0x08003cd0   0x000000a4   Code   RO          557    i.MX_TIM3_Init      tim.o
    0x08003d74   0x08003d74   0x000000a4   Code   RO          558    i.MX_TIM4_Init      tim.o
    0x08003e18   0x08003e18   0x000000c4   Code   RO          559    i.MX_TIM5_Init      tim.o
    0x08003edc   0x08003edc   0x00000070   Code   RO          560    i.MX_TIM8_Init      tim.o
    0x08003f4c   0x08003f4c   0x0000003c   Code   RO          627    i.MX_USART3_UART_Init  usart.o
    0x08003f88   0x08003f88   0x00000004   Code   RO          676    i.MemManage_Handler  stm32f4xx_it.o
    0x08003f8c   0x08003f8c   0x00000002   Code   RO          677    i.NMI_Handler       stm32f4xx_it.o
    0x08003f8e   0x08003f8e   0x00000002   PAD
    0x08003f90   0x08003f90   0x000001f0   Code   RO         7755    i.PID_calc          pid.o
    0x08004180   0x08004180   0x00000060   Code   RO         7757    i.PID_init          pid.o
    0x080041e0   0x080041e0   0x0000009c   Code   RO         6462    i.RC_Init           bsp_rc.o
    0x0800427c   0x0800427c   0x00000050   Code   RO         6463    i.RC_restart        bsp_rc.o
    0x080042cc   0x080042cc   0x00000018   Code   RO         6464    i.RC_unable         bsp_rc.o
    0x080042e4   0x080042e4   0x0000003e   Code   RO         1524    i.RTC_EnterInitMode  stm32f4xx_hal_rtc.o
    0x08004322   0x08004322   0x00000002   PAD
    0x08004324   0x08004324   0x0000273c   Code   RO         6499    i.SPI1_DMA_enable   bsp_spi.o
    0x08006a60   0x08006a60   0x0000000c   Code   RO          678    i.SysTick_Handler   stm32f4xx_it.o
    0x08006a6c   0x08006a6c   0x000000d4   Code   RO           14    i.SystemClock_Config  main.o
    0x08006b40   0x08006b40   0x00000064   Code   RO         4643    i.SystemInit        system_stm32f4xx.o
    0x08006ba4   0x08006ba4   0x000000d8   Code   RO         2283    i.TIM_Base_SetConfig  stm32f4xx_hal_tim.o
    0x08006c7c   0x08006c7c   0x00000022   Code   RO         2284    i.TIM_CCxChannelCmd  stm32f4xx_hal_tim.o
    0x08006c9e   0x08006c9e   0x00000016   Code   RO         2294    i.TIM_ETR_SetConfig  stm32f4xx_hal_tim.o
    0x08006cb4   0x08006cb4   0x00000012   Code   RO         2295    i.TIM_ITRx_SetConfig  stm32f4xx_hal_tim.o
    0x08006cc6   0x08006cc6   0x00000002   PAD
    0x08006cc8   0x08006cc8   0x00000070   Code   RO         2296    i.TIM_OC1_SetConfig  stm32f4xx_hal_tim.o
    0x08006d38   0x08006d38   0x0000007c   Code   RO         2297    i.TIM_OC2_SetConfig  stm32f4xx_hal_tim.o
    0x08006db4   0x08006db4   0x00000078   Code   RO         2298    i.TIM_OC3_SetConfig  stm32f4xx_hal_tim.o
    0x08006e2c   0x08006e2c   0x00000054   Code   RO         2299    i.TIM_OC4_SetConfig  stm32f4xx_hal_tim.o
    0x08006e80   0x08006e80   0x00000026   Code   RO         2301    i.TIM_TI1_ConfigInputStage  stm32f4xx_hal_tim.o
    0x08006ea6   0x08006ea6   0x00000028   Code   RO         2303    i.TIM_TI2_ConfigInputStage  stm32f4xx_hal_tim.o
    0x08006ece   0x08006ece   0x00000002   PAD
    0x08006ed0   0x08006ed0   0x00000368   Code   RO         3184    i.UART_SetConfig    stm32f4xx_hal_uart.o
    0x08007238   0x08007238   0x00000130   Code   RO         7088    i.USART3_IRQHandler  remote_control.o
    0x08007368   0x08007368   0x00000004   Code   RO          679    i.UsageFault_Handler  stm32f4xx_it.o
    0x0800736c   0x0800736c   0x00000010   Code   RO         4265    i.__NVIC_GetPriorityGrouping  stm32f4xx_hal_cortex.o
    0x0800737c   0x0800737c   0x00000028   Code   RO         4266    i.__NVIC_SetPriority  stm32f4xx_hal_cortex.o
    0x080073a4   0x080073a4   0x00000014   Code   RO         8094    i.__hardfp_fabs     m_wm.l(fabs.o)
    0x080073b8   0x080073b8   0x00000068   Code   RO         6433    i.aRGB_led_show     bsp_led.o
    0x08007420   0x08007420   0x00000010   Code   RO         6174    i.buzzer_off        bsp_buzzer.o
    0x08007430   0x08007430   0x00000014   Code   RO         6175    i.buzzer_on         bsp_buzzer.o
    0x08007444   0x08007444   0x0000007c   Code   RO         7155    i.buzzer_warn_error  test_task.o
    0x080074c0   0x080074c0   0x000000ec   Code   RO         6531    i.cali_data_read    calibrate_task.o
    0x080075ac   0x080075ac   0x00000006   Code   RO         6533    i.cali_gimbal_hook  calibrate_task.o
    0x080075b2   0x080075b2   0x00000002   PAD
    0x080075b4   0x080075b4   0x00000064   Code   RO         6534    i.cali_gyro_hook    calibrate_task.o
    0x08007618   0x08007618   0x00000036   Code   RO         6535    i.cali_head_hook    calibrate_task.o
    0x0800764e   0x0800764e   0x00000002   PAD
    0x08007650   0x08007650   0x000000b8   Code   RO         6536    i.cali_param_init   calibrate_task.o
    0x08007708   0x08007708   0x0000005c   Code   RO         6282    i.can_filter_init   bsp_can.o
    0x08007764   0x08007764   0x000000b8   Code   RO         6724    i.chassis_behaviour_control_set  chassis_behaviour.o
    0x0800781c   0x0800781c   0x00000098   Code   RO         6725    i.chassis_behaviour_mode_set  chassis_behaviour.o
    0x080078b4   0x080078b4   0x000001c4   Code   RO         6814    i.chassis_control_loop  chassis_task.o
    0x08007a78   0x08007a78   0x00000060   Code   RO         6726    i.chassis_engineer_follow_chassis_yaw_control  chassis_behaviour.o
    0x08007ad8   0x08007ad8   0x00000108   Code   RO         6815    i.chassis_feedback_update  chassis_task.o
    0x08007be0   0x08007be0   0x0000011c   Code   RO         6727    i.chassis_infantry_follow_gimbal_yaw_control  chassis_behaviour.o
    0x08007cfc   0x08007cfc   0x000000b0   Code   RO         6816    i.chassis_init      chassis_task.o
    0x08007dac   0x08007dac   0x00000058   Code   RO         6817    i.chassis_mode_change_control_transit  chassis_task.o
    0x08007e04   0x08007e04   0x00000044   Code   RO         6728    i.chassis_no_follow_yaw_control  chassis_behaviour.o
    0x08007e48   0x08007e48   0x00000040   Code   RO         6729    i.chassis_no_follow_yaw_control_gyop  chassis_behaviour.o
    0x08007e88   0x08007e88   0x0000002c   Code   RO         6730    i.chassis_no_move_control  chassis_behaviour.o
    0x08007eb4   0x08007eb4   0x0000005c   Code   RO         6731    i.chassis_open_set_control  chassis_behaviour.o
    0x08007f10   0x08007f10   0x0000015c   Code   RO         6818    i.chassis_rc_to_control_vector  chassis_task.o
    0x0800806c   0x0800806c   0x000001bc   Code   RO         6819    i.chassis_set_contorl  chassis_task.o
    0x08008228   0x08008228   0x00000012   Code   RO         6820    i.chassis_set_mode  chassis_task.o
    0x0800823a   0x0800823a   0x00000002   PAD
    0x0800823c   0x0800823c   0x000000cc   Code   RO         6821    i.chassis_task      chassis_task.o
    0x08008308   0x08008308   0x00000054   Code   RO         6822    i.chassis_vector_to_mecanum_wheel_speed  chassis_task.o
    0x0800835c   0x0800835c   0x0000002c   Code   RO         6732    i.chassis_zero_force_control  chassis_behaviour.o
    0x08008388   0x08008388   0x00000030   Code   RO         6307    i.delay_init        bsp_delay.o
    0x080083b8   0x080083b8   0x00000124   Code   RO         6881    i.detect_hook       detect_task.o
    0x080084dc   0x080084dc   0x00000168   Code   RO         6882    i.detect_init       detect_task.o
    0x08008644   0x08008644   0x00000288   Code   RO         6883    i.detect_task       detect_task.o
    0x080088cc   0x080088cc   0x00000054   Code   RO         7660    i.first_order_filter_cali  user_lib.o
    0x08008920   0x08008920   0x00000024   Code   RO         7661    i.first_order_filter_init  user_lib.o
    0x08008944   0x08008944   0x00000014   Code   RO         6346    i.flash_read        bsp_flash.o
    0x08008958   0x08008958   0x0000002a   Code   RO         7662    i.fp32_constrain    user_lib.o
    0x08008982   0x08008982   0x00000002   PAD
    0x08008984   0x08008984   0x00000008   Code   RO         6929    i.get_INS_angle_point  ins_task.o
    0x0800898c   0x0800898c   0x00000018   Code   RO         6639    i.get_chassis_motor_measure_point  can_receive.o
    0x080089a4   0x080089a4   0x00000008   Code   RO         6884    i.get_error_list_point  detect_task.o
    0x080089ac   0x080089ac   0x00000008   Code   RO         7089    i.get_remote_control_point  remote_control.o
    0x080089b4   0x080089b4   0x00000054   Code   RO         6934    i.gyro_offset_calc  ins_task.o
    0x08008a08   0x08008a08   0x000001a8   Code   RO         6936    i.imu_cmd_spi_dma   ins_task.o
    0x08008bb0   0x08008bb0   0x000001b0   Code   RO         7059    i.led_RGB_flow_task  led_flow_task.o
    0x08008d60   0x08008d60   0x00000060   Code   RO         7667    i.loop_fp32_constrain  user_lib.o
    0x08008dc0   0x08008dc0   0x00000058   Code   RO           15    i.main              main.o
    0x08008e18   0x08008e18   0x0000000e   Code   RO         5666    i.makeFreeRtosPriority  cmsis_os.o
    0x08008e26   0x08008e26   0x00000018   Code   RO         5668    i.osDelay           cmsis_os.o
    0x08008e3e   0x08008e3e   0x0000000a   Code   RO         5671    i.osKernelStart     cmsis_os.o
    0x08008e48   0x08008e48   0x00000010   Code   RO         5704    i.osSystickHandler  cmsis_os.o
    0x08008e58   0x08008e58   0x0000005e   Code   RO         5705    i.osThreadCreate    cmsis_os.o
    0x08008eb6   0x08008eb6   0x00000002   PAD
    0x08008eb8   0x08008eb8   0x000000a4   Code   RO         5164    i.prvAddCurrentTaskToDelayedList  tasks.o
    0x08008f5c   0x08008f5c   0x000000b4   Code   RO         5165    i.prvAddNewTaskToReadyList  tasks.o
    0x08009010   0x08009010   0x00000074   Code   RO         5513    i.prvCheckForValidListAndQueue  timers.o
    0x08009084   0x08009084   0x00000048   Code   RO         5166    i.prvCheckTasksWaitingTermination  tasks.o
    0x080090cc   0x080090cc   0x0000002a   Code   RO         4820    i.prvCopyDataFromQueue  queue.o
    0x080090f6   0x080090f6   0x0000007c   Code   RO         4821    i.prvCopyDataToQueue  queue.o
    0x08009172   0x08009172   0x00000050   Code   RO         5167    i.prvDeleteTCB      tasks.o
    0x080091c2   0x080091c2   0x00000002   PAD
    0x080091c4   0x080091c4   0x00000028   Code   RO         5514    i.prvGetNextExpireTime  timers.o
    0x080091ec   0x080091ec   0x0000007c   Code   RO         6045    i.prvHeapInit       heap_4.o
    0x08009268   0x08009268   0x00000028   Code   RO         5168    i.prvIdleTask       tasks.o
    0x08009290   0x08009290   0x00000026   Code   RO         4824    i.prvInitialiseNewQueue  queue.o
    0x080092b6   0x080092b6   0x000000b8   Code   RO         5169    i.prvInitialiseNewTask  tasks.o
    0x0800936e   0x0800936e   0x00000002   PAD
    0x08009370   0x08009370   0x00000068   Code   RO         5170    i.prvInitialiseTaskLists  tasks.o
    0x080093d8   0x080093d8   0x00000068   Code   RO         6046    i.prvInsertBlockIntoFreeList  heap_4.o
    0x08009440   0x08009440   0x00000058   Code   RO         5516    i.prvInsertTimerInActiveList  timers.o
    0x08009498   0x08009498   0x0000001a   Code   RO         4825    i.prvIsQueueEmpty   queue.o
    0x080094b2   0x080094b2   0x0000001e   Code   RO         4826    i.prvIsQueueFull    queue.o
    0x080094d0   0x080094d0   0x00000064   Code   RO         5517    i.prvProcessExpiredTimer  timers.o
    0x08009534   0x08009534   0x00000128   Code   RO         5518    i.prvProcessReceivedCommands  timers.o
    0x0800965c   0x0800965c   0x00000074   Code   RO         5519    i.prvProcessTimerOrBlockTask  timers.o
    0x080096d0   0x080096d0   0x00000034   Code   RO         5171    i.prvResetNextTaskUnblockTime  tasks.o
    0x08009704   0x08009704   0x0000002c   Code   RO         5520    i.prvSampleTimeNow  timers.o
    0x08009730   0x08009730   0x000000a0   Code   RO         5521    i.prvSwitchTimerLists  timers.o
    0x080097d0   0x080097d0   0x00000016   Code   RO         5173    i.prvTaskCheckFreeStackSpace  tasks.o
    0x080097e6   0x080097e6   0x00000002   PAD
    0x080097e8   0x080097e8   0x00000040   Code   RO         6095    i.prvTaskExitError  port.o
    0x08009828   0x08009828   0x0000001a   Code   RO         5522    i.prvTimerTask      timers.o
    0x08009842   0x08009842   0x0000007e   Code   RO         4827    i.prvUnlockQueue    queue.o
    0x080098c0   0x080098c0   0x0000013c   Code   RO         6047    i.pvPortMalloc      heap_4.o
    0x080099fc   0x080099fc   0x0000002c   Code   RO         6096    i.pxPortInitialiseStack  port.o
    0x08009a28   0x08009a28   0x00000014   Code   RO         7090    i.remote_control_init  remote_control.o
    0x08009a3c   0x08009a3c   0x000000da   Code   RO         7091    i.sbus_to_rc        remote_control.o
    0x08009b16   0x08009b16   0x00000002   PAD
    0x08009b18   0x08009b18   0x0000008c   Code   RO         7156    i.test_task         test_task.o
    0x08009ba4   0x08009ba4   0x00000018   Code   RO         6885    i.toe_is_error      detect_task.o
    0x08009bbc   0x08009bbc   0x00000028   Code   RO         4780    i.uxListRemove      list.o
    0x08009be4   0x08009be4   0x00000028   Code   RO         5178    i.uxTaskGetStackHighWaterMark  tasks.o
    0x08009c0c   0x08009c0c   0x00000018   Code   RO          373    i.vApplicationGetIdleTaskMemory  freertos.o
    0x08009c24   0x08009c24   0x00000018   Code   RO          374    i.vApplicationGetTimerTaskMemory  freertos.o
    0x08009c3c   0x08009c3c   0x0000001a   Code   RO         4781    i.vListInitialise   list.o
    0x08009c56   0x08009c56   0x00000006   Code   RO         4782    i.vListInitialiseItem  list.o
    0x08009c5c   0x08009c5c   0x00000034   Code   RO         4783    i.vListInsert       list.o
    0x08009c90   0x08009c90   0x00000018   Code   RO         4784    i.vListInsertEnd    list.o
    0x08009ca8   0x08009ca8   0x00000054   Code   RO         6098    i.vPortEnterCritical  port.o
    0x08009cfc   0x08009cfc   0x0000003c   Code   RO         6099    i.vPortExitCritical  port.o
    0x08009d38   0x08009d38   0x00000094   Code   RO         6048    i.vPortFree         heap_4.o
    0x08009dcc   0x08009dcc   0x00000028   Code   RO         6100    i.vPortSetupTimerInterrupt  port.o
    0x08009df4   0x08009df4   0x00000078   Code   RO         6101    i.vPortValidateInterruptPriority  port.o
    0x08009e6c   0x08009e6c   0x0000002c   Code   RO         4831    i.vQueueAddToRegistry  queue.o
    0x08009e98   0x08009e98   0x0000004a   Code   RO         4834    i.vQueueWaitForMessageRestricted  queue.o
    0x08009ee2   0x08009ee2   0x00000002   PAD
    0x08009ee4   0x08009ee4   0x0000005c   Code   RO         5182    i.vTaskDelay        tasks.o
    0x08009f40   0x08009f40   0x00000018   Code   RO         5186    i.vTaskInternalSetTimeOutState  tasks.o
    0x08009f58   0x08009f58   0x0000000c   Code   RO         5187    i.vTaskMissedYield  tasks.o
    0x08009f64   0x08009f64   0x000000f0   Code   RO         5188    i.vTaskNotifyGiveFromISR  tasks.o
    0x0800a054   0x0800a054   0x00000038   Code   RO         5189    i.vTaskPlaceOnEventList  tasks.o
    0x0800a08c   0x0800a08c   0x00000040   Code   RO         5190    i.vTaskPlaceOnEventListRestricted  tasks.o
    0x0800a0cc   0x0800a0cc   0x000000b8   Code   RO         5197    i.vTaskStartScheduler  tasks.o
    0x0800a184   0x0800a184   0x00000010   Code   RO         5199    i.vTaskSuspendAll   tasks.o
    0x0800a194   0x0800a194   0x0000008c   Code   RO         5200    i.vTaskSwitchContext  tasks.o
    0x0800a220   0x0800a220   0x00000168   Code   RO         6102    i.xPortStartScheduler  port.o
    0x0800a388   0x0800a388   0x00000034   Code   RO         6103    i.xPortSysTickHandler  port.o
    0x0800a3bc   0x0800a3bc   0x000000de   Code   RO         4838    i.xQueueGenericCreateStatic  queue.o
    0x0800a49a   0x0800a49a   0x00000002   PAD
    0x0800a49c   0x0800a49c   0x00000098   Code   RO         4839    i.xQueueGenericReset  queue.o
    0x0800a534   0x0800a534   0x000001a8   Code   RO         4840    i.xQueueGenericSend  queue.o
    0x0800a6dc   0x0800a6dc   0x000000f8   Code   RO         4841    i.xQueueGenericSendFromISR  queue.o
    0x0800a7d4   0x0800a7d4   0x00000168   Code   RO         4849    i.xQueueReceive     queue.o
    0x0800a93c   0x0800a93c   0x000000a8   Code   RO         5202    i.xTaskCheckForTimeOut  tasks.o
    0x0800a9e4   0x0800a9e4   0x00000064   Code   RO         5203    i.xTaskCreate       tasks.o
    0x0800aa48   0x0800aa48   0x000000b8   Code   RO         5204    i.xTaskCreateStatic  tasks.o
    0x0800ab00   0x0800ab00   0x00000020   Code   RO         5209    i.xTaskGetSchedulerState  tasks.o
    0x0800ab20   0x0800ab20   0x0000000c   Code   RO         5210    i.xTaskGetTickCount  tasks.o
    0x0800ab2c   0x0800ab2c   0x00000148   Code   RO         5212    i.xTaskIncrementTick  tasks.o
    0x0800ac74   0x0800ac74   0x000000c8   Code   RO         5215    i.xTaskPriorityDisinherit  tasks.o
    0x0800ad3c   0x0800ad3c   0x00000098   Code   RO         5217    i.xTaskRemoveFromEventList  tasks.o
    0x0800add4   0x0800add4   0x00000104   Code   RO         5218    i.xTaskResumeAll    tasks.o
    0x0800aed8   0x0800aed8   0x00000078   Code   RO         5527    i.xTimerCreateTimerTask  timers.o
    0x0800af50   0x0800af50   0x00000084   Code   RO         5528    i.xTimerGenericCommand  timers.o
    0x0800afd4   0x0800afd4   0x000002c4   Code   RO         8054    x$fpl$d2f           g_wm.l(d2f_clz.o)
    0x0800b298   0x0800b298   0x0000001a   Code   RO         8135    x$fpl$dfltn         g_wm.l(dflt_clz.o)
    0x0800b2b2   0x0800b2b2   0x00000102   Code   RO         8139    x$fpl$dnaninf       g_wm.l(dnaninf.o)
    0x0800b3b4   0x0800b3b4   0x00000070   Code   RO         8218    x$fpl$drenorm       g_wm.l(drenorm_clz.o)
    0x0800b424   0x0800b424   0x0000000c   Code   RO         8141    x$fpl$dretinf       g_wm.l(dretinf.o)
    0x0800b430   0x0800b430   0x0000017a   Code   RO         8197    x$fpl$dunder        g_wm.l(dunder_clz.o)
    0x0800b5aa   0x0800b5aa   0x00000002   PAD
    0x0800b5ac   0x0800b5ac   0x000001ec   Code   RO         8143    x$fpl$exception     g_wm.l(except.o)
    0x0800b798   0x0800b798   0x0000007a   Code   RO         8056    x$fpl$f2d           g_wm.l(f2d.o)
    0x0800b812   0x0800b812   0x000000f2   Code   RO         8145    x$fpl$fnaninf       g_wm.l(fnaninf.o)
    0x0800b904   0x0800b904   0x0000000a   Code   RO         8288    x$fpl$fpinit        g_wm.l(fpinit.o)
    0x0800b90e   0x0800b90e   0x0000000a   Code   RO         8147    x$fpl$fretinf       g_wm.l(fretinf.o)
    0x0800b918   0x0800b918   0x0000013c   Code   RO         8149    x$fpl$funder        g_wm.l(funder_clz.o)
    0x0800ba54   0x0800ba54   0x000000b2   Code   RO         8199    x$fpl$retnan        g_wm.l(retnan.o)
    0x0800bb06   0x0800bb06   0x0000007e   Code   RO         8151    x$fpl$trapveneer    g_wm.l(trapv.o)
    0x0800bb84   0x0800bb84   0x00000000   Code   RO         8153    x$fpl$usenofp       g_wm.l(usenofp.o)
    0x0800bb84   0x0800bb84   0x00000070   Data   RO          376    .constdata          freertos.o
    0x0800bbf4   0x0800bbf4   0x00000008   Data   RO         3982    .constdata          stm32f4xx_hal_dma.o
    0x0800bbfc   0x0800bbfc   0x00000018   Data   RO         4644    .constdata          system_stm32f4xx.o
    0x0800bc14   0x0800bc14   0x00000014   Data   RO         6824    .constdata          chassis_task.o
    0x0800bc28   0x0800bc28   0x0000001e   Data   RO         6887    .constdata          detect_task.o
    0x0800bc46   0x0800bc46   0x00000002   PAD
    0x0800bc48   0x0800bc48   0x00000804   Data   RO         8011    .constdata          arm_cortexM4lf_math.lib(arm_common_tables.o)
    0x0800c44c   0x0800c44c   0x0000001d   Data   RO          377    .conststring        freertos.o
    0x0800c469   0x0800c469   0x00000003   PAD
    0x0800c46c   0x0800c46c   0x00000020   Data   RO         8346    Region$$Table       anon$$obj.o


    Execution Region RW_IRAM1 (Exec base: 0x20000000, Load base: 0x0800c48c, Size: 0x0000b530, Max: 0x00020000, ABSOLUTE, COMPRESSED[0x00000068])

    Exec Addr    Load Addr    Size         Type   Attr      Idx    E Section Name        Object

    0x20000000   COMPRESSED   0x00000004   Data   RW          303    .data               can.o
    0x20000004   COMPRESSED   0x00000018   Data   RW          378    .data               freertos.o
    0x2000001c   COMPRESSED   0x00000009   Data   RW         4414    .data               stm32f4xx_hal.o
    0x20000025   COMPRESSED   0x00000003   PAD
    0x20000028   COMPRESSED   0x00000004   Data   RW         4645    .data               system_stm32f4xx.o
    0x2000002c   COMPRESSED   0x0000003c   Data   RW         5221    .data               tasks.o
    0x20000068   COMPRESSED   0x00000014   Data   RW         5536    .data               timers.o
    0x2000007c   COMPRESSED   0x00000018   Data   RW         6053    .data               heap_4.o
    0x20000094   COMPRESSED   0x0000000c   Data   RW         6104    .data               port.o
    0x200000a0   COMPRESSED   0x00000008   Data   RW         6310    .data               bsp_delay.o
    0x200000a8   COMPRESSED   0x00000008   Data   RW         6434    .data               bsp_led.o
    0x200000b0   COMPRESSED   0x00000054   Data   RW         6542    .data               calibrate_task.o
    0x20000104   COMPRESSED   0x00000011   Data   RW         6644    .data               can_receive.o
    0x20000115   COMPRESSED   0x00000003   PAD
    0x20000118   COMPRESSED   0x00000011   Data   RW         6733    .data               chassis_behaviour.o
    0x20000129   COMPRESSED   0x00000003   PAD
    0x2000012c   COMPRESSED   0x00000004   Data   RW         6825    .data               chassis_task.o
    0x20000130   COMPRESSED   0x00000009   Data   RW         6888    .data               detect_task.o
    0x20000139   COMPRESSED   0x00000003   PAD
    0x2000013c   COMPRESSED   0x000000a0   Data   RW         6940    .data               ins_task.o
    0x200001dc   COMPRESSED   0x0000001c   Data   RW         7060    .data               led_flow_task.o
    0x200001f8   COMPRESSED   0x00000002   Data   RW         7095    .data               remote_control.o
    0x200001fa   COMPRESSED   0x00000002   PAD
    0x200001fc   COMPRESSED   0x0000000a   Data   RW         7157    .data               test_task.o
    0x20000206   COMPRESSED   0x00000002   PAD
    0x20000208        -       0x00000050   Zero   RW          302    .bss                can.o
    0x20000258        -       0x000006a8   Zero   RW          375    .bss                freertos.o
    0x20000900        -       0x00000054   Zero   RW          430    .bss                i2c.o
    0x20000954        -       0x00000020   Zero   RW          472    .bss                rtc.o
    0x20000974        -       0x00000118   Zero   RW          514    .bss                spi.o
    0x20000a8c        -       0x00000140   Zero   RW          561    .bss                tim.o
    0x20000bcc        -       0x000000a0   Zero   RW          628    .bss                usart.o
    0x20000c6c        -       0x00000040   Zero   RW         4852    .bss                queue.o
    0x20000cac        -       0x000000f0   Zero   RW         5220    .bss                tasks.o
    0x20000d9c        -       0x00000110   Zero   RW         5535    .bss                timers.o
    0x20000eac        -       0x00006000   Zero   RW         6052    .bss                heap_4.o
    0x20006eac        -       0x00000115   Zero   RW         6540    .bss                calibrate_task.o
    0x20006fc1   COMPRESSED   0x00000003   PAD
    0x20006fc4        -       0x00000078   Zero   RW         6643    .bss                can_receive.o
    0x2000703c        -       0x00000224   Zero   RW         6823    .bss                chassis_task.o
    0x20007260        -       0x000000d8   Zero   RW         6886    .bss                detect_task.o
    0x20007338        -       0x00000134   Zero   RW         6938    .bss                ins_task.o
    0x2000746c        -       0x0000005e   Zero   RW         7094    .bss                remote_control.o
    0x200074ca   COMPRESSED   0x00000002   PAD
    0x200074cc        -       0x00000060   Zero   RW         8202    .bss                c_w.l(libspace.o)
    0x2000752c   COMPRESSED   0x00000004   PAD
    0x20007530        -       0x00002000   Zero   RW            2    HEAP                startup_stm32f407xx.o
    0x20009530        -       0x00002000   Zero   RW            1    STACK               startup_stm32f407xx.o


==============================================================================

Image component sizes


      Code (inc. data)   RO Data    RW Data    ZI Data      Debug   Object Name

        36         12          0          0          0     600677   bsp_buzzer.o
        92          8          0          0          0        646   bsp_can.o
        48         16          0          8          0        777   bsp_delay.o
        20          0          0          0          0       1093   bsp_flash.o
       104         22          0          8          0        648   bsp_led.o
       260         28          0          0          0       2203   bsp_rc.o
     10044        146          0          0          0       4990   bsp_spi.o
       580         30          0         84        277      10568   calibrate_task.o
       488         44          0          4         80       2678   can.o
       324         34          0         17        120       5270   can_receive.o
      1028         80          0         17          0      12890   chassis_behaviour.o
      2078        110         20          4        548       8384   chassis_task.o
       158          0          0          0          0      23150   cmsis_os.o
      1332         44         30          9        216       4253   detect_task.o
       120          6          0          0          0        918   dma.o
         0          0          0          0          0      18060   event_groups.o
       172         40        141         24       1704       3441   freertos.o
       448         24          0          0          0       1283   gpio.o
       692         62          0         24      24576       5127   heap_4.o
       260         30          0          0         84       1921   i2c.o
      3096        170          0        160        308      17871   ins_task.o
       432         10          0         28          0       1833   led_flow_task.o
       148          0          0          0          0       3918   list.o
       302         14          0          0          0     759256   main.o
       592          8          0          0          0       2086   pid.o
      1014         92          0         12          0      12761   port.o
      1910         20          0          0         64      15520   queue.o
       550         36          0          2         94       3503   remote_control.o
        76         16          0          0         32       1643   rtc.o
       416         38          0          0        280       2131   spi.o
        64         26        392          0      16384        904   startup_stm32f407xx.o
       172         32          0          9          0       4277   stm32f4xx_hal.o
      2136          6          0          0          0      15499   stm32f4xx_hal_can.o
       304         22          0          0          0      34871   stm32f4xx_hal_cortex.o
       458         10          8          0          0       3007   stm32f4xx_hal_dma.o
       552         50          0          0          0       3183   stm32f4xx_hal_gpio.o
       440         18          0          0          0       2151   stm32f4xx_hal_i2c.o
        84          6          0          0          0        954   stm32f4xx_hal_msp.o
      1732         84          0          0          0       5948   stm32f4xx_hal_rcc.o
       416         20          0          0          0       1528   stm32f4xx_hal_rcc_ex.o
       336          4          0          0          0       2852   stm32f4xx_hal_rtc.o
       140          0          0          0          0       1283   stm32f4xx_hal_spi.o
      1572         90          0          0          0      13879   stm32f4xx_hal_tim.o
        84          0          0          0          0       1400   stm32f4xx_hal_tim_ex.o
       986          8          0          0          0       1984   stm32f4xx_hal_uart.o
       104         12          0          0          0       6913   stm32f4xx_it.o
         0          0          0          0          0        384   stream_buffer.o
       100         18         24          4          0       1335   system_stm32f4xx.o
      3202        384          0         60        240      28869   tasks.o
       264         28          0         10          0       2236   test_task.o
      1400        126          0          0        320       6030   tim.o
      1238        124          0         20        272      28067   timers.o
       284         32          0          0        160       1997   usart.o
       258          4          0          0          0       3479   user_lib.o

    ----------------------------------------------------------------------
     43194       2244        652        520      45764    1702529   Object Totals
         0          0         32          0          0          0   (incl. Generated)
        48          0          5         16          5          0   (incl. Padding)

    ----------------------------------------------------------------------

      Code (inc. data)   RO Data    RW Data    ZI Data      Debug   Library Member Name

         0          0       2052          0          0       4636   arm_common_tables.o
         0          0          0          0          0      16316   arm_cos_f32.o
       116         12          0          0          0        658   arm_sin_f32.o
        90          0          0          0          0          0   __dczerorl2.o
         8          0          0          0          0         68   __main.o
         0          0          0          0          0          0   __rtentry.o
        12          0          0          0          0          0   __rtentry2.o
         6          0          0          0          0          0   __rtentry4.o
        52          8          0          0          0          0   __scatter.o
        28          0          0          0          0          0   __scatter_zi.o
        48          4          0          0          0         84   _fptrap.o
        16          0          0          0          0         68   aeabi_memset.o
        10          0          0          0          0         68   defsig_exit.o
       172        110          0          0          0         76   defsig_fpe_inner.o
        14          0          0          0          0         80   defsig_fpe_outer.o
        50          0          0          0          0         88   defsig_general.o
        18          0          0          0          0         80   exit.o
         6          0          0          0          0        152   heapauxi.o
         0          0          0          0          0          0   indicate_semi.o
         2          0          0          0          0          0   libinit.o
         6          0          0          0          0          0   libinit2.o
         2          0          0          0          0          0   libshutdown.o
         2          0          0          0          0          0   libshutdown2.o
         8          4          0          0         96         68   libspace.o
       238          0          0          0          0        100   lludivv7m.o
        68          0          0          0          0         68   rt_memclr.o
        78          0          0          0          0         80   rt_memclr_w.o
       138          0          0          0          0         68   rt_memcpy_v6.o
       100          0          0          0          0         80   rt_memcpy_w.o
         2          0          0          0          0          0   rtexit.o
        10          0          0          0          0          0   rtexit2.o
        12          4          0          0          0         68   sys_exit.o
        74          0          0          0          0         80   sys_stackheap_outer.o
        14          0          0          0          0         76   sys_wrch.o
         2          0          0          0          0         68   use_no_semi.o
       708         16          0          0          0        140   d2f_clz.o
        26          0          0          0          0        116   dflt_clz.o
       258          4          0          0          0        156   dnaninf.o
       112          0          0          0          0        160   drenorm_clz.o
        12          0          0          0          0        116   dretinf.o
       378          0          0          0          0        168   dunder_clz.o
       492         36          0          0          0        148   except.o
       122          8          0          0          0        132   f2d.o
       242          4          0          0          0        144   fnaninf.o
        10          0          0          0          0        116   fpinit.o
        10          0          0          0          0        116   fretinf.o
       316          0          0          0          0        132   funder_clz.o
       178          0          0          0          0        116   retnan.o
       126          0          0          0          0        148   trapv.o
         0          0          0          0          0          0   usenofp.o
        20          0          0          0          0        124   fabs.o

    ----------------------------------------------------------------------
      4418        210       2052          0        100      25162   Library Totals
         6          0          0          0          4          0   (incl. Padding)

    ----------------------------------------------------------------------

      Code (inc. data)   RO Data    RW Data    ZI Data      Debug   Library Name

       116         12       2052          0          0      21610   arm_cortexM4lf_math.lib
      1286        130          0          0         96       1520   c_w.l
      2990         68          0          0          0       1908   g_wm.l
        20          0          0          0          0        124   m_wm.l

    ----------------------------------------------------------------------
      4418        210       2052          0        100      25162   Library Totals

    ----------------------------------------------------------------------

==============================================================================


      Code (inc. data)   RO Data    RW Data    ZI Data      Debug   

     47612       2454       2704        520      45864    1702211   Grand Totals
     47612       2454       2704        104      45864    1702211   ELF Image Totals (compressed)
     47612       2454       2704        104          0          0   ROM Totals

==============================================================================

    Total RO  Size (Code + RO Data)                50316 (  49.14kB)
    Total RW  Size (RW Data + ZI Data)             46384 (  45.30kB)
    Total ROM Size (Code + RO Data + RW Data)      50420 (  49.24kB)

==============================================================================

