Component: ARM Compiler 5.06 update 7 (build 960) Tool: armlink [4d3601]

==============================================================================

Section Cross References

    startup_stm32f407xx.o(STACK) refers (Special) to heapauxi.o(.text) for __use_two_region_memory
    startup_stm32f407xx.o(HEAP) refers (Special) to heapauxi.o(.text) for __use_two_region_memory
    startup_stm32f407xx.o(RESET) refers (Special) to heapauxi.o(.text) for __use_two_region_memory
    startup_stm32f407xx.o(RESET) refers to startup_stm32f407xx.o(STACK) for __initial_sp
    startup_stm32f407xx.o(RESET) refers to startup_stm32f407xx.o(.text) for Reset_Handler
    startup_stm32f407xx.o(RESET) refers to stm32f4xx_it.o(i.NMI_Handler) for NMI_Handler
    startup_stm32f407xx.o(RESET) refers to stm32f4xx_it.o(i.HardFault_Handler) for HardFault_Handler
    startup_stm32f407xx.o(RESET) refers to stm32f4xx_it.o(i.MemManage_Handler) for MemManage_Handler
    startup_stm32f407xx.o(RESET) refers to stm32f4xx_it.o(i.BusFault_Handler) for BusFault_Handler
    startup_stm32f407xx.o(RESET) refers to stm32f4xx_it.o(i.UsageFault_Handler) for UsageFault_Handler
    startup_stm32f407xx.o(RESET) refers to stm32f4xx_it.o(i.SVC_Handler) for SVC_Handler
    startup_stm32f407xx.o(RESET) refers to stm32f4xx_it.o(i.DebugMon_Handler) for DebugMon_Handler
    startup_stm32f407xx.o(RESET) refers to stm32f4xx_it.o(i.PendSV_Handler) for PendSV_Handler
    startup_stm32f407xx.o(RESET) refers to stm32f4xx_it.o(i.SysTick_Handler) for SysTick_Handler
    startup_stm32f407xx.o(RESET) refers to stm32f4xx_it.o(i.DMA1_Stream1_IRQHandler) for DMA1_Stream1_IRQHandler
    startup_stm32f407xx.o(RESET) refers to stm32f4xx_it.o(i.USART1_IRQHandler) for USART1_IRQHandler
    startup_stm32f407xx.o(RESET) refers to stm32f4xx_it.o(i.USART3_IRQHandler) for USART3_IRQHandler
    startup_stm32f407xx.o(RESET) refers to stm32f4xx_it.o(i.DMA2_Stream7_IRQHandler) for DMA2_Stream7_IRQHandler
    startup_stm32f407xx.o(.text) refers (Special) to heapauxi.o(.text) for __use_two_region_memory
    startup_stm32f407xx.o(.text) refers to system_stm32f4xx.o(i.SystemInit) for SystemInit
    startup_stm32f407xx.o(.text) refers to __main.o(!!!main) for __main
    startup_stm32f407xx.o(.text) refers to startup_stm32f407xx.o(HEAP) for Heap_Mem
    startup_stm32f407xx.o(.text) refers to startup_stm32f407xx.o(STACK) for Stack_Mem
    main.o(i.HAL_UARTEx_RxEventCallback) refers to stm32f4xx_hal_gpio.o(i.HAL_GPIO_TogglePin) for HAL_GPIO_TogglePin
    main.o(i.HAL_UARTEx_RxEventCallback) refers to main.o(i.sbus_to_rc) for sbus_to_rc
    main.o(i.HAL_UARTEx_RxEventCallback) refers to main.o(i.uart_printf) for uart_printf
    main.o(i.HAL_UARTEx_RxEventCallback) refers to usart.o(.bss) for huart3
    main.o(i.HAL_UARTEx_RxEventCallback) refers to main.o(.data) for .data
    main.o(i.HAL_UARTEx_RxEventCallback) refers to main.o(.bss) for .bss
    main.o(i.HAL_UART_TxCpltCallback) refers to usart.o(.bss) for huart1
    main.o(i.HAL_UART_TxCpltCallback) refers to main.o(.data) for .data
    main.o(i.RC_Init) refers to usart.o(.bss) for huart3
    main.o(i.SystemClock_Config) refers to rt_memclr_w.o(.text) for __aeabi_memclr4
    main.o(i.SystemClock_Config) refers to stm32f4xx_hal_rcc.o(i.HAL_RCC_OscConfig) for HAL_RCC_OscConfig
    main.o(i.SystemClock_Config) refers to stm32f4xx_hal_rcc.o(i.HAL_RCC_ClockConfig) for HAL_RCC_ClockConfig
    main.o(i.main) refers to stm32f4xx_hal.o(i.HAL_Init) for HAL_Init
    main.o(i.main) refers to main.o(i.SystemClock_Config) for SystemClock_Config
    main.o(i.main) refers to gpio.o(i.MX_GPIO_Init) for MX_GPIO_Init
    main.o(i.main) refers to dma.o(i.MX_DMA_Init) for MX_DMA_Init
    main.o(i.main) refers to usart.o(i.MX_USART1_UART_Init) for MX_USART1_UART_Init
    main.o(i.main) refers to usart.o(i.MX_USART3_UART_Init) for MX_USART3_UART_Init
    main.o(i.main) refers to main.o(i.RC_Init) for RC_Init
    main.o(i.main) refers to stm32f4xx_hal_uart.o(i.HAL_UARTEx_ReceiveToIdle_DMA) for HAL_UARTEx_ReceiveToIdle_DMA
    main.o(i.main) refers to main.o(i.uart_printf) for uart_printf
    main.o(i.main) refers to stm32f4xx_hal.o(i.HAL_Delay) for HAL_Delay
    main.o(i.main) refers to main.o(.bss) for .bss
    main.o(i.main) refers to usart.o(.bss) for huart3
    main.o(i.uart_printf) refers to rt_memclr_w.o(.text) for __aeabi_memclr4
    main.o(i.uart_printf) refers to vsprintf.o(.text) for vsprintf
    main.o(i.uart_printf) refers to main.o(i.usart1_tx_dma_enable) for usart1_tx_dma_enable
    main.o(i.uart_printf) refers to main.o(.data) for .data
    main.o(i.usart1_tx_dma_enable) refers to stm32f4xx_hal_uart.o(i.HAL_UART_Transmit_DMA) for HAL_UART_Transmit_DMA
    main.o(i.usart1_tx_dma_enable) refers to main.o(.data) for .data
    main.o(i.usart1_tx_dma_enable) refers to usart.o(.bss) for huart1
    gpio.o(i.MX_GPIO_Init) refers to rt_memclr_w.o(.text) for __aeabi_memclr4
[...]
    .ARM.Collect$$libshutdown$$00000012      0x080002b2   Section        2  libshutdown2.o(.ARM.Collect$$libshutdown$$00000012)
    .ARM.Collect$$rtentry$$00000000          0x080002b4   Section        0  __rtentry.o(.ARM.Collect$$rtentry$$00000000)
    .ARM.Collect$$rtentry$$00000002          0x080002b4   Section        0  __rtentry2.o(.ARM.Collect$$rtentry$$00000002)
    .ARM.Collect$$rtentry$$00000004          0x080002b4   Section        6  __rtentry4.o(.ARM.Collect$$rtentry$$00000004)
    .ARM.Collect$$rtentry$$00000009          0x080002ba   Section        0  __rtentry2.o(.ARM.Collect$$rtentry$$00000009)
    .ARM.Collect$$rtentry$$0000000A          0x080002ba   Section        4  __rtentry2.o(.ARM.Collect$$rtentry$$0000000A)
    .ARM.Collect$$rtentry$$0000000C          0x080002be   Section        0  __rtentry2.o(.ARM.Collect$$rtentry$$0000000C)
    .ARM.Collect$$rtentry$$0000000D          0x080002be   Section        8  __rtentry2.o(.ARM.Collect$$rtentry$$0000000D)
    .ARM.Collect$$rtexit$$00000000           0x080002c6   Section        2  rtexit.o(.ARM.Collect$$rtexit$$00000000)
    .ARM.Collect$$rtexit$$00000002           0x080002c8   Section        0  rtexit2.o(.ARM.Collect$$rtexit$$00000002)
    .ARM.Collect$$rtexit$$00000003           0x080002c8   Section        4  rtexit2.o(.ARM.Collect$$rtexit$$00000003)
    .ARM.Collect$$rtexit$$00000004           0x080002cc   Section        6  rtexit2.o(.ARM.Collect$$rtexit$$00000004)
    .text                                    0x080002d4   Section       64  startup_stm32f407xx.o(.text)
    $v0                                      0x080002d4   Number         0  startup_stm32f407xx.o(.text)
    .text                                    0x08000314   Section      238  lludivv7m.o(.text)
    .text                                    0x08000404   Section        0  vsprintf.o(.text)
    .text                                    0x08000428   Section       78  rt_memclr_w.o(.text)
    .text                                    0x08000476   Section        0  heapauxi.o(.text)
    .text                                    0x0800047c   Section        0  _printf_pad.o(.text)
    .text                                    0x080004ca   Section        0  _printf_truncate.o(.text)
    .text                                    0x080004ee   Section        0  _printf_str.o(.text)
    .text                                    0x08000540   Section        0  _printf_dec.o(.text)
    .text                                    0x080005b8   Section        0  _printf_charcount.o(.text)
    .text                                    0x080005e0   Section        0  _printf_char_common.o(.text)
    _printf_input_char                       0x080005e1   Thumb Code    10  _printf_char_common.o(.text)
    .text                                    0x08000610   Section        0  _sputc.o(.text)
    .text                                    0x0800061c   Section        0  _printf_wctomb.o(.text)
    .text                                    0x080006d8   Section        0  _printf_longlong_dec.o(.text)
    .text                                    0x08000754   Section        0  _printf_oct_int_ll.o(.text)
    _printf_longlong_oct_internal            0x08000755   Thumb Code     0  _printf_oct_int_ll.o(.text)
    .text                                    0x080007c4   Section        0  _printf_hex_int_ll_ptr.o(.text)
    _printf_hex_common                       0x080007c5   Thumb Code     0  _printf_hex_int_ll_ptr.o(.text)
    .text                                    0x08000858   Section        0  __printf_flags_ss_wp.o(.text)
    .text                                    0x080009e0   Section      138  lludiv10.o(.text)
    .text                                    0x08000a6a   Section        0  _printf_intcommon.o(.text)
    .text                                    0x08000b1c   Section        0  _printf_fp_dec.o(.text)
    _fp_digits                               0x08000b1f   Thumb Code   432  _printf_fp_dec.o(.text)
    .text                                    0x08000f3c   Section        0  _printf_fp_hex.o(.text)
    .text                                    0x08001238   Section        0  _printf_char.o(.text)
    .text                                    0x08001264   Section        0  _printf_wchar.o(.text)
    .text                                    0x08001290   Section        0  _wcrtomb.o(.text)
    .text                                    0x080012d0   Section       74  sys_stackheap_outer.o(.text)
    .text                                    0x0800131c   Section       16  rt_ctype_table.o(.text)
    .text                                    0x0800132c   Section        8  rt_locale_intlibspace.o(.text)
    .text                                    0x08001334   Section        0  _printf_fp_infnan.o(.text)
    .text                                    0x080013b4   Section        0  bigflt0.o(.text)
    .text                                    0x08001498   Section        0  exit.o(.text)
    .text                                    0x080014ac   Section        8  libspace.o(.text)
    .text                                    0x080014b4   Section      128  strcmpv7m.o(.text)
    .text                                    0x08001534   Section        0  sys_exit.o(.text)
    .text                                    0x08001540   Section        2  use_no_semi.o(.text)
    .text                                    0x08001542   Section        0  indicate_semi.o(.text)
    CL$$btod_d2e                             0x08001542   Section       62  btod.o(CL$$btod_d2e)
    CL$$btod_d2e_denorm_low                  0x08001580   Section       70  btod.o(CL$$btod_d2e_denorm_low)
    CL$$btod_d2e_norm_op1                    0x080015c6   Section       96  btod.o(CL$$btod_d2e_norm_op1)
    CL$$btod_div_common                      0x08001626   Section      824  btod.o(CL$$btod_div_common)
    CL$$btod_e2e                             0x0800195e   Section      220  btod.o(CL$$btod_e2e)
    CL$$btod_ediv                            0x08001a3a   Section       42  btod.o(CL$$btod_ediv)
    CL$$btod_emul                            0x08001a64   Section       42  btod.o(CL$$btod_emul)
    CL$$btod_mult_common                     0x08001a8e   Section      580  btod.o(CL$$btod_mult_common)
    i.BusFault_Handler                       0x08001cd2   Section        0  stm32f4xx_it.o(i.BusFault_Handler)
    i.DMA1_Stream1_IRQHandler                0x08001cd4   Section        0  stm32f4xx_it.o(i.DMA1_Stream1_IRQHandler)
    i.DMA2_Stream7_IRQHandler                0x08001ce0   Section        0  stm32f4xx_it.o(i.DMA2_Stream7_IRQHandler)
    i.DMA_CalcBaseAndBitshift                0x08001cec   Section        0  stm32f4xx_hal_dma.o(i.DMA_CalcBaseAndBitshift)
    DMA_CalcBaseAndBitshift                  0x08001ced   Thumb Code    34  stm32f4xx_hal_dma.o(i.DMA_CalcBaseAndBitshift)
    i.DMA_CheckFifoParam                     0x08001d14   Section        0  stm32f4xx_hal_dma.o(i.DMA_CheckFifoParam)
    DMA_CheckFifoParam                       0x08001d15   Thumb Code    84  stm32f4xx_hal_dma.o(i.DMA_CheckFifoParam)
    i.DMA_SetConfig                          0x08001d68   Section        0  stm32f4xx_hal_dma.o(i.DMA_SetConfig)
    DMA_SetConfig                            0x08001d69   Thumb Code    40  stm32f4xx_hal_dma.o(i.DMA_SetConfig)
    i.DebugMon_Handler                       0x08001d90   Section        0  stm32f4xx_it.o(i.DebugMon_Handler)
    i.Error_Handler                          0x08001d92   Section        0  main.o(i.Error_Handler)
    i.HAL_DMA_Abort                          0x08001d96   Section        0  stm32f4xx_hal_dma.o(i.HAL_DMA_Abort)
    i.HAL_DMA_Abort_IT                       0x08001e28   Section        0  stm32f4xx_hal_dma.o(i.HAL_DMA_Abort_IT)
    i.HAL_DMA_IRQHandler                     0x08001e4c   Section        0  stm32f4xx_hal_dma.o(i.HAL_DMA_IRQHandler)
    i.HAL_DMA_Init                           0x08001fec   Section        0  stm32f4xx_hal_dma.o(i.HAL_DMA_Init)
    i.HAL_DMA_Start_IT                       0x080020c0   Section        0  stm32f4xx_hal_dma.o(i.HAL_DMA_Start_IT)
    i.HAL_Delay                              0x08002130   Section        0  stm32f4xx_hal.o(i.HAL_Delay)
    i.HAL_GPIO_Init                          0x08002154   Section        0  stm32f4xx_hal_gpio.o(i.HAL_GPIO_Init)
    i.HAL_GPIO_TogglePin                     0x08002344   Section        0  stm32f4xx_hal_gpio.o(i.HAL_GPIO_TogglePin)
    i.HAL_GPIO_WritePin                      0x08002354   Section        0  stm32f4xx_hal_gpio.o(i.HAL_GPIO_WritePin)
    i.HAL_GetTick                            0x08002360   Section        0  stm32f4xx_hal.o(i.HAL_GetTick)
    i.HAL_IncTick                            0x0800236c   Section        0  stm32f4xx_hal.o(i.HAL_IncTick)
    i.HAL_Init                               0x0800237c   Section        0  stm32f4xx_hal.o(i.HAL_Init)
    i.HAL_InitTick                           0x080023b0   Section        0  stm32f4xx_hal.o(i.HAL_InitTick)
    i.HAL_MspInit                            0x080023f0   Section        0  stm32f4xx_hal_msp.o(i.HAL_MspInit)
    i.HAL_NVIC_EnableIRQ                     0x08002420   Section        0  stm32f4xx_hal_cortex.o(i.HAL_NVIC_EnableIRQ)
    i.HAL_NVIC_SetPriority                   0x0800243c   Section        0  stm32f4xx_hal_cortex.o(i.HAL_NVIC_SetPriority)
    i.HAL_NVIC_SetPriorityGrouping           0x0800247c   Section        0  stm32f4xx_hal_cortex.o(i.HAL_NVIC_SetPriorityGrouping)
    i.HAL_RCC_ClockConfig                    0x080024a0   Section        0  stm32f4xx_hal_rcc.o(i.HAL_RCC_ClockConfig)
    i.HAL_RCC_GetPCLK1Freq                   0x080025d4   Section        0  stm32f4xx_hal_rcc.o(i.HAL_RCC_GetPCLK1Freq)
    i.HAL_RCC_GetPCLK2Freq                   0x080025f4   Section        0  stm32f4xx_hal_rcc.o(i.HAL_RCC_GetPCLK2Freq)
    i.HAL_RCC_GetSysClockFreq                0x08002614   Section        0  stm32f4xx_hal_rcc.o(i.HAL_RCC_GetSysClockFreq)
    i.HAL_RCC_OscConfig                      0x08002678   Section        0  stm32f4xx_hal_rcc.o(i.HAL_RCC_OscConfig)
    i.HAL_SYSTICK_Config                     0x080029e4   Section        0  stm32f4xx_hal_cortex.o(i.HAL_SYSTICK_Config)
    i.HAL_UARTEx_ReceiveToIdle_DMA           0x08002a0c   Section        0  stm32f4xx_hal_uart.o(i.HAL_UARTEx_ReceiveToIdle_DMA)
    i.HAL_UARTEx_RxEventCallback             0x08002a58   Section        0  main.o(i.HAL_UARTEx_RxEventCallback)
    i.HAL_UART_ErrorCallback                 0x08002bb4   Section        0  stm32f4xx_hal_uart.o(i.HAL_UART_ErrorCallback)
    i.HAL_UART_IRQHandler                    0x08002bb8   Section        0  stm32f4xx_hal_uart.o(i.HAL_UART_IRQHandler)
    i.HAL_UART_Init                          0x08002e38   Section        0  stm32f4xx_hal_uart.o(i.HAL_UART_Init)
    i.HAL_UART_MspInit                       0x08002e9c   Section        0  usart.o(i.HAL_UART_MspInit)
    i.HAL_UART_RxCpltCallback                0x08002fe0   Section        0  stm32f4xx_hal_uart.o(i.HAL_UART_RxCpltCallback)
    i.HAL_UART_RxHalfCpltCallback            0x08002fe2   Section        0  stm32f4xx_hal_uart.o(i.HAL_UART_RxHalfCpltCallback)
    i.HAL_UART_Transmit_DMA                  0x08002fe4   Section        0  stm32f4xx_hal_uart.o(i.HAL_UART_Transmit_DMA)
    i.HAL_UART_TxCpltCallback                0x08003068   Section        0  main.o(i.HAL_UART_TxCpltCallback)
    i.HAL_UART_TxHalfCpltCallback            0x08003080   Section        0  stm32f4xx_hal_uart.o(i.HAL_UART_TxHalfCpltCallback)
    i.HardFault_Handler                      0x08003082   Section        0  stm32f4xx_it.o(i.HardFault_Handler)
    i.MX_DMA_Init                            0x08003084   Section        0  dma.o(i.MX_DMA_Init)
    i.MX_GPIO_Init                           0x080030d0   Section        0  gpio.o(i.MX_GPIO_Init)
    i.MX_USART1_UART_Init                    0x08003150   Section        0  usart.o(i.MX_USART1_UART_Init)
    i.MX_USART3_UART_Init                    0x08003188   Section        0  usart.o(i.MX_USART3_UART_Init)
    i.MemManage_Handler                      0x080031c0   Section        0  stm32f4xx_it.o(i.MemManage_Handler)
    i.NMI_Handler                            0x080031c2   Section        0  stm32f4xx_it.o(i.NMI_Handler)
    i.PendSV_Handler                         0x080031c4   Section        0  stm32f4xx_it.o(i.PendSV_Handler)
    i.RC_Init                                0x080031c8   Section        0  main.o(i.RC_Init)
    i.SVC_Handler                            0x08003228   Section        0  stm32f4xx_it.o(i.SVC_Handler)
    i.SysTick_Handler                        0x0800322a   Section        0  stm32f4xx_it.o(i.SysTick_Handler)
    i.SystemClock_Config                     0x08003230   Section        0  main.o(i.SystemClock_Config)
    i.SystemInit                             0x080032c4   Section        0  system_stm32f4xx.o(i.SystemInit)
    i.UART_DMAAbortOnError                   0x080032d4   Section        0  stm32f4xx_hal_uart.o(i.UART_DMAAbortOnError)
    UART_DMAAbortOnError                     0x080032d5   Thumb Code    14  stm32f4xx_hal_uart.o(i.UART_DMAAbortOnError)
    i.UART_DMAError                          0x080032e2   Section        0  stm32f4xx_hal_uart.o(i.UART_DMAError)
    UART_DMAError                            0x080032e3   Thumb Code    74  stm32f4xx_hal_uart.o(i.UART_DMAError)
    i.UART_DMAReceiveCplt                    0x0800332c   Section        0  stm32f4xx_hal_uart.o(i.UART_DMAReceiveCplt)
    UART_DMAReceiveCplt                      0x0800332d   Thumb Code   134  stm32f4xx_hal_uart.o(i.UART_DMAReceiveCplt)
    i.UART_DMARxHalfCplt                     0x080033b2   Section        0  stm32f4xx_hal_uart.o(i.UART_DMARxHalfCplt)
    UART_DMARxHalfCplt                       0x080033b3   Thumb Code    30  stm32f4xx_hal_uart.o(i.UART_DMARxHalfCplt)
    i.UART_DMATransmitCplt                   0x080033d0   Section        0  stm32f4xx_hal_uart.o(i.UART_DMATransmitCplt)
    UART_DMATransmitCplt                     0x080033d1   Thumb Code    66  stm32f4xx_hal_uart.o(i.UART_DMATransmitCplt)
    i.UART_DMATxHalfCplt                     0x08003412   Section        0  stm32f4xx_hal_uart.o(i.UART_DMATxHalfCplt)
    UART_DMATxHalfCplt                       0x08003413   Thumb Code    10  stm32f4xx_hal_uart.o(i.UART_DMATxHalfCplt)
    i.UART_EndRxTransfer                     0x0800341c   Section        0  stm32f4xx_hal_uart.o(i.UART_EndRxTransfer)
    UART_EndRxTransfer                       0x0800341d   Thumb Code    78  stm32f4xx_hal_uart.o(i.UART_EndRxTransfer)
    i.UART_EndTxTransfer                     0x0800346a   Section        0  stm32f4xx_hal_uart.o(i.UART_EndTxTransfer)
    UART_EndTxTransfer                       0x0800346b   Thumb Code    28  stm32f4xx_hal_uart.o(i.UART_EndTxTransfer)
    i.UART_Receive_IT                        0x08003486   Section        0  stm32f4xx_hal_uart.o(i.UART_Receive_IT)
    UART_Receive_IT                          0x08003487   Thumb Code   194  stm32f4xx_hal_uart.o(i.UART_Receive_IT)
    i.UART_SetConfig                         0x08003548   Section        0  stm32f4xx_hal_uart.o(i.UART_SetConfig)
    UART_SetConfig                           0x08003549   Thumb Code   258  stm32f4xx_hal_uart.o(i.UART_SetConfig)
    i.UART_Start_Receive_DMA                 0x08003654   Section        0  stm32f4xx_hal_uart.o(i.UART_Start_Receive_DMA)
    i.USART1_IRQHandler                      0x080036f4   Section        0  stm32f4xx_it.o(i.USART1_IRQHandler)
    i.USART3_IRQHandler                      0x08003700   Section        0  stm32f4xx_it.o(i.USART3_IRQHandler)
    i.UsageFault_Handler                     0x0800370c   Section        0  stm32f4xx_it.o(i.UsageFault_Handler)
    i.__ARM_fpclassify                       0x0800370e   Section        0  fpclassify.o(i.__ARM_fpclassify)
    i.__NVIC_SetPriority                     0x0800373e   Section        0  stm32f4xx_hal_cortex.o(i.__NVIC_SetPriority)
    __NVIC_SetPriority                       0x0800373f   Thumb Code    32  stm32f4xx_hal_cortex.o(i.__NVIC_SetPriority)
    i._is_digit                              0x0800375e   Section        0  __printf_wp.o(i._is_digit)
    i.main                                   0x0800376c   Section        0  main.o(i.main)
    i.sbus_to_rc                             0x080037e4   Section        0  main.o(i.sbus_to_rc)
    sbus_to_rc                               0x080037e5   Thumb Code   180  main.o(i.sbus_to_rc)
    i.uart_printf                            0x08003898   Section        0  main.o(i.uart_printf)
    i.usart1_tx_dma_enable                   0x080038cc   Section        0  main.o(i.usart1_tx_dma_enable)
    locale$$code                             0x080038f0   Section       44  lc_numeric_c.o(locale$$code)
    locale$$code                             0x0800391c   Section       44  lc_ctype_c.o(locale$$code)
    x$fpl$fpinit                             0x08003948   Section       10  fpinit.o(x$fpl$fpinit)
    $v0                                      0x08003948   Number         0  fpinit.o(x$fpl$fpinit)
    x$fpl$printf1                            0x08003952   Section        4  printf1.o(x$fpl$printf1)
    $v0                                      0x08003952   Number         0  printf1.o(x$fpl$printf1)
    x$fpl$printf2                            0x08003956   Section        4  printf2.o(x$fpl$printf2)
    $v0                                      0x08003956   Number         0  printf2.o(x$fpl$printf2)
    .constdata                               0x0800395a   Section        8  stm32f4xx_hal_dma.o(.constdata)
    x$fpl$usenofp                            0x0800395a   Section        0  usenofp.o(x$fpl$usenofp)
    flagBitshiftOffset                       0x0800395a   Data           8  stm32f4xx_hal_dma.o(.constdata)
    .constdata                               0x08003962   Section       16  system_stm32f4xx.o(.constdata)
    .constdata                               0x08003972   Section        8  system_stm32f4xx.o(.constdata)
    .constdata                               0x0800397c   Section        8  _printf_wctomb.o(.constdata)
    initial_mbstate                          0x0800397c   Data           8  _printf_wctomb.o(.constdata)
    .constdata                               0x08003984   Section       40  _printf_hex_int_ll_ptr.o(.constdata)
    uc_hextab                                0x08003984   Data          20  _printf_hex_int_ll_ptr.o(.constdata)
    lc_hextab                                0x08003998   Data          20  _printf_hex_int_ll_ptr.o(.constdata)
    .constdata                               0x080039ac   Section       17  __printf_flags_ss_wp.o(.constdata)
    maptable                                 0x080039ac   Data          17  __printf_flags_ss_wp.o(.constdata)
    .constdata                               0x080039bd   Section       38  _printf_fp_hex.o(.constdata)
    lc_hextab                                0x080039bd   Data          19  _printf_fp_hex.o(.constdata)
    uc_hextab                                0x080039d0   Data          19  _printf_fp_hex.o(.constdata)
    .constdata                               0x080039e4   Section      148  bigflt0.o(.constdata)
    tenpwrs_x                                0x080039e4   Data          60  bigflt0.o(.constdata)
    tenpwrs_i                                0x08003a20   Data          64  bigflt0.o(.constdata)
    locale$$data                             0x08003a98   Section       28  lc_numeric_c.o(locale$$data)
    __lcnum_c_name                           0x08003a9c   Data           2  lc_numeric_c.o(locale$$data)
    __lcnum_c_start                          0x08003aa4   Data           0  lc_numeric_c.o(locale$$data)
    __lcnum_c_point                          0x08003ab0   Data           0  lc_numeric_c.o(locale$$data)
    __lcnum_c_thousands                      0x08003ab2   Data           0  lc_numeric_c.o(locale$$data)
    __lcnum_c_grouping                       0x08003ab3   Data           0  lc_numeric_c.o(locale$$data)
    locale$$data                             0x08003ab4   Section      272  lc_ctype_c.o(locale$$data)
    __lcnum_c_end                            0x08003ab4   Data           0  lc_numeric_c.o(locale$$data)
    __lcctype_c_name                         0x08003ab8   Data           2  lc_ctype_c.o(locale$$data)
    __lcctype_c_start                        0x08003ac0   Data           0  lc_ctype_c.o(locale$$data)
    __lcctype_c_end                          0x08003bc4   Data           0  lc_ctype_c.o(locale$$data)
    .data                                    0x20000000   Section        2  main.o(.data)
    real_time_length                         0x20000000   Data           1  main.o(.data)
    .data                                    0x20000004   Section       12  stm32f4xx_hal.o(.data)
    .data                                    0x20000010   Section        4  system_stm32f4xx.o(.data)
    .bss                                     0x20000014   Section       86  main.o(.bss)
    .bss                                     0x2000006c   Section      336  usart.o(.bss)
    .bss                                     0x200001bc   Section       96  libspace.o(.bss)
    HEAP                                     0x20000220   Section      512  startup_stm32f407xx.o(HEAP)
    Heap_Mem                                 0x20000220   Data         512  startup_stm32f407xx.o(HEAP)
    STACK                                    0x20000420   Section     1024  startup_stm32f407xx.o(STACK)
    Stack_Mem                                0x20000420   Data        1024  startup_stm32f407xx.o(STACK)
    __initial_sp                             0x20000820   Data           0  startup_stm32f407xx.o(STACK)

    Global Symbols

    Symbol Name                              Value     Ov Type        Size  Object(Section)

    BuildAttributes$$THM_ISAv4$E$P$D$K$B$S$7EM$VFPi3$EXTD16$VFPS$VFMA$PE$A:L22UL41UL21$X:L11$S22US41US21$IEEE1$IW$USESV6$~STKCKD$USESV7$~SHL$OTIME$ROPI$IEEEJ$EBA8$UX$STANDARDLIB$REQ8$PRES8$EABIv2 0x00000000   Number         0  anon$$obj.o ABSOLUTE
    __ARM_use_no_argv                        0x00000000   Number         0  main.o ABSOLUTE
    _printf_flags                            0x00000000   Number         0  printf_stubs.o ABSOLUTE
    _printf_return_value                     0x00000000   Number         0  printf_stubs.o ABSOLUTE
    _printf_sizespec                         0x00000000   Number         0  printf_stubs.o ABSOLUTE
    _printf_widthprec                        0x00000000   Number         0  printf_stubs.o ABSOLUTE
    __ARM_exceptions_init                     - Undefined Weak Reference
    __alloca_initialize                       - Undefined Weak Reference
    __arm_fini_                               - Undefined Weak Reference
    __arm_preinit_                            - Undefined Weak Reference
    __cpp_initialize__aeabi_                  - Undefined Weak Reference
    __cxa_finalize                            - Undefined Weak Reference
    __sigvec_lookup                           - Undefined Weak Reference
    _atexit_init                              - Undefined Weak Reference
    _call_atexit_fns                          - Undefined Weak Reference
    _clock_init                               - Undefined Weak Reference
    _fp_trap_init                             - Undefined Weak Reference
    _fp_trap_shutdown                         - Undefined Weak Reference
    _get_lc_collate                           - Undefined Weak Reference
    _get_lc_monetary                          - Undefined Weak Reference
    _get_lc_time                              - Undefined Weak Reference
    _getenv_init                              - Undefined Weak Reference
    _handle_redirection                       - Undefined Weak Reference
    _init_alloc                               - Undefined Weak Reference
    _init_user_alloc                          - Undefined Weak Reference
    _initio                                   - Undefined Weak Reference
    _printf_mbtowc                            - Undefined Weak Reference
    _printf_wc                                - Undefined Weak Reference
    _rand_init                                - Undefined Weak Reference
    _signal_finish                            - Undefined Weak Reference
    _signal_init                              - Undefined Weak Reference
    _terminate_alloc                          - Undefined Weak Reference
    _terminate_user_alloc                     - Undefined Weak Reference
    _terminateio                              - Undefined Weak Reference
    __Vectors_Size                           0x00000188   Number         0  startup_stm32f407xx.o ABSOLUTE
    __Vectors                                0x08000000   Data           4  startup_stm32f407xx.o(RESET)
    __Vectors_End                            0x08000188   Data           0  startup_stm32f407xx.o(RESET)
    __main                                   0x08000189   Thumb Code     8  __main.o(!!!main)
    __scatterload                            0x08000191   Thumb Code     0  __scatter.o(!!!scatter)
    __scatterload_rt2                        0x08000191   Thumb Code    44  __scatter.o(!!!scatter)
    __scatterload_rt2_thumb_only             0x08000191   Thumb Code     0  __scatter.o(!!!scatter)
    __scatterload_null                       0x0800019f   Thumb Code     0  __scatter.o(!!!scatter)
    __scatterload_copy                       0x080001c5   Thumb Code    26  __scatter_copy.o(!!handler_copy)
    __scatterload_zeroinit                   0x080001e1   Thumb Code    28  __scatter_zi.o(!!handler_zi)
    _printf_n                                0x080001fd   Thumb Code     0  _printf_n.o(.ARM.Collect$$_printf_percent$$00000001)
    _printf_percent                          0x080001fd   Thumb Code     0  _printf_percent.o(.ARM.Collect$$_printf_percent$$00000000)
    _printf_p                                0x08000203   Thumb Code     0  _printf_p.o(.ARM.Collect$$_printf_percent$$00000002)
    _printf_f                                0x08000209   Thumb Code     0  _printf_f.o(.ARM.Collect$$_printf_percent$$00000003)
    _printf_e                                0x0800020f   Thumb Code     0  _printf_e.o(.ARM.Collect$$_printf_percent$$00000004)
    _printf_g                                0x08000215   Thumb Code     0  _printf_g.o(.ARM.Collect$$_printf_percent$$00000005)
    _printf_a                                0x0800021b   Thumb Code     0  _printf_a.o(.ARM.Collect$$_printf_percent$$00000006)
    _printf_ll                               0x08000221   Thumb Code     0  _printf_ll.o(.ARM.Collect$$_printf_percent$$00000007)
    _printf_i                                0x0800022b   Thumb Code     0  _printf_i.o(.ARM.Collect$$_printf_percent$$00000008)
    _printf_d                                0x08000231   Thumb Code     0  _printf_d.o(.ARM.Collect$$_printf_percent$$00000009)
    _printf_u                                0x08000237   Thumb Code     0  _printf_u.o(.ARM.Collect$$_printf_percent$$0000000A)
    _printf_o                                0x0800023d   Thumb Code     0  _printf_o.o(.ARM.Collect$$_printf_percent$$0000000B)
    _printf_x                                0x08000243   Thumb Code     0  _printf_x.o(.ARM.Collect$$_printf_percent$$0000000C)
    _printf_lli                              0x08000249   Thumb Code     0  _printf_lli.o(.ARM.Collect$$_printf_percent$$0000000D)
    _printf_lld                              0x0800024f   Thumb Code     0  _printf_lld.o(.ARM.Collect$$_printf_percent$$0000000E)
    _printf_llu                              0x08000255   Thumb Code     0  _printf_llu.o(.ARM.Collect$$_printf_percent$$0000000F)
    _printf_llo                              0x0800025b   Thumb Code     0  _printf_llo.o(.ARM.Collect$$_printf_percent$$00000010)
    _printf_llx                              0x08000261   Thumb Code     0  _printf_llx.o(.ARM.Collect$$_printf_percent$$00000011)
    _printf_l                                0x08000267   Thumb Code     0  _printf_l.o(.ARM.Collect$$_printf_percent$$00000012)
    _printf_c                                0x08000271   Thumb Code     0  _printf_c.o(.ARM.Collect$$_printf_percent$$00000013)
    _printf_s                                0x08000277   Thumb Code     0  _printf_s.o(.ARM.Collect$$_printf_percent$$00000014)
    _printf_lc                               0x0800027d   Thumb Code     0  _printf_lc.o(.ARM.Collect$$_printf_percent$$00000015)
    _printf_ls                               0x08000283   Thumb Code     0  _printf_ls.o(.ARM.Collect$$_printf_percent$$00000016)
    _printf_percent_end                      0x08000289   Thumb Code     0  _printf_percent_end.o(.ARM.Collect$$_printf_percent$$00000017)
    __rt_lib_init                            0x0800028d   Thumb Code     0  libinit.o(.ARM.Collect$$libinit$$00000000)
    __rt_lib_init_fp_1                       0x0800028f   Thumb Code     0  libinit2.o(.ARM.Collect$$libinit$$00000001)
    __rt_lib_init_heap_1                     0x08000293   Thumb Code     0  libinit2.o(.ARM.Collect$$libinit$$0000000A)
    __rt_lib_init_lc_common                  0x08000293   Thumb Code     0  libinit2.o(.ARM.Collect$$libinit$$0000000F)
    __rt_lib_init_preinit_1                  0x08000293   Thumb Code     0  libinit2.o(.ARM.Collect$$libinit$$00000004)
    __rt_lib_init_rand_1                     0x08000293   Thumb Code     0  libinit2.o(.ARM.Collect$$libinit$$0000000E)
    __rt_lib_init_user_alloc_1               0x08000293   Thumb Code     0  libinit2.o(.ARM.Collect$$libinit$$0000000C)
    __rt_lib_init_lc_collate_1               0x08000299   Thumb Code     0  libinit2.o(.ARM.Collect$$libinit$$00000011)
    __rt_lib_init_lc_ctype_2                 0x08000299   Thumb Code     0  libinit2.o(.ARM.Collect$$libinit$$00000012)
    __rt_lib_init_lc_ctype_1                 0x080002a5   Thumb Code     0  libinit2.o(.ARM.Collect$$libinit$$00000013)
    __rt_lib_init_lc_monetary_1              0x080002a5   Thumb Code     0  libinit2.o(.ARM.Collect$$libinit$$00000015)
    __rt_lib_init_lc_numeric_2               0x080002a5   Thumb Code     0  libinit2.o(.ARM.Collect$$libinit$$00000016)
    __rt_lib_init_alloca_1                   0x080002af   Thumb Code     0  libinit2.o(.ARM.Collect$$libinit$$0000002E)
    __rt_lib_init_argv_1                     0x080002af   Thumb Code     0  libinit2.o(.ARM.Collect$$libinit$$0000002C)
    __rt_lib_init_atexit_1                   0x080002af   Thumb Code     0  libinit2.o(.ARM.Collect$$libinit$$0000001B)
    __rt_lib_init_clock_1                    0x080002af   Thumb Code     0  libinit2.o(.ARM.Collect$$libinit$$00000021)
    __rt_lib_init_cpp_1                      0x080002af   Thumb Code     0  libinit2.o(.ARM.Collect$$libinit$$00000032)
    __rt_lib_init_exceptions_1               0x080002af   Thumb Code     0  libinit2.o(.ARM.Collect$$libinit$$00000030)
    __rt_lib_init_fp_trap_1                  0x080002af   Thumb Code     0  libinit2.o(.ARM.Collect$$libinit$$0000001F)
    __rt_lib_init_getenv_1                   0x080002af   Thumb Code     0  libinit2.o(.ARM.Collect$$libinit$$00000023)
    __rt_lib_init_lc_numeric_1               0x080002af   Thumb Code     0  libinit2.o(.ARM.Collect$$libinit$$00000017)
    __rt_lib_init_lc_time_1                  0x080002af   Thumb Code     0  libinit2.o(.ARM.Collect$$libinit$$00000019)
    __rt_lib_init_return                     0x080002af   Thumb Code     0  libinit2.o(.ARM.Collect$$libinit$$00000033)
    __rt_lib_init_signal_1                   0x080002af   Thumb Code     0  libinit2.o(.ARM.Collect$$libinit$$0000001D)
    __rt_lib_init_stdio_1                    0x080002af   Thumb Code     0  libinit2.o(.ARM.Collect$$libinit$$00000025)
    __rt_lib_shutdown                        0x080002b1   Thumb Code     0  libshutdown.o(.ARM.Collect$$libshutdown$$00000000)
    __rt_lib_shutdown_cpp_1                  0x080002b3   Thumb Code     0  libshutdown2.o(.ARM.Collect$$libshutdown$$00000004)
    __rt_lib_shutdown_fini_1                 0x080002b3   Thumb Code     0  libshutdown2.o(.ARM.Collect$$libshutdown$$00000002)
    __rt_lib_shutdown_fp_trap_1              0x080002b3   Thumb Code     0  libshutdown2.o(.ARM.Collect$$libshutdown$$00000009)
    __rt_lib_shutdown_heap_1                 0x080002b3   Thumb Code     0  libshutdown2.o(.ARM.Collect$$libshutdown$$00000011)
    __rt_lib_shutdown_return                 0x080002b3   Thumb Code     0  libshutdown2.o(.ARM.Collect$$libshutdown$$00000012)
    __rt_lib_shutdown_signal_1               0x080002b3   Thumb Code     0  libshutdown2.o(.ARM.Collect$$libshutdown$$0000000C)
    __rt_lib_shutdown_stdio_1                0x080002b3   Thumb Code     0  libshutdown2.o(.ARM.Collect$$libshutdown$$00000006)
    __rt_lib_shutdown_user_alloc_1           0x080002b3   Thumb Code     0  libshutdown2.o(.ARM.Collect$$libshutdown$$0000000E)
    __rt_entry                               0x080002b5   Thumb Code     0  __rtentry.o(.ARM.Collect$$rtentry$$00000000)
    __rt_entry_presh_1                       0x080002b5   Thumb Code     0  __rtentry2.o(.ARM.Collect$$rtentry$$00000002)
    __rt_entry_sh                            0x080002b5   Thumb Code     0  __rtentry4.o(.ARM.Collect$$rtentry$$00000004)
    __rt_entry_li                            0x080002bb   Thumb Code     0  __rtentry2.o(.ARM.Collect$$rtentry$$0000000A)
    __rt_entry_postsh_1                      0x080002bb   Thumb Code     0  __rtentry2.o(.ARM.Collect$$rtentry$$00000009)
    __rt_entry_main                          0x080002bf   Thumb Code     0  __rtentry2.o(.ARM.Collect$$rtentry$$0000000D)
    __rt_entry_postli_1                      0x080002bf   Thumb Code     0  __rtentry2.o(.ARM.Collect$$rtentry$$0000000C)
    __rt_exit                                0x080002c7   Thumb Code     0  rtexit.o(.ARM.Collect$$rtexit$$00000000)
    __rt_exit_ls                             0x080002c9   Thumb Code     0  rtexit2.o(.ARM.Collect$$rtexit$$00000003)
    __rt_exit_prels_1                        0x080002c9   Thumb Code     0  rtexit2.o(.ARM.Collect$$rtexit$$00000002)
    __rt_exit_exit                           0x080002cd   Thumb Code     0  rtexit2.o(.ARM.Collect$$rtexit$$00000004)
    Reset_Handler                            0x080002d5   Thumb Code     8  startup_stm32f407xx.o(.text)
    ADC_IRQHandler                           0x080002ef   Thumb Code     0  startup_stm32f407xx.o(.text)
    CAN1_RX0_IRQHandler                      0x080002ef   Thumb Code     0  startup_stm32f407xx.o(.text)
    CAN1_RX1_IRQHandler                      0x080002ef   Thumb Code     0  startup_stm32f407xx.o(.text)
    CAN1_SCE_IRQHandler                      0x080002ef   Thumb Code     0  startup_stm32f407xx.o(.text)
    CAN1_TX_IRQHandler                       0x080002ef   Thumb Code     0  startup_stm32f407xx.o(.text)
    CAN2_RX0_IRQHandler                      0x080002ef   Thumb Code     0  startup_stm32f407xx.o(.text)
    CAN2_RX1_IRQHandler                      0x080002ef   Thumb Code     0  startup_stm32f407xx.o(.text)
    CAN2_SCE_IRQHandler                      0x080002ef   Thumb Code     0  startup_stm32f407xx.o(.text)
    CAN2_TX_IRQHandler                       0x080002ef   Thumb Code     0  startup_stm32f407xx.o(.text)
    DCMI_IRQHandler                          0x080002ef   Thumb Code     0  startup_stm32f407xx.o(.text)
    DMA1_Stream0_IRQHandler                  0x080002ef   Thumb Code     0  startup_stm32f407xx.o(.text)
    DMA1_Stream2_IRQHandler                  0x080002ef   Thumb Code     0  startup_stm32f407xx.o(.text)
    DMA1_Stream3_IRQHandler                  0x080002ef   Thumb Code     0  startup_stm32f407xx.o(.text)
    DMA1_Stream4_IRQHandler                  0x080002ef   Thumb Code     0  startup_stm32f407xx.o(.text)
    DMA1_Stream5_IRQHandler                  0x080002ef   Thumb Code     0  startup_stm32f407xx.o(.text)
    DMA1_Stream6_IRQHandler                  0x080002ef   Thumb Code     0  startup_stm32f407xx.o(.text)
    DMA1_Stream7_IRQHandler                  0x080002ef   Thumb Code     0  startup_stm32f407xx.o(.text)
    DMA2_Stream0_IRQHandler                  0x080002ef   Thumb Code     0  startup_stm32f407xx.o(.text)
    DMA2_Stream1_IRQHandler                  0x080002ef   Thumb Code     0  startup_stm32f407xx.o(.text)
    DMA2_Stream2_IRQHandler                  0x080002ef   Thumb Code     0  startup_stm32f407xx.o(.text)
    DMA2_Stream3_IRQHandler                  0x080002ef   Thumb Code     0  startup_stm32f407xx.o(.text)
    DMA2_Stream4_IRQHandler                  0x080002ef   Thumb Code     0  startup_stm32f407xx.o(.text)
    DMA2_Stream5_IRQHandler                  0x080002ef   Thumb Code     0  startup_stm32f407xx.o(.text)
    DMA2_Stream6_IRQHandler                  0x080002ef   Thumb Code     0  startup_stm32f407xx.o(.text)
    ETH_IRQHandler                           0x080002ef   Thumb Code     0  startup_stm32f407xx.o(.text)
    ETH_WKUP_IRQHandler                      0x080002ef   Thumb Code     0  startup_stm32f407xx.o(.text)
    EXTI0_IRQHandler                         0x080002ef   Thumb Code     0  startup_stm32f407xx.o(.text)
    EXTI15_10_IRQHandler                     0x080002ef   Thumb Code     0  startup_stm32f407xx.o(.text)
    EXTI1_IRQHandler                         0x080002ef   Thumb Code     0  startup_stm32f407xx.o(.text)
    EXTI2_IRQHandler                         0x080002ef   Thumb Code     0  startup_stm32f407xx.o(.text)
    EXTI3_IRQHandler                         0x080002ef   Thumb Code     0  startup_stm32f407xx.o(.text)
    EXTI4_IRQHandler                         0x080002ef   Thumb Code     0  startup_stm32f407xx.o(.text)
    EXTI9_5_IRQHandler                       0x080002ef   Thumb Code     0  startup_stm32f407xx.o(.text)
    FLASH_IRQHandler                         0x080002ef   Thumb Code     0  startup_stm32f407xx.o(.text)
    FMC_IRQHandler                           0x080002ef   Thumb Code     0  startup_stm32f407xx.o(.text)
    FPU_IRQHandler                           0x080002ef   Thumb Code     0  startup_stm32f407xx.o(.text)
    HASH_RNG_IRQHandler                      0x080002ef   Thumb Code     0  startup_stm32f407xx.o(.text)
    I2C1_ER_IRQHandler                       0x080002ef   Thumb Code     0  startup_stm32f407xx.o(.text)
    I2C1_EV_IRQHandler                       0x080002ef   Thumb Code     0  startup_stm32f407xx.o(.text)
    I2C2_ER_IRQHandler                       0x080002ef   Thumb Code     0  startup_stm32f407xx.o(.text)
    I2C2_EV_IRQHandler                       0x080002ef   Thumb Code     0  startup_stm32f407xx.o(.text)
    I2C3_ER_IRQHandler                       0x080002ef   Thumb Code     0  startup_stm32f407xx.o(.text)
    I2C3_EV_IRQHandler                       0x080002ef   Thumb Code     0  startup_stm32f407xx.o(.text)
    OTG_FS_IRQHandler                        0x080002ef   Thumb Code     0  startup_stm32f407xx.o(.text)
    OTG_FS_WKUP_IRQHandler                   0x080002ef   Thumb Code     0  startup_stm32f407xx.o(.text)
    OTG_HS_EP1_IN_IRQHandler                 0x080002ef   Thumb Code     0  startup_stm32f407xx.o(.text)
    OTG_HS_EP1_OUT_IRQHandler                0x080002ef   Thumb Code     0  startup_stm32f407xx.o(.text)
    OTG_HS_IRQHandler                        0x080002ef   Thumb Code     0  startup_stm32f407xx.o(.text)
    OTG_HS_WKUP_IRQHandler                   0x080002ef   Thumb Code     0  startup_stm32f407xx.o(.text)
    PVD_IRQHandler                           0x080002ef   Thumb Code     0  startup_stm32f407xx.o(.text)
    RCC_IRQHandler                           0x080002ef   Thumb Code     0  startup_stm32f407xx.o(.text)
    RTC_Alarm_IRQHandler                     0x080002ef   Thumb Code     0  startup_stm32f407xx.o(.text)
    RTC_WKUP_IRQHandler                      0x080002ef   Thumb Code     0  startup_stm32f407xx.o(.text)
    SDIO_IRQHandler                          0x080002ef   Thumb Code     0  startup_stm32f407xx.o(.text)
    SPI1_IRQHandler                          0x080002ef   Thumb Code     0  startup_stm32f407xx.o(.text)
    SPI2_IRQHandler                          0x080002ef   Thumb Code     0  startup_stm32f407xx.o(.text)
    SPI3_IRQHandler                          0x080002ef   Thumb Code     0  startup_stm32f407xx.o(.text)
    TAMP_STAMP_IRQHandler                    0x080002ef   Thumb Code     0  startup_stm32f407xx.o(.text)
    TIM1_BRK_TIM9_IRQHandler                 0x080002ef   Thumb Code     0  startup_stm32f407xx.o(.text)
    TIM1_CC_IRQHandler                       0x080002ef   Thumb Code     0  startup_stm32f407xx.o(.text)
    TIM1_TRG_COM_TIM11_IRQHandler            0x080002ef   Thumb Code     0  startup_stm32f407xx.o(.text)
    TIM1_UP_TIM10_IRQHandler                 0x080002ef   Thumb Code     0  startup_stm32f407xx.o(.text)
    TIM2_IRQHandler                          0x080002ef   Thumb Code     0  startup_stm32f407xx.o(.text)
    TIM3_IRQHandler                          0x080002ef   Thumb Code     0  startup_stm32f407xx.o(.text)
    TIM4_IRQHandler                          0x080002ef   Thumb Code     0  startup_stm32f407xx.o(.text)
    TIM5_IRQHandler                          0x080002ef   Thumb Code     0  startup_stm32f407xx.o(.text)
    TIM6_DAC_IRQHandler                      0x080002ef   Thumb Code     0  startup_stm32f407xx.o(.text)
    TIM7_IRQHandler                          0x080002ef   Thumb Code     0  startup_stm32f407xx.o(.text)
    TIM8_BRK_TIM12_IRQHandler                0x080002ef   Thumb Code     0  startup_stm32f407xx.o(.text)
    TIM8_CC_IRQHandler                       0x080002ef   Thumb Code     0  startup_stm32f407xx.o(.text)
    TIM8_TRG_COM_TIM14_IRQHandler            0x080002ef   Thumb Code     0  startup_stm32f407xx.o(.text)
    TIM8_UP_TIM13_IRQHandler                 0x080002ef   Thumb Code     0  startup_stm32f407xx.o(.text)
    UART4_IRQHandler                         0x080002ef   Thumb Code     0  startup_stm32f407xx.o(.text)
    UART5_IRQHandler                         0x080002ef   Thumb Code     0  startup_stm32f407xx.o(.text)
    USART2_IRQHandler                        0x080002ef   Thumb Code     0  startup_stm32f407xx.o(.text)
    USART6_IRQHandler                        0x080002ef   Thumb Code     0  startup_stm32f407xx.o(.text)
    WWDG_IRQHandler                          0x080002ef   Thumb Code     0  startup_stm32f407xx.o(.text)
    __user_initial_stackheap                 0x080002f1   Thumb Code     0  startup_stm32f407xx.o(.text)
    __aeabi_uldivmod                         0x08000315   Thumb Code     0  lludivv7m.o(.text)
    _ll_udiv                                 0x08000315   Thumb Code   238  lludivv7m.o(.text)
    vsprintf                                 0x08000405   Thumb Code    32  vsprintf.o(.text)
    __aeabi_memclr4                          0x08000429   Thumb Code     0  rt_memclr_w.o(.text)
    __aeabi_memclr8                          0x08000429   Thumb Code     0  rt_memclr_w.o(.text)
    __rt_memclr_w                            0x08000429   Thumb Code    78  rt_memclr_w.o(.text)
    _memset_w                                0x0800042d   Thumb Code     0  rt_memclr_w.o(.text)
    __use_two_region_memory                  0x08000477   Thumb Code     2  heapauxi.o(.text)
    __rt_heap_escrow$2region                 0x08000479   Thumb Code     2  heapauxi.o(.text)
    __rt_heap_expand$2region                 0x0800047b   Thumb Code     2  heapauxi.o(.text)
    _printf_pre_padding                      0x0800047d   Thumb Code    44  _printf_pad.o(.text)
    _printf_post_padding                     0x080004a9   Thumb Code    34  _printf_pad.o(.text)
    _printf_truncate_signed                  0x080004cb   Thumb Code    18  _printf_truncate.o(.text)
    _printf_truncate_unsigned                0x080004dd   Thumb Code    18  _printf_truncate.o(.text)
    _printf_str                              0x080004ef   Thumb Code    82  _printf_str.o(.text)
    _printf_int_dec                          0x08000541   Thumb Code   104  _printf_dec.o(.text)
    _printf_charcount                        0x080005b9   Thumb Code    40  _printf_charcount.o(.text)
    _printf_char_common                      0x080005eb   Thumb Code    32  _printf_char_common.o(.text)
    _sputc                                   0x08000611   Thumb Code    10  _sputc.o(.text)
    _printf_wctomb                           0x0800061d   Thumb Code   182  _printf_wctomb.o(.text)
    _printf_longlong_dec                     0x080006d9   Thumb Code   108  _printf_longlong_dec.o(.text)
    _printf_longlong_oct                     0x08000755   Thumb Code    66  _printf_oct_int_ll.o(.text)
    _printf_int_oct                          0x08000797   Thumb Code    24  _printf_oct_int_ll.o(.text)
    _printf_ll_oct                           0x080007af   Thumb Code    12  _printf_oct_int_ll.o(.text)
    _printf_longlong_hex                     0x080007c5   Thumb Code    86  _printf_hex_int_ll_ptr.o(.text)
    _printf_int_hex                          0x0800081b   Thumb Code    28  _printf_hex_int_ll_ptr.o(.text)
    _printf_ll_hex                           0x08000837   Thumb Code    12  _printf_hex_int_ll_ptr.o(.text)
    _printf_hex_ptr                          0x08000843   Thumb Code    18  _printf_hex_int_ll_ptr.o(.text)
    __printf                                 0x08000859   Thumb Code   388  __printf_flags_ss_wp.o(.text)
    _ll_udiv10                               0x080009e1   Thumb Code   138  lludiv10.o(.text)
    _printf_int_common                       0x08000a6b   Thumb Code   178  _printf_intcommon.o(.text)
    __lib_sel_fp_printf                      0x08000b1d   Thumb Code     2  _printf_fp_dec.o(.text)
    _printf_fp_dec_real                      0x08000ccf   Thumb Code   620  _printf_fp_dec.o(.text)
    _printf_fp_hex_real                      0x08000f3d   Thumb Code   756  _printf_fp_hex.o(.text)
    _printf_cs_common                        0x08001239   Thumb Code    20  _printf_char.o(.text)
    _printf_char                             0x0800124d   Thumb Code    16  _printf_char.o(.text)
    _printf_string                           0x0800125d   Thumb Code     8  _printf_char.o(.text)
    _printf_lcs_common                       0x08001265   Thumb Code    20  _printf_wchar.o(.text)
    _printf_wchar                            0x08001279   Thumb Code    16  _printf_wchar.o(.text)
    _printf_wstring                          0x08001289   Thumb Code     8  _printf_wchar.o(.text)
    _wcrtomb                                 0x08001291   Thumb Code    64  _wcrtomb.o(.text)
    __user_setup_stackheap                   0x080012d1   Thumb Code    74  sys_stackheap_outer.o(.text)
    __rt_ctype_table                         0x0800131d   Thumb Code    16  rt_ctype_table.o(.text)
    __rt_locale                              0x0800132d   Thumb Code     8  rt_locale_intlibspace.o(.text)
    _printf_fp_infnan                        0x08001335   Thumb Code   112  _printf_fp_infnan.o(.text)
    _btod_etento                             0x080013b5   Thumb Code   224  bigflt0.o(.text)
    exit                                     0x08001499   Thumb Code    18  exit.o(.text)
    __user_libspace                          0x080014ad   Thumb Code     8  libspace.o(.text)
    __user_perproc_libspace                  0x080014ad   Thumb Code     0  libspace.o(.text)
    __user_perthread_libspace                0x080014ad   Thumb Code     0  libspace.o(.text)
    strcmp                                   0x080014b5   Thumb Code   128  strcmpv7m.o(.text)
    _sys_exit                                0x08001535   Thumb Code     8  sys_exit.o(.text)
    __I$use$semihosting                      0x08001541   Thumb Code     0  use_no_semi.o(.text)
    __use_no_semihosting_swi                 0x08001541   Thumb Code     2  use_no_semi.o(.text)
    __semihosting_library_function           0x08001543   Thumb Code     0  indicate_semi.o(.text)
    _btod_d2e                                0x08001543   Thumb Code    62  btod.o(CL$$btod_d2e)
    _d2e_denorm_low                          0x08001581   Thumb Code    70  btod.o(CL$$btod_d2e_denorm_low)
    _d2e_norm_op1                            0x080015c7   Thumb Code    96  btod.o(CL$$btod_d2e_norm_op1)
    __btod_div_common                        0x08001627   Thumb Code   696  btod.o(CL$$btod_div_common)
    _e2e                                     0x0800195f   Thumb Code   220  btod.o(CL$$btod_e2e)
    _btod_ediv                               0x08001a3b   Thumb Code    42  btod.o(CL$$btod_ediv)
    _btod_emul                               0x08001a65   Thumb Code    42  btod.o(CL$$btod_emul)
    __btod_mult_common                       0x08001a8f   Thumb Code   580  btod.o(CL$$btod_mult_common)
    BusFault_Handler                         0x08001cd3   Thumb Code     2  stm32f4xx_it.o(i.BusFault_Handler)
    DMA1_Stream1_IRQHandler                  0x08001cd5   Thumb Code     6  stm32f4xx_it.o(i.DMA1_Stream1_IRQHandler)
    DMA2_Stream7_IRQHandler                  0x08001ce1   Thumb Code     6  stm32f4xx_it.o(i.DMA2_Stream7_IRQHandler)
    DebugMon_Handler                         0x08001d91   Thumb Code     2  stm32f4xx_it.o(i.DebugMon_Handler)
    Error_Handler                            0x08001d93   Thumb Code     4  main.o(i.Error_Handler)
    HAL_DMA_Abort                            0x08001d97   Thumb Code   146  stm32f4xx_hal_dma.o(i.HAL_DMA_Abort)
    HAL_DMA_Abort_IT                         0x08001e29   Thumb Code    36  stm32f4xx_hal_dma.o(i.HAL_DMA_Abort_IT)
    HAL_DMA_IRQHandler                       0x08001e4d   Thumb Code   412  stm32f4xx_hal_dma.o(i.HAL_DMA_IRQHandler)
    HAL_DMA_Init                             0x08001fed   Thumb Code   206  stm32f4xx_hal_dma.o(i.HAL_DMA_Init)
    HAL_DMA_Start_IT                         0x080020c1   Thumb Code   110  stm32f4xx_hal_dma.o(i.HAL_DMA_Start_IT)
    HAL_Delay                                0x08002131   Thumb Code    32  stm32f4xx_hal.o(i.HAL_Delay)
    HAL_GPIO_Init                            0x08002155   Thumb Code   450  stm32f4xx_hal_gpio.o(i.HAL_GPIO_Init)
    HAL_GPIO_TogglePin                       0x08002345   Thumb Code    16  stm32f4xx_hal_gpio.o(i.HAL_GPIO_TogglePin)
    HAL_GPIO_WritePin                        0x08002355   Thumb Code    10  stm32f4xx_hal_gpio.o(i.HAL_GPIO_WritePin)
    HAL_GetTick                              0x08002361   Thumb Code     6  stm32f4xx_hal.o(i.HAL_GetTick)
    HAL_IncTick                              0x0800236d   Thumb Code    12  stm32f4xx_hal.o(i.HAL_IncTick)
    HAL_Init                                 0x0800237d   Thumb Code    48  stm32f4xx_hal.o(i.HAL_Init)
    HAL_InitTick                             0x080023b1   Thumb Code    54  stm32f4xx_hal.o(i.HAL_InitTick)
    HAL_MspInit                              0x080023f1   Thumb Code    42  stm32f4xx_hal_msp.o(i.HAL_MspInit)
    HAL_NVIC_EnableIRQ                       0x08002421   Thumb Code    26  stm32f4xx_hal_cortex.o(i.HAL_NVIC_EnableIRQ)
    HAL_NVIC_SetPriority                     0x0800243d   Thumb Code    60  stm32f4xx_hal_cortex.o(i.HAL_NVIC_SetPriority)
    HAL_NVIC_SetPriorityGrouping             0x0800247d   Thumb Code    26  stm32f4xx_hal_cortex.o(i.HAL_NVIC_SetPriorityGrouping)
    HAL_RCC_ClockConfig                      0x080024a1   Thumb Code   288  stm32f4xx_hal_rcc.o(i.HAL_RCC_ClockConfig)
    HAL_RCC_GetPCLK1Freq                     0x080025d5   Thumb Code    20  stm32f4xx_hal_rcc.o(i.HAL_RCC_GetPCLK1Freq)
    HAL_RCC_GetPCLK2Freq                     0x080025f5   Thumb Code    20  stm32f4xx_hal_rcc.o(i.HAL_RCC_GetPCLK2Freq)
    HAL_RCC_GetSysClockFreq                  0x08002615   Thumb Code    88  stm32f4xx_hal_rcc.o(i.HAL_RCC_GetSysClockFreq)
    HAL_RCC_OscConfig                        0x08002679   Thumb Code   856  stm32f4xx_hal_rcc.o(i.HAL_RCC_OscConfig)
    HAL_SYSTICK_Config                       0x080029e5   Thumb Code    40  stm32f4xx_hal_cortex.o(i.HAL_SYSTICK_Config)
    HAL_UARTEx_ReceiveToIdle_DMA             0x08002a0d   Thumb Code    74  stm32f4xx_hal_uart.o(i.HAL_UARTEx_ReceiveToIdle_DMA)
    HAL_UARTEx_RxEventCallback               0x08002a59   Thumb Code   202  main.o(i.HAL_UARTEx_RxEventCallback)
    HAL_UART_ErrorCallback                   0x08002bb5   Thumb Code     2  stm32f4xx_hal_uart.o(i.HAL_UART_ErrorCallback)
    HAL_UART_IRQHandler                      0x08002bb9   Thumb Code   636  stm32f4xx_hal_uart.o(i.HAL_UART_IRQHandler)
    HAL_UART_Init                            0x08002e39   Thumb Code   100  stm32f4xx_hal_uart.o(i.HAL_UART_Init)
    HAL_UART_MspInit                         0x08002e9d   Thumb Code   292  usart.o(i.HAL_UART_MspInit)
    HAL_UART_RxCpltCallback                  0x08002fe1   Thumb Code     2  stm32f4xx_hal_uart.o(i.HAL_UART_RxCpltCallback)
    HAL_UART_RxHalfCpltCallback              0x08002fe3   Thumb Code     2  stm32f4xx_hal_uart.o(i.HAL_UART_RxHalfCpltCallback)
    HAL_UART_Transmit_DMA                    0x08002fe5   Thumb Code   120  stm32f4xx_hal_uart.o(i.HAL_UART_Transmit_DMA)
    HAL_UART_TxCpltCallback                  0x08003069   Thumb Code    14  main.o(i.HAL_UART_TxCpltCallback)
    HAL_UART_TxHalfCpltCallback              0x08003081   Thumb Code     2  stm32f4xx_hal_uart.o(i.HAL_UART_TxHalfCpltCallback)
    HardFault_Handler                        0x08003083   Thumb Code     2  stm32f4xx_it.o(i.HardFault_Handler)
    MX_DMA_Init                              0x08003085   Thumb Code    72  dma.o(i.MX_DMA_Init)
    MX_GPIO_Init                             0x080030d1   Thumb Code   118  gpio.o(i.MX_GPIO_Init)
    MX_USART1_UART_Init                      0x08003151   Thumb Code    48  usart.o(i.MX_USART1_UART_Init)
    MX_USART3_UART_Init                      0x08003189   Thumb Code    48  usart.o(i.MX_USART3_UART_Init)
    MemManage_Handler                        0x080031c1   Thumb Code     2  stm32f4xx_it.o(i.MemManage_Handler)
    NMI_Handler                              0x080031c3   Thumb Code     2  stm32f4xx_it.o(i.NMI_Handler)
    PendSV_Handler                           0x080031c5   Thumb Code     2  stm32f4xx_it.o(i.PendSV_Handler)
    RC_Init                                  0x080031c9   Thumb Code    84  main.o(i.RC_Init)
    SVC_Handler                              0x08003229   Thumb Code     2  stm32f4xx_it.o(i.SVC_Handler)
    SysTick_Handler                          0x0800322b   Thumb Code     4  stm32f4xx_it.o(i.SysTick_Handler)
    SystemClock_Config                       0x08003231   Thumb Code   140  main.o(i.SystemClock_Config)
    SystemInit                               0x080032c5   Thumb Code    12  system_stm32f4xx.o(i.SystemInit)
    UART_Start_Receive_DMA                   0x08003655   Thumb Code   146  stm32f4xx_hal_uart.o(i.UART_Start_Receive_DMA)
    USART1_IRQHandler                        0x080036f5   Thumb Code     6  stm32f4xx_it.o(i.USART1_IRQHandler)
    USART3_IRQHandler                        0x08003701   Thumb Code     6  stm32f4xx_it.o(i.USART3_IRQHandler)
    UsageFault_Handler                       0x0800370d   Thumb Code     2  stm32f4xx_it.o(i.UsageFault_Handler)
    __ARM_fpclassify                         0x0800370f   Thumb Code    48  fpclassify.o(i.__ARM_fpclassify)
    _is_digit                                0x0800375f   Thumb Code    14  __printf_wp.o(i._is_digit)
    main                                     0x0800376d   Thumb Code    72  main.o(i.main)
    uart_printf                              0x08003899   Thumb Code    48  main.o(i.uart_printf)
    usart1_tx_dma_enable                     0x080038cd   Thumb Code    26  main.o(i.usart1_tx_dma_enable)
    _get_lc_numeric                          0x080038f1   Thumb Code    44  lc_numeric_c.o(locale$$code)
    _get_lc_ctype                            0x0800391d   Thumb Code    44  lc_ctype_c.o(locale$$code)
    _fp_init                                 0x08003949   Thumb Code    10  fpinit.o(x$fpl$fpinit)
    __fplib_config_fpu_vfp                   0x08003951   Thumb Code     0  fpinit.o(x$fpl$fpinit)
    __fplib_config_pureend_doubles           0x08003951   Thumb Code     0  fpinit.o(x$fpl$fpinit)
    _printf_fp_dec                           0x08003953   Thumb Code     4  printf1.o(x$fpl$printf1)
    _printf_fp_hex                           0x08003957   Thumb Code     4  printf2.o(x$fpl$printf2)
    __I$use$fp                               0x0800395a   Number         0  usenofp.o(x$fpl$usenofp)
    AHBPrescTable                            0x08003962   Data          16  system_stm32f4xx.o(.constdata)
    APBPrescTable                            0x08003972   Data           8  system_stm32f4xx.o(.constdata)
    Region$$Table$$Base                      0x08003a78   Number         0  anon$$obj.o(Region$$Table)
    Region$$Table$$Limit                     0x08003a98   Number         0  anon$$obj.o(Region$$Table)
    __ctype                                  0x08003ac1   Data           0  lc_ctype_c.o(locale$$data)
    uart1_tx_busy                            0x20000001   Data           1  main.o(.data)
    uwTickFreq                               0x20000004   Data           1  stm32f4xx_hal.o(.data)
    uwTickPrio                               0x20000008   Data           4  stm32f4xx_hal.o(.data)
    uwTick                                   0x2000000c   Data           4  stm32f4xx_hal.o(.data)
    SystemCoreClock                          0x20000010   Data           4  system_stm32f4xx.o(.data)
    rx1_buf                                  0x20000014   Data          32  main.o(.bss)
    rx2_buf                                  0x20000034   Data          32  main.o(.bss)
    rc_ctrl                                  0x20000054   Data          22  main.o(.bss)
    huart1                                   0x2000006c   Data          72  usart.o(.bss)
    huart3                                   0x200000b4   Data          72  usart.o(.bss)
    hdma_usart1_tx                           0x200000fc   Data          96  usart.o(.bss)
    hdma_usart3_rx                           0x2000015c   Data          96  usart.o(.bss)
    __libspace_start                         0x200001bc   Data          96  libspace.o(.bss)
    __temporary_stack_top$libspace           0x2000021c   Data           0  libspace.o(.bss)



==============================================================================

Memory Map of the image

  Image Entry point : 0x08000189

  Load Region LR_IROM1 (Base: 0x08000000, Size: 0x00003bd8, Max: 0x00100000, ABSOLUTE)

    Execution Region ER_IROM1 (Exec base: 0x08000000, Load base: 0x08000000, Size: 0x00003bc4, Max: 0x00100000, ABSOLUTE)

    Exec Addr    Load Addr    Size         Type   Attr      Idx    E Section Name        Object

    0x08000000   0x08000000   0x00000188   Data   RO            3    RESET               startup_stm32f407xx.o
    0x08000188   0x08000188   0x00000008   Code   RO         1973  * !!!main             c_w.l(__main.o)
    0x08000190   0x08000190   0x00000034   Code   RO         2306    !!!scatter          c_w.l(__scatter.o)
    0x080001c4   0x080001c4   0x0000001a   Code   RO         2308    !!handler_copy      c_w.l(__scatter_copy.o)
    0x080001de   0x080001de   0x00000002   PAD
    0x080001e0   0x080001e0   0x0000001c   Code   RO         2310    !!handler_zi        c_w.l(__scatter_zi.o)
    0x080001fc   0x080001fc   0x00000000   Code   RO         2061    .ARM.Collect$$_printf_percent$$00000000  c_w.l(_printf_percent.o)
    0x080001fc   0x080001fc   0x00000006   Code   RO         2050    .ARM.Collect$$_printf_percent$$00000001  c_w.l(_printf_n.o)
    0x08000202   0x08000202   0x00000006   Code   RO         2052    .ARM.Collect$$_printf_percent$$00000002  c_w.l(_printf_p.o)
    0x08000208   0x08000208   0x00000006   Code   RO         2057    .ARM.Collect$$_printf_percent$$00000003  c_w.l(_printf_f.o)
    0x0800020e   0x0800020e   0x00000006   Code   RO         2058    .ARM.Collect$$_printf_percent$$00000004  c_w.l(_printf_e.o)
    0x08000214   0x08000214   0x00000006   Code   RO         2059    .ARM.Collect$$_printf_percent$$00000005  c_w.l(_printf_g.o)
    0x0800021a   0x0800021a   0x00000006   Code   RO         2060    .ARM.Collect$$_printf_percent$$00000006  c_w.l(_printf_a.o)
    0x08000220   0x08000220   0x0000000a   Code   RO         2065    .ARM.Collect$$_printf_percent$$00000007  c_w.l(_printf_ll.o)
    0x0800022a   0x0800022a   0x00000006   Code   RO         2054    .ARM.Collect$$_printf_percent$$00000008  c_w.l(_printf_i.o)
    0x08000230   0x08000230   0x00000006   Code   RO         2055    .ARM.Collect$$_printf_percent$$00000009  c_w.l(_printf_d.o)
    0x08000236   0x08000236   0x00000006   Code   RO         2056    .ARM.Collect$$_printf_percent$$0000000A  c_w.l(_printf_u.o)
    0x0800023c   0x0800023c   0x00000006   Code   RO         2053    .ARM.Collect$$_printf_percent$$0000000B  c_w.l(_printf_o.o)
    0x08000242   0x08000242   0x00000006   Code   RO         2051    .ARM.Collect$$_printf_percent$$0000000C  c_w.l(_printf_x.o)
    0x08000248   0x08000248   0x00000006   Code   RO         2062    .ARM.Collect$$_printf_percent$$0000000D  c_w.l(_printf_lli.o)
    0x0800024e   0x0800024e   0x00000006   Code   RO         2063    .ARM.Collect$$_printf_percent$$0000000E  c_w.l(_printf_lld.o)
    0x08000254   0x08000254   0x00000006   Code   RO         2064    .ARM.Collect$$_printf_percent$$0000000F  c_w.l(_printf_llu.o)
    0x0800025a   0x0800025a   0x00000006   Code   RO         2069    .ARM.Collect$$_printf_percent$$00000010  c_w.l(_printf_llo.o)
    0x08000260   0x08000260   0x00000006   Code   RO         2070    .ARM.Collect$$_printf_percent$$00000011  c_w.l(_printf_llx.o)
    0x08000266   0x08000266   0x0000000a   Code   RO         2066    .ARM.Collect$$_printf_percent$$00000012  c_w.l(_printf_l.o)
    0x08000270   0x08000270   0x00000006   Code   RO         2048    .ARM.Collect$$_printf_percent$$00000013  c_w.l(_printf_c.o)
    0x08000276   0x08000276   0x00000006   Code   RO         2049    .ARM.Collect$$_printf_percent$$00000014  c_w.l(_printf_s.o)
    0x0800027c   0x0800027c   0x00000006   Code   RO         2067    .ARM.Collect$$_printf_percent$$00000015  c_w.l(_printf_lc.o)
    0x08000282   0x08000282   0x00000006   Code   RO         2068    .ARM.Collect$$_printf_percent$$00000016  c_w.l(_printf_ls.o)
    0x08000288   0x08000288   0x00000004   Code   RO         2111    .ARM.Collect$$_printf_percent$$00000017  c_w.l(_printf_percent_end.o)
    0x0800028c   0x0800028c   0x00000002   Code   RO         2164    .ARM.Collect$$libinit$$00000000  c_w.l(libinit.o)
    0x0800028e   0x0800028e   0x00000004   Code   RO         2186    .ARM.Collect$$libinit$$00000001  c_w.l(libinit2.o)
    0x08000292   0x08000292   0x00000000   Code   RO         2189    .ARM.Collect$$libinit$$00000004  c_w.l(libinit2.o)
    0x08000292   0x08000292   0x00000000   Code   RO         2192    .ARM.Collect$$libinit$$0000000A  c_w.l(libinit2.o)
    0x08000292   0x08000292   0x00000000   Code   RO         2194    .ARM.Collect$$libinit$$0000000C  c_w.l(libinit2.o)
    0x08000292   0x08000292   0x00000000   Code   RO         2196    .ARM.Collect$$libinit$$0000000E  c_w.l(libinit2.o)
    0x08000292   0x08000292   0x00000006   Code   RO         2197    .ARM.Collect$$libinit$$0000000F  c_w.l(libinit2.o)
    0x08000298   0x08000298   0x00000000   Code   RO         2199    .ARM.Collect$$libinit$$00000011  c_w.l(libinit2.o)
    0x08000298   0x08000298   0x0000000c   Code   RO         2200    .ARM.Collect$$libinit$$00000012  c_w.l(libinit2.o)
    0x080002a4   0x080002a4   0x00000000   Code   RO         2201    .ARM.Collect$$libinit$$00000013  c_w.l(libinit2.o)
    0x080002a4   0x080002a4   0x00000000   Code   RO         2203    .ARM.Collect$$libinit$$00000015  c_w.l(libinit2.o)
    0x080002a4   0x080002a4   0x0000000a   Code   RO         2204    .ARM.Collect$$libinit$$00000016  c_w.l(libinit2.o)
    0x080002ae   0x080002ae   0x00000000   Code   RO         2205    .ARM.Collect$$libinit$$00000017  c_w.l(libinit2.o)
    0x080002ae   0x080002ae   0x00000000   Code   RO         2207    .ARM.Collect$$libinit$$00000019  c_w.l(libinit2.o)
    0x080002ae   0x080002ae   0x00000000   Code   RO         2209    .ARM.Collect$$libinit$$0000001B  c_w.l(libinit2.o)
    0x080002ae   0x080002ae   0x00000000   Code   RO         2211    .ARM.Collect$$libinit$$0000001D  c_w.l(libinit2.o)
    0x080002ae   0x080002ae   0x00000000   Code   RO         2213    .ARM.Collect$$libinit$$0000001F  c_w.l(libinit2.o)
    0x080002ae   0x080002ae   0x00000000   Code   RO         2215    .ARM.Collect$$libinit$$00000021  c_w.l(libinit2.o)
    0x080002ae   0x080002ae   0x00000000   Code   RO         2217    .ARM.Collect$$libinit$$00000023  c_w.l(libinit2.o)
    0x080002ae   0x080002ae   0x00000000   Code   RO         2219    .ARM.Collect$$libinit$$00000025  c_w.l(libinit2.o)
    0x080002ae   0x080002ae   0x00000000   Code   RO         2223    .ARM.Collect$$libinit$$0000002C  c_w.l(libinit2.o)
    0x080002ae   0x080002ae   0x00000000   Code   RO         2225    .ARM.Collect$$libinit$$0000002E  c_w.l(libinit2.o)
    0x080002ae   0x080002ae   0x00000000   Code   RO         2227    .ARM.Collect$$libinit$$00000030  c_w.l(libinit2.o)
    0x080002ae   0x080002ae   0x00000000   Code   RO         2229    .ARM.Collect$$libinit$$00000032  c_w.l(libinit2.o)
    0x080002ae   0x080002ae   0x00000002   Code   RO         2230    .ARM.Collect$$libinit$$00000033  c_w.l(libinit2.o)
    0x080002b0   0x080002b0   0x00000002   Code   RO         2261    .ARM.Collect$$libshutdown$$00000000  c_w.l(libshutdown.o)
    0x080002b2   0x080002b2   0x00000000   Code   RO         2287    .ARM.Collect$$libshutdown$$00000002  c_w.l(libshutdown2.o)
    0x080002b2   0x080002b2   0x00000000   Code   RO         2289    .ARM.Collect$$libshutdown$$00000004  c_w.l(libshutdown2.o)
    0x080002b2   0x080002b2   0x00000000   Code   RO         2291    .ARM.Collect$$libshutdown$$00000006  c_w.l(libshutdown2.o)
    0x080002b2   0x080002b2   0x00000000   Code   RO         2294    .ARM.Collect$$libshutdown$$00000009  c_w.l(libshutdown2.o)
    0x080002b2   0x080002b2   0x00000000   Code   RO         2297    .ARM.Collect$$libshutdown$$0000000C  c_w.l(libshutdown2.o)
    0x080002b2   0x080002b2   0x00000000   Code   RO         2299    .ARM.Collect$$libshutdown$$0000000E  c_w.l(libshutdown2.o)
    0x080002b2   0x080002b2   0x00000000   Code   RO         2302    .ARM.Collect$$libshutdown$$00000011  c_w.l(libshutdown2.o)
    0x080002b2   0x080002b2   0x00000002   Code   RO         2303    .ARM.Collect$$libshutdown$$00000012  c_w.l(libshutdown2.o)
    0x080002b4   0x080002b4   0x00000000   Code   RO         1975    .ARM.Collect$$rtentry$$00000000  c_w.l(__rtentry.o)
    0x080002b4   0x080002b4   0x00000000   Code   RO         2080    .ARM.Collect$$rtentry$$00000002  c_w.l(__rtentry2.o)
    0x080002b4   0x080002b4   0x00000006   Code   RO         2092    .ARM.Collect$$rtentry$$00000004  c_w.l(__rtentry4.o)
    0x080002ba   0x080002ba   0x00000000   Code   RO         2082    .ARM.Collect$$rtentry$$00000009  c_w.l(__rtentry2.o)
    0x080002ba   0x080002ba   0x00000004   Code   RO         2083    .ARM.Collect$$rtentry$$0000000A  c_w.l(__rtentry2.o)
    0x080002be   0x080002be   0x00000000   Code   RO         2085    .ARM.Collect$$rtentry$$0000000C  c_w.l(__rtentry2.o)
    0x080002be   0x080002be   0x00000008   Code   RO         2086    .ARM.Collect$$rtentry$$0000000D  c_w.l(__rtentry2.o)
    0x080002c6   0x080002c6   0x00000002   Code   RO         2173    .ARM.Collect$$rtexit$$00000000  c_w.l(rtexit.o)
    0x080002c8   0x080002c8   0x00000000   Code   RO         2234    .ARM.Collect$$rtexit$$00000002  c_w.l(rtexit2.o)
    0x080002c8   0x080002c8   0x00000004   Code   RO         2235    .ARM.Collect$$rtexit$$00000003  c_w.l(rtexit2.o)
    0x080002cc   0x080002cc   0x00000006   Code   RO         2236    .ARM.Collect$$rtexit$$00000004  c_w.l(rtexit2.o)
    0x080002d2   0x080002d2   0x00000002   PAD
    0x080002d4   0x080002d4   0x00000040   Code   RO            4    .text               startup_stm32f407xx.o
    0x08000314   0x08000314   0x000000ee   Code   RO         1965    .text               c_w.l(lludivv7m.o)
    0x08000402   0x08000402   0x00000002   PAD
    0x08000404   0x08000404   0x00000024   Code   RO         1967    .text               c_w.l(vsprintf.o)
    0x08000428   0x08000428   0x0000004e   Code   RO         1969    .text               c_w.l(rt_memclr_w.o)
    0x08000476   0x08000476   0x00000006   Code   RO         1971    .text               c_w.l(heapauxi.o)
    0x0800047c   0x0800047c   0x0000004e   Code   RO         1982    .text               c_w.l(_printf_pad.o)
    0x080004ca   0x080004ca   0x00000024   Code   RO         1984    .text               c_w.l(_printf_truncate.o)
    0x080004ee   0x080004ee   0x00000052   Code   RO         1986    .text               c_w.l(_printf_str.o)
    0x08000540   0x08000540   0x00000078   Code   RO         1988    .text               c_w.l(_printf_dec.o)
    0x080005b8   0x080005b8   0x00000028   Code   RO         1990    .text               c_w.l(_printf_charcount.o)
    0x080005e0   0x080005e0   0x00000030   Code   RO         1992    .text               c_w.l(_printf_char_common.o)
    0x08000610   0x08000610   0x0000000a   Code   RO         1994    .text               c_w.l(_sputc.o)
    0x0800061a   0x0800061a   0x00000002   PAD
    0x0800061c   0x0800061c   0x000000bc   Code   RO         1996    .text               c_w.l(_printf_wctomb.o)
    0x080006d8   0x080006d8   0x0000007c   Code   RO         1999    .text               c_w.l(_printf_longlong_dec.o)
    0x08000754   0x08000754   0x00000070   Code   RO         2005    .text               c_w.l(_printf_oct_int_ll.o)
    0x080007c4   0x080007c4   0x00000094   Code   RO         2025    .text               c_w.l(_printf_hex_int_ll_ptr.o)
    0x08000858   0x08000858   0x00000188   Code   RO         2045    .text               c_w.l(__printf_flags_ss_wp.o)
    0x080009e0   0x080009e0   0x0000008a   Code   RO         2096    .text               c_w.l(lludiv10.o)
    0x08000a6a   0x08000a6a   0x000000b2   Code   RO         2098    .text               c_w.l(_printf_intcommon.o)
    0x08000b1c   0x08000b1c   0x0000041e   Code   RO         2100    .text               c_w.l(_printf_fp_dec.o)
    0x08000f3a   0x08000f3a   0x00000002   PAD
    0x08000f3c   0x08000f3c   0x000002fc   Code   RO         2102    .text               c_w.l(_printf_fp_hex.o)
    0x08001238   0x08001238   0x0000002c   Code   RO         2107    .text               c_w.l(_printf_char.o)
    0x08001264   0x08001264   0x0000002c   Code   RO         2109    .text               c_w.l(_printf_wchar.o)
    0x08001290   0x08001290   0x00000040   Code   RO         2112    .text               c_w.l(_wcrtomb.o)
    0x080012d0   0x080012d0   0x0000004a   Code   RO         2114    .text               c_w.l(sys_stackheap_outer.o)
    0x0800131a   0x0800131a   0x00000002   PAD
    0x0800131c   0x0800131c   0x00000010   Code   RO         2116    .text               c_w.l(rt_ctype_table.o)
    0x0800132c   0x0800132c   0x00000008   Code   RO         2121    .text               c_w.l(rt_locale_intlibspace.o)
    0x08001334   0x08001334   0x00000080   Code   RO         2123    .text               c_w.l(_printf_fp_infnan.o)
    0x080013b4   0x080013b4   0x000000e4   Code   RO         2125    .text               c_w.l(bigflt0.o)
    0x08001498   0x08001498   0x00000012   Code   RO         2153    .text               c_w.l(exit.o)
    0x080014aa   0x080014aa   0x00000002   PAD
    0x080014ac   0x080014ac   0x00000008   Code   RO         2170    .text               c_w.l(libspace.o)
    0x080014b4   0x080014b4   0x00000080   Code   RO         2184    .text               c_w.l(strcmpv7m.o)
    0x08001534   0x08001534   0x0000000c   Code   RO         2231    .text               c_w.l(sys_exit.o)
    0x08001540   0x08001540   0x00000002   Code   RO         2250    .text               c_w.l(use_no_semi.o)
    0x08001542   0x08001542   0x00000000   Code   RO         2252    .text               c_w.l(indicate_semi.o)
    0x08001542   0x08001542   0x0000003e   Code   RO         2128    CL$$btod_d2e        c_w.l(btod.o)
    0x08001580   0x08001580   0x00000046   Code   RO         2130    CL$$btod_d2e_denorm_low  c_w.l(btod.o)
    0x080015c6   0x080015c6   0x00000060   Code   RO         2129    CL$$btod_d2e_norm_op1  c_w.l(btod.o)
    0x08001626   0x08001626   0x00000338   Code   RO         2138    CL$$btod_div_common  c_w.l(btod.o)
    0x0800195e   0x0800195e   0x000000dc   Code   RO         2135    CL$$btod_e2e        c_w.l(btod.o)
    0x08001a3a   0x08001a3a   0x0000002a   Code   RO         2132    CL$$btod_ediv       c_w.l(btod.o)
    0x08001a64   0x08001a64   0x0000002a   Code   RO         2131    CL$$btod_emul       c_w.l(btod.o)
    0x08001a8e   0x08001a8e   0x00000244   Code   RO         2137    CL$$btod_mult_common  c_w.l(btod.o)
    0x08001cd2   0x08001cd2   0x00000002   Code   RO          291    i.BusFault_Handler  stm32f4xx_it.o
    0x08001cd4   0x08001cd4   0x0000000c   Code   RO          292    i.DMA1_Stream1_IRQHandler  stm32f4xx_it.o
    0x08001ce0   0x08001ce0   0x0000000c   Code   RO          293    i.DMA2_Stream7_IRQHandler  stm32f4xx_it.o
    0x08001cec   0x08001cec   0x00000028   Code   RO         1237    i.DMA_CalcBaseAndBitshift  stm32f4xx_hal_dma.o
    0x08001d14   0x08001d14   0x00000054   Code   RO         1238    i.DMA_CheckFifoParam  stm32f4xx_hal_dma.o
    0x08001d68   0x08001d68   0x00000028   Code   RO         1239    i.DMA_SetConfig     stm32f4xx_hal_dma.o
    0x08001d90   0x08001d90   0x00000002   Code   RO          294    i.DebugMon_Handler  stm32f4xx_it.o
    0x08001d92   0x08001d92   0x00000004   Code   RO           13    i.Error_Handler     main.o
    0x08001d96   0x08001d96   0x00000092   Code   RO         1240    i.HAL_DMA_Abort     stm32f4xx_hal_dma.o
    0x08001e28   0x08001e28   0x00000024   Code   RO         1241    i.HAL_DMA_Abort_IT  stm32f4xx_hal_dma.o
    0x08001e4c   0x08001e4c   0x000001a0   Code   RO         1245    i.HAL_DMA_IRQHandler  stm32f4xx_hal_dma.o
    0x08001fec   0x08001fec   0x000000d4   Code   RO         1246    i.HAL_DMA_Init      stm32f4xx_hal_dma.o
    0x080020c0   0x080020c0   0x0000006e   Code   RO         1250    i.HAL_DMA_Start_IT  stm32f4xx_hal_dma.o
    0x0800212e   0x0800212e   0x00000002   PAD
    0x08002130   0x08002130   0x00000024   Code   RO         1677    i.HAL_Delay         stm32f4xx_hal.o
    0x08002154   0x08002154   0x000001f0   Code   RO         1133    i.HAL_GPIO_Init     stm32f4xx_hal_gpio.o
    0x08002344   0x08002344   0x00000010   Code   RO         1136    i.HAL_GPIO_TogglePin  stm32f4xx_hal_gpio.o
    0x08002354   0x08002354   0x0000000a   Code   RO         1137    i.HAL_GPIO_WritePin  stm32f4xx_hal_gpio.o
    0x0800235e   0x0800235e   0x00000002   PAD
    0x08002360   0x08002360   0x0000000c   Code   RO         1683    i.HAL_GetTick       stm32f4xx_hal.o
    0x0800236c   0x0800236c   0x00000010   Code   RO         1689    i.HAL_IncTick       stm32f4xx_hal.o
    0x0800237c   0x0800237c   0x00000034   Code   RO         1690    i.HAL_Init          stm32f4xx_hal.o
    0x080023b0   0x080023b0   0x00000040   Code   RO         1691    i.HAL_InitTick      stm32f4xx_hal.o
    0x080023f0   0x080023f0   0x00000030   Code   RO          391    i.HAL_MspInit       stm32f4xx_hal_msp.o
    0x08002420   0x08002420   0x0000001a   Code   RO         1525    i.HAL_NVIC_EnableIRQ  stm32f4xx_hal_cortex.o
    0x0800243a   0x0800243a   0x00000002   PAD
    0x0800243c   0x0800243c   0x00000040   Code   RO         1531    i.HAL_NVIC_SetPriority  stm32f4xx_hal_cortex.o
    0x0800247c   0x0800247c   0x00000024   Code   RO         1532    i.HAL_NVIC_SetPriorityGrouping  stm32f4xx_hal_cortex.o
    0x080024a0   0x080024a0   0x00000134   Code   RO          779    i.HAL_RCC_ClockConfig  stm32f4xx_hal_rcc.o
    0x080025d4   0x080025d4   0x00000020   Code   RO          786    i.HAL_RCC_GetPCLK1Freq  stm32f4xx_hal_rcc.o
    0x080025f4   0x080025f4   0x00000020   Code   RO          787    i.HAL_RCC_GetPCLK2Freq  stm32f4xx_hal_rcc.o
    0x08002614   0x08002614   0x00000064   Code   RO          788    i.HAL_RCC_GetSysClockFreq  stm32f4xx_hal_rcc.o
    0x08002678   0x08002678   0x0000036c   Code   RO          791    i.HAL_RCC_OscConfig  stm32f4xx_hal_rcc.o
    0x080029e4   0x080029e4   0x00000028   Code   RO         1536    i.HAL_SYSTICK_Config  stm32f4xx_hal_cortex.o
    0x08002a0c   0x08002a0c   0x0000004a   Code   RO          425    i.HAL_UARTEx_ReceiveToIdle_DMA  stm32f4xx_hal_uart.o
    0x08002a56   0x08002a56   0x00000002   PAD
    0x08002a58   0x08002a58   0x0000015c   Code   RO           14    i.HAL_UARTEx_RxEventCallback  main.o
    0x08002bb4   0x08002bb4   0x00000002   Code   RO          441    i.HAL_UART_ErrorCallback  stm32f4xx_hal_uart.o
    0x08002bb6   0x08002bb6   0x00000002   PAD
    0x08002bb8   0x08002bb8   0x00000280   Code   RO          444    i.HAL_UART_IRQHandler  stm32f4xx_hal_uart.o
    0x08002e38   0x08002e38   0x00000064   Code   RO          445    i.HAL_UART_Init     stm32f4xx_hal_uart.o
    0x08002e9c   0x08002e9c   0x00000144   Code   RO          244    i.HAL_UART_MspInit  usart.o
    0x08002fe0   0x08002fe0   0x00000002   Code   RO          451    i.HAL_UART_RxCpltCallback  stm32f4xx_hal_uart.o
    0x08002fe2   0x08002fe2   0x00000002   Code   RO          452    i.HAL_UART_RxHalfCpltCallback  stm32f4xx_hal_uart.o
    0x08002fe4   0x08002fe4   0x00000084   Code   RO          454    i.HAL_UART_Transmit_DMA  stm32f4xx_hal_uart.o
    0x08003068   0x08003068   0x00000018   Code   RO           15    i.HAL_UART_TxCpltCallback  main.o
    0x08003080   0x08003080   0x00000002   Code   RO          457    i.HAL_UART_TxHalfCpltCallback  stm32f4xx_hal_uart.o
    0x08003082   0x08003082   0x00000002   Code   RO          295    i.HardFault_Handler  stm32f4xx_it.o
    0x08003084   0x08003084   0x0000004c   Code   RO          219    i.MX_DMA_Init       dma.o
    0x080030d0   0x080030d0   0x00000080   Code   RO          195    i.MX_GPIO_Init      gpio.o
    0x08003150   0x08003150   0x00000038   Code   RO          245    i.MX_USART1_UART_Init  usart.o
    0x08003188   0x08003188   0x00000038   Code   RO          246    i.MX_USART3_UART_Init  usart.o
    0x080031c0   0x080031c0   0x00000002   Code   RO          296    i.MemManage_Handler  stm32f4xx_it.o
    0x080031c2   0x080031c2   0x00000002   Code   RO          297    i.NMI_Handler       stm32f4xx_it.o
    0x080031c4   0x080031c4   0x00000002   Code   RO          298    i.PendSV_Handler    stm32f4xx_it.o
    0x080031c6   0x080031c6   0x00000002   PAD
    0x080031c8   0x080031c8   0x00000060   Code   RO           16    i.RC_Init           main.o
    0x08003228   0x08003228   0x00000002   Code   RO          299    i.SVC_Handler       stm32f4xx_it.o
    0x0800322a   0x0800322a   0x00000004   Code   RO          300    i.SysTick_Handler   stm32f4xx_it.o
    0x0800322e   0x0800322e   0x00000002   PAD
    0x08003230   0x08003230   0x00000094   Code   RO           17    i.SystemClock_Config  main.o
    0x080032c4   0x080032c4   0x00000010   Code   RO         1929    i.SystemInit        system_stm32f4xx.o
    0x080032d4   0x080032d4   0x0000000e   Code   RO          458    i.UART_DMAAbortOnError  stm32f4xx_hal_uart.o
    0x080032e2   0x080032e2   0x0000004a   Code   RO          459    i.UART_DMAError     stm32f4xx_hal_uart.o
    0x0800332c   0x0800332c   0x00000086   Code   RO          460    i.UART_DMAReceiveCplt  stm32f4xx_hal_uart.o
    0x080033b2   0x080033b2   0x0000001e   Code   RO          462    i.UART_DMARxHalfCplt  stm32f4xx_hal_uart.o
    0x080033d0   0x080033d0   0x00000042   Code   RO          464    i.UART_DMATransmitCplt  stm32f4xx_hal_uart.o
    0x08003412   0x08003412   0x0000000a   Code   RO          466    i.UART_DMATxHalfCplt  stm32f4xx_hal_uart.o
    0x0800341c   0x0800341c   0x0000004e   Code   RO          468    i.UART_EndRxTransfer  stm32f4xx_hal_uart.o
    0x0800346a   0x0800346a   0x0000001c   Code   RO          469    i.UART_EndTxTransfer  stm32f4xx_hal_uart.o
    0x08003486   0x08003486   0x000000c2   Code   RO          470    i.UART_Receive_IT   stm32f4xx_hal_uart.o
    0x08003548   0x08003548   0x0000010c   Code   RO          471    i.UART_SetConfig    stm32f4xx_hal_uart.o
    0x08003654   0x08003654   0x000000a0   Code   RO          472    i.UART_Start_Receive_DMA  stm32f4xx_hal_uart.o
    0x080036f4   0x080036f4   0x0000000c   Code   RO          301    i.USART1_IRQHandler  stm32f4xx_it.o
    0x08003700   0x08003700   0x0000000c   Code   RO          302    i.USART3_IRQHandler  stm32f4xx_it.o
    0x0800370c   0x0800370c   0x00000002   Code   RO          303    i.UsageFault_Handler  stm32f4xx_it.o
    0x0800370e   0x0800370e   0x00000030   Code   RO         2168    i.__ARM_fpclassify  m_wm.l(fpclassify.o)
    0x0800373e   0x0800373e   0x00000020   Code   RO         1538    i.__NVIC_SetPriority  stm32f4xx_hal_cortex.o
    0x0800375e   0x0800375e   0x0000000e   Code   RO         2038    i._is_digit         c_w.l(__printf_wp.o)
    0x0800376c   0x0800376c   0x00000078   Code   RO           18    i.main              main.o
    0x080037e4   0x080037e4   0x000000b4   Code   RO           19    i.sbus_to_rc        main.o
    0x08003898   0x08003898   0x00000034   Code   RO           20    i.uart_printf       main.o
    0x080038cc   0x080038cc   0x00000024   Code   RO           21    i.usart1_tx_dma_enable  main.o
    0x080038f0   0x080038f0   0x0000002c   Code   RO         2151    locale$$code        c_w.l(lc_numeric_c.o)
    0x0800391c   0x0800391c   0x0000002c   Code   RO         2178    locale$$code        c_w.l(lc_ctype_c.o)
    0x08003948   0x08003948   0x0000000a   Code   RO         2246    x$fpl$fpinit        fz_wm.l(fpinit.o)
    0x08003952   0x08003952   0x00000004   Code   RO         2071    x$fpl$printf1       fz_wm.l(printf1.o)
    0x08003956   0x08003956   0x00000004   Code   RO         2073    x$fpl$printf2       fz_wm.l(printf2.o)
    0x0800395a   0x0800395a   0x00000000   Code   RO         2167    x$fpl$usenofp       fz_wm.l(usenofp.o)
    0x0800395a   0x0800395a   0x00000008   Data   RO         1252    .constdata          stm32f4xx_hal_dma.o
    0x08003962   0x08003962   0x00000010   Data   RO         1930    .constdata          system_stm32f4xx.o
    0x08003972   0x08003972   0x00000008   Data   RO         1931    .constdata          system_stm32f4xx.o
    0x0800397a   0x0800397a   0x00000002   PAD
    0x0800397c   0x0800397c   0x00000008   Data   RO         1997    .constdata          c_w.l(_printf_wctomb.o)
    0x08003984   0x08003984   0x00000028   Data   RO         2026    .constdata          c_w.l(_printf_hex_int_ll_ptr.o)
    0x080039ac   0x080039ac   0x00000011   Data   RO         2046    .constdata          c_w.l(__printf_flags_ss_wp.o)
    0x080039bd   0x080039bd   0x00000026   Data   RO         2103    .constdata          c_w.l(_printf_fp_hex.o)
    0x080039e3   0x080039e3   0x00000001   PAD
    0x080039e4   0x080039e4   0x00000094   Data   RO         2126    .constdata          c_w.l(bigflt0.o)
    0x08003a78   0x08003a78   0x00000020   Data   RO         2304    Region$$Table       anon$$obj.o
    0x08003a98   0x08003a98   0x0000001c   Data   RO         2150    locale$$data        c_w.l(lc_numeric_c.o)
    0x08003ab4   0x08003ab4   0x00000110   Data   RO         2177    locale$$data        c_w.l(lc_ctype_c.o)


    Execution Region RW_IRAM1 (Exec base: 0x20000000, Load base: 0x08003bc4, Size: 0x00000820, Max: 0x0001c000, ABSOLUTE)

    Exec Addr    Load Addr    Size         Type   Attr      Idx    E Section Name        Object

    0x20000000   0x08003bc4   0x00000002   Data   RW           23    .data               main.o
    0x20000002   0x08003bc6   0x00000002   PAD
    0x20000004   0x08003bc8   0x0000000c   Data   RW         1697    .data               stm32f4xx_hal.o
    0x20000010   0x08003bd4   0x00000004   Data   RW         1932    .data               system_stm32f4xx.o
    0x20000014        -       0x00000056   Zero   RW           22    .bss                main.o
    0x2000006a   0x08003bd8   0x00000002   PAD
    0x2000006c        -       0x00000150   Zero   RW          247    .bss                usart.o
    0x200001bc        -       0x00000060   Zero   RW         2171    .bss                c_w.l(libspace.o)
    0x2000021c   0x08003bd8   0x00000004   PAD
    0x20000220        -       0x00000200   Zero   RW            2    HEAP                startup_stm32f407xx.o
    0x20000420        -       0x00000400   Zero   RW            1    STACK               startup_stm32f407xx.o


    Execution Region RW_IRAM2 (Exec base: 0x2001c000, Load base: 0x08003bd8, Size: 0x00000000, Max: 0x00004000, ABSOLUTE)

    **** No section assigned to this execution region ****


==============================================================================

Image component sizes


      Code (inc. data)   RO Data    RW Data    ZI Data      Debug   Object Name

        76          4          0          0          0        806   dma.o
       128         10          0          0          0        943   gpio.o
      1008        238          0          2         86     664479   main.o
        64         26        392          0       1536        836   startup_stm32f407xx.o
       180         28          0         12          0       9357   stm32f4xx_hal.o
       198         14          0          0          0      33775   stm32f4xx_hal_cortex.o
      1084         16          8          0          0       7286   stm32f4xx_hal_dma.o
       522         46          0          0          0       2805   stm32f4xx_hal_gpio.o
        48          6          0          0          0        846   stm32f4xx_hal_msp.o
      1348         76          0          0          0       5212   stm32f4xx_hal_rcc.o
      2010         40          0          0          0      14769   stm32f4xx_hal_uart.o
        68         24          0          0          0       5974   stm32f4xx_it.o
        16          4         24          4          0       1103   system_stm32f4xx.o
       436         48          0          0        336       2577   usart.o

    ----------------------------------------------------------------------
      7200        580        458         20       1960     750768   Object Totals
         0          0         32          0          0          0   (incl. Generated)
        14          0          2          2          2          0   (incl. Padding)

    ----------------------------------------------------------------------

      Code (inc. data)   RO Data    RW Data    ZI Data      Debug   Library Member Name

         8          0          0          0          0         68   __main.o
       392          4         17          0          0         92   __printf_flags_ss_wp.o
        14          0          0          0          0         68   __printf_wp.o
         0          0          0          0          0          0   __rtentry.o
        12          0          0          0          0          0   __rtentry2.o
         6          0          0          0          0          0   __rtentry4.o
        52          8          0          0          0          0   __scatter.o
        26          0          0          0          0          0   __scatter_copy.o
        28          0          0          0          0          0   __scatter_zi.o
         6          0          0          0          0          0   _printf_a.o
         6          0          0          0          0          0   _printf_c.o
        44          0          0          0          0        108   _printf_char.o
        48          6          0          0          0         96   _printf_char_common.o
        40          0          0          0          0         68   _printf_charcount.o
         6          0          0          0          0          0   _printf_d.o
       120         16          0          0          0         92   _printf_dec.o
         6          0          0          0          0          0   _printf_e.o
         6          0          0          0          0          0   _printf_f.o
      1054          0          0          0          0        216   _printf_fp_dec.o
       764          8         38          0          0        100   _printf_fp_hex.o
       128         16          0          0          0         84   _printf_fp_infnan.o
         6          0          0          0          0          0   _printf_g.o
       148          4         40          0          0        160   _printf_hex_int_ll_ptr.o
         6          0          0          0          0          0   _printf_i.o
       178          0          0          0          0         88   _printf_intcommon.o
        10          0          0          0          0          0   _printf_l.o
         6          0          0          0          0          0   _printf_lc.o
        10          0          0          0          0          0   _printf_ll.o
         6          0          0          0          0          0   _printf_lld.o
         6          0          0          0          0          0   _printf_lli.o
         6          0          0          0          0          0   _printf_llo.o
         6          0          0          0          0          0   _printf_llu.o
         6          0          0          0          0          0   _printf_llx.o
       124         16          0          0          0         92   _printf_longlong_dec.o
         6          0          0          0          0          0   _printf_ls.o
         6          0          0          0          0          0   _printf_n.o
         6          0          0          0          0          0   _printf_o.o
       112         10          0          0          0        124   _printf_oct_int_ll.o
         6          0          0          0          0          0   _printf_p.o
        78          0          0          0          0        108   _printf_pad.o
         0          0          0          0          0          0   _printf_percent.o
         4          0          0          0          0          0   _printf_percent_end.o
         6          0          0          0          0          0   _printf_s.o
        82          0          0          0          0         80   _printf_str.o
        36          0          0          0          0         84   _printf_truncate.o
         6          0          0          0          0          0   _printf_u.o
        44          0          0          0          0        108   _printf_wchar.o
       188          6          8          0          0         92   _printf_wctomb.o
         6          0          0          0          0          0   _printf_x.o
        10          0          0          0          0         68   _sputc.o
        64          0          0          0          0         92   _wcrtomb.o
       228          4        148          0          0         96   bigflt0.o
      1936        128          0          0          0        672   btod.o
        18          0          0          0          0         80   exit.o
         6          0          0          0          0        152   heapauxi.o
         0          0          0          0          0          0   indicate_semi.o
        44         10        272          0          0         76   lc_ctype_c.o
        44         10         28          0          0         76   lc_numeric_c.o
         2          0          0          0          0          0   libinit.o
        34          0          0          0          0          0   libinit2.o
         2          0          0          0          0          0   libshutdown.o
         2          0          0          0          0          0   libshutdown2.o
         8          4          0          0         96         68   libspace.o
       138          0          0          0          0         80   lludiv10.o
       238          0          0          0          0        100   lludivv7m.o
        16          4          0          0          0         76   rt_ctype_table.o
         8          4          0          0          0         68   rt_locale_intlibspace.o
        78          0          0          0          0         80   rt_memclr_w.o
         2          0          0          0          0          0   rtexit.o
        10          0          0          0          0          0   rtexit2.o
       128          0          0          0          0         68   strcmpv7m.o
        12          4          0          0          0         68   sys_exit.o
        74          0          0          0          0         80   sys_stackheap_outer.o
         2          0          0          0          0         68   use_no_semi.o
        36          4          0          0          0         76   vsprintf.o
        10          0          0          0          0        116   fpinit.o
         4          0          0          0          0        116   printf1.o
         4          0          0          0          0        116   printf2.o
         0          0          0          0          0          0   usenofp.o
        48          0          0          0          0        124   fpclassify.o

    ----------------------------------------------------------------------
      7090        266        552          0        100       4544   Library Totals
        14          0          1          0          4          0   (incl. Padding)

    ----------------------------------------------------------------------

      Code (inc. data)   RO Data    RW Data    ZI Data      Debug   Library Name

      7010        266        551          0         96       4072   c_w.l
        18          0          0          0          0        348   fz_wm.l
        48          0          0          0          0        124   m_wm.l

    ----------------------------------------------------------------------
      7090        266        552          0        100       4544   Library Totals

    ----------------------------------------------------------------------

==============================================================================


      Code (inc. data)   RO Data    RW Data    ZI Data      Debug   

     14290        846       1010         20       2060     746128   Grand Totals
     14290        846       1010         20       2060     746128   ELF Image Totals
     14290        846       1010         20          0          0   ROM Totals

==============================================================================

    Total RO  Size (Code + RO Data)                15300 (  14.94kB)
    Total RW  Size (RW Data + ZI Data)              2080 (   2.03kB)
    Total ROM Size (Code + RO Data + RW Data)      15320 (  14.96kB)

==============================================================================

